epoch,accuracy,dice_coef,loss,lr,mean_io_u,precision,sensitivity,specificity,val_accuracy,val_dice_coef,val_loss,val_mean_io_u,val_precision,val_sensitivity,val_specificity
0,0.9468293190002441,0.46128618717193604,0.5631892085075378,1e-04,0.7559146881103516,0.9585719108581543,0.9371495246887207,0.9866417646408081,0.959306001663208,0.42582905292510986,0.6186780333518982,0.6795400381088257,0.959460437297821,0.9587624073028564,0.9864915609359741
1,0.9641015529632568,0.6040143370628357,0.4031199812889099,1e-04,0.7646067142486572,0.9654936790466309,0.9619434475898743,0.9885311126708984,0.974449098110199,0.678174614906311,0.34282809495925903,0.8677178621292114,0.974345862865448,0.9737074971199036,0.9914529919624329
2,0.971784770488739,0.6631201505661011,0.34722989797592163,1e-04,0.7817144393920898,0.9716933965682983,0.9710130095481873,0.9905697703361511,0.9716475009918213,0.6749036312103271,0.33653315901756287,0.8713996410369873,0.9713560938835144,0.9710220694541931,0.9904595017433167
3,0.9773024916648865,0.7055509090423584,0.30592817068099976,1e-04,0.8221925497055054,0.9770136475563049,0.9767094850540161,0.9923416972160339,0.9740595817565918,0.7036667466163635,0.30384382605552673,0.8055557012557983,0.9738308787345886,0.9734151363372803,0.9912802577018738
4,0.9783043265342712,0.7148721218109131,0.29428568482398987,1e-04,0.8117733597755432,0.9780030250549316,0.9777340292930603,0.9926695823669434,0.9777826070785522,0.7108941674232483,0.2958821952342987,0.887585461139679,0.9775317311286926,0.9772562980651855,0.9925140738487244
5,0.9799488186836243,0.7268937230110168,0.28888773918151855,1e-04,0.854488730430603,0.9796274304389954,0.979452908039093,0.9932113885879517,0.9828202724456787,0.7517994046211243,0.2640739679336548,0.8943752646446228,0.9825243353843689,0.9823977947235107,0.9941777586936951
6,0.9811984896659851,0.7418206334114075,0.276082307100296,1e-04,0.8636385202407837,0.9808689951896667,0.9807306528091431,0.9936249256134033,0.9834770560264587,0.7694622278213501,0.2670190930366516,0.8410938382148743,0.9831732511520386,0.9831221699714661,0.994394838809967
7,0.9826751947402954,0.7510519623756409,0.26350921392440796,1e-04,0.8721491098403931,0.9823409914970398,0.9822173714637756,0.994116485118866,0.9811854362487793,0.7459482550621033,0.2640252113342285,0.9209499359130859,0.9808979630470276,0.9808076620101929,0.9936361312866211
8,0.9859933257102966,0.7815552353858948,0.24093440175056458,2e-05,0.9155608415603638,0.98562091588974,0.9855674505233765,0.9952081441879272,0.9857742786407471,0.7944810390472412,0.23652726411819458,0.9177426695823669,0.9854149222373962,0.9853713512420654,0.9951379895210266
9,0.9867221713066101,0.7857648134231567,0.23226387798786163,2e-05,0.9196335077285767,0.9863412380218506,0.9862884283065796,0.9954485893249512,0.9862490296363831,0.780220627784729,0.23639243841171265,0.9122390747070312,0.9858920574188232,0.9858461022377014,0.9952993392944336
10,0.9876012206077576,0.7944451570510864,0.22527818381786346,2e-05,0.9277666211128235,0.9872251152992249,0.9871678352355957,0.9957422614097595,0.9871575832366943,0.7874755263328552,0.2331351339817047,0.9192097187042236,0.9867992401123047,0.9867568016052246,0.9956008791923523
11,0.9877485632896423,0.7861988544464111,0.23429353535175323,2e-05,0.9242163896560669,0.9873852133750916,0.9873188138008118,0.9957970976829529,0.9876186847686768,0.7903550267219543,0.23040159046649933,0.9309489727020264,0.9872735738754272,0.9872424006462097,0.995760440826416
12,0.9871641397476196,0.8044131398200989,0.2238590270280838,2e-05,0.9538478255271912,0.9868527054786682,0.9868423938751221,0.9956199526786804,0.9874100089073181,0.8128424882888794,0.20564360916614532,0.9594086408615112,0.9870952367782593,0.9871078133583069,0.995700478553772
13,0.9874076843261719,0.8076106905937195,0.20955844223499298,2e-05,0.9548373222351074,0.9870691299438477,0.9870693683624268,0.9956912398338318,0.9876710176467896,0.8125367164611816,0.20493152737617493,0.9538748860359192,0.9873414039611816,0.9873455166816711,0.995782732963562
14,0.9887019395828247,0.8228580355644226,0.19148670136928558,2e-05,0.9545544385910034,0.988351583480835,0.9883518218994141,0.9961191415786743,0.9867340922355652,0.8060860633850098,0.2186756581068039,0.9680900573730469,0.9864640235900879,0.9864834547042847,0.9954910278320312
15,0.9869425296783447,0.8098101019859314,0.21651582419872284,2e-05,0.943581223487854,0.9865964651107788,0.9865988492965698,0.9955335259437561,0.9868742823600769,0.8164967894554138,0.19950638711452484,0.9443193078041077,0.9865270256996155,0.9865386486053467,0.995511531829834
16,0.9876488447189331,0.8195497989654541,0.19784650206565857,2e-05,0.9487395882606506,0.9872913956642151,0.9872948527336121,0.995765209197998,0.9878779053688049,0.8206542730331421,0.1941687911748886,0.9562450647354126,0.987533450126648,0.9875466823577881,0.9958471655845642
17,0.9877132773399353,0.8191365599632263,0.19803674519062042,2e-05,0.9447606205940247,0.9873547554016113,0.9873598217964172,0.9957869648933411,0.9875346422195435,0.8249987959861755,0.19041205942630768,0.9451578855514526,0.9872046709060669,0.9872245192527771,0.9957379698753357
18,0.9885918498039246,0.8279862999916077,0.18583671748638153,2e-05,0.9474083185195923,0.9882256388664246,0.9882320761680603,0.9960763454437256,0.9887886643409729,0.831174373626709,0.18136802315711975,0.9562889337539673,0.9884394407272339,0.9884548783302307,0.9961482882499695
19,0.9885247945785522,0.8227671980857849,0.19263817369937897,2e-05,0.9491229057312012,0.9881521463394165,0.9881609678268433,0.9960532784461975,0.9879518151283264,0.8177064061164856,0.19375625252723694,0.9613695740699768,0.9876641631126404,0.9876760840415955,0.9958903789520264
20,0.9882550835609436,0.8281658291816711,0.18723377585411072,2e-05,0.9422916769981384,0.9878923892974854,0.9879008531570435,0.9959663152694702,0.9883579015731812,0.8246109485626221,0.18659493327140808,0.9537047743797302,0.9880185127258301,0.9880326986312866,0.9960088729858398
21,0.9891723394393921,0.836509644985199,0.17369011044502258,4e-06,0.9499020576477051,0.9887851476669312,0.9887927770614624,0.9962629079818726,0.9887502789497375,0.8314362168312073,0.17948676645755768,0.9574459791183472,0.9884127974510193,0.9884296655654907,0.9961405396461487
22,0.9892432689666748,0.8347392678260803,0.17920340597629547,4e-06,0.9512925148010254,0.9888508915901184,0.988860547542572,0.9962858557701111,0.9884849786758423,0.8298090100288391,0.18012911081314087,0.9543390870094299,0.9881357550621033,0.9881518483161926,0.996048092842102
23,0.9893590211868286,0.8358781933784485,0.17515121400356293,4e-06,0.951270580291748,0.9889691472053528,0.9889813661575317,0.9963254928588867,0.9887954592704773,0.8333536982536316,0.17774714529514313,0.9550371766090393,0.9884475469589233,0.9884620904922485,0.9961502552032471
24,0.9894365668296814,0.8324658870697021,0.1804901510477066,4e-06,0.9523792266845703,0.9890516996383667,0.989057719707489,0.9963522553443909,0.9888991713523865,0.830910861492157,0.17970356345176697,0.9586007595062256,0.9885571002960205,0.9885738492012024,0.9961874485015869
25,0.9897698163986206,0.8435976505279541,0.16746488213539124,4e-06,0.9542747735977173,0.9893702268600464,0.9893768429756165,0.9964580535888672,0.9888668060302734,0.8349926471710205,0.17630432546138763,0.953842043876648,0.9885073304176331,0.9885219931602478,0.9961714148521423
26,0.9895381331443787,0.8322314620018005,0.17903095483779907,4e-06,0.9554451704025269,0.9891482591629028,0.9891605973243713,0.9963842630386353,0.9889090061187744,0.8296232223510742,0.18150119483470917,0.9553700685501099,0.9885465502738953,0.9885591864585876,0.9961844682693481
27,0.9899759888648987,0.8433529138565063,0.16787806153297424,4e-06,0.9605013132095337,0.9895915985107422,0.9896019697189331,0.9965325593948364,0.9886525273323059,0.8340385556221008,0.17612886428833008,0.9635093808174133,0.9883189797401428,0.9883382320404053,0.9961087107658386
28,0.9902274012565613,0.8474134206771851,0.1612108051776886,4e-06,0.9609437584877014,0.9898374676704407,0.9898496866226196,0.9966139197349548,0.9889805912971497,0.8326447010040283,0.17918938398361206,0.9616973996162415,0.9886428713798523,0.9886568784713745,0.9962169528007507
29,0.9899188280105591,0.8423835039138794,0.167096346616745,4e-06,0.9593995809555054,0.9895317554473877,0.9895431399345398,0.9965124130249023,0.9889299273490906,0.83526611328125,0.1760714054107666,0.9646037817001343,0.9885976314544678,0.9886199235916138,0.9962010383605957
30,0.990066647529602,0.8451125025749207,0.16464129090309143,1e-06,0.9606481194496155,0.9896805286407471,0.9896960258483887,0.9965626001358032,0.9890027046203613,0.8331788182258606,0.17663778364658356,0.9624147415161133,0.9886581897735596,0.9886748194694519,0.9962215423583984
31,0.9899561405181885,0.841360867023468,0.16562508046627045,1e-06,0.9587582945823669,0.9895668625831604,0.9895735383033752,0.9965242743492126,0.9887413382530212,0.83087158203125,0.17865990102291107,0.9618083834648132,0.9883967041969299,0.9884088039398193,0.9961334466934204
32,0.990308940410614,0.8437091708183289,0.16747336089611053,1e-06,0.9611271619796753,0.9899235367774963,0.9899325966835022,0.996643602848053,0.9889512062072754,0.8335047364234924,0.17618143558502197,0.9626396894454956,0.988608181476593,0.9886209964752197,0.9962030053138733
33,0.9901058077812195,0.8445019721984863,0.16610705852508545,1e-06,0.9612755179405212,0.989716112613678,0.9897278547286987,0.9965735673904419,0.9889975190162659,0.8341405391693115,0.1759321689605713,0.9621119499206543,0.9886510968208313,0.9886667728424072,0.9962196946144104
34,0.9899095892906189,0.8390483260154724,0.16956785321235657,1e-06,0.9598259925842285,0.9895283579826355,0.9895375967025757,0.9965111613273621,0.9888535737991333,0.8318272829055786,0.1794120967388153,0.9603896141052246,0.9885087013244629,0.9885229468345642,0.996171772480011
35,0.9904125928878784,0.8504559993743896,0.1578219085931778,1e-06,0.9602841138839722,0.9900118708610535,0.9900203943252563,0.9966727495193481,0.9889382123947144,0.8322777152061462,0.17852292954921722,0.9618831872940063,0.9885960817337036,0.9886103272438049,0.9962007999420166
36,0.9902979135513306,0.8470920324325562,0.16132491827011108,1e-06,0.9598625898361206,0.9899052977561951,0.9899155497550964,0.9966365098953247,0.9889295697212219,0.8334013223648071,0.17752322554588318,0.9614496231079102,0.9885857105255127,0.9885998368263245,0.9961976408958435
37,0.990028977394104,0.8431867361068726,0.16614528000354767,1e-06,0.9603506326675415,0.9896405339241028,0.9896519780158997,0.9965484738349915,0.9889087677001953,0.8339029550552368,0.17629916965961456,0.9616143703460693,0.9885690808296204,0.9885832071304321,0.9961913824081421
38,0.9902903437614441,0.8440279364585876,0.1632271409034729,1e-06,0.958717405796051,0.9898837804794312,0.9898888468742371,0.9966301918029785,0.9889891147613525,0.83376145362854,0.17659996449947357,0.9644522666931152,0.9886520504951477,0.9886664152145386,0.9962204694747925
39,0.9902944564819336,0.8433955907821655,0.16505832970142365,1e-06,0.9618850946426392,0.9899062514305115,0.9899155497550964,0.9966369271278381,0.9890225529670715,0.8347845077514648,0.17534928023815155,0.9640905857086182,0.9886844754219055,0.9886997938156128,0.9962301850318909
40,0.9899517297744751,0.8407232165336609,0.16908977925777435,1e-06,0.9621496200561523,0.9895663857460022,0.9895775318145752,0.9965240359306335,0.988929033279419,0.8324264287948608,0.1782362312078476,0.9614744782447815,0.9885827302932739,0.9885978698730469,0.9961955547332764
41,0.9904868006706238,0.8473250865936279,0.16089928150177002,1e-06,0.9600087404251099,0.9900928139686584,0.9901008605957031,0.9967000484466553,0.9889994859695435,0.8332241773605347,0.17614337801933289,0.9631258249282837,0.9886579513549805,0.9886730313301086,0.9962208867073059
42,0.9902874231338501,0.8416942954063416,0.16719819605350494,1e-06,0.963027834892273,0.9899033308029175,0.9899176955223083,0.9966371059417725,0.9889705777168274,0.8334617018699646,0.17627717554569244,0.9626951217651367,0.9886332154273987,0.9886477589607239,0.9962137341499329
43,0.9903009533882141,0.8436108827590942,0.16617751121520996,1e-06,0.9611334800720215,0.9899153709411621,0.9899265766143799,0.9966402053833008,0.989059567451477,0.8338596224784851,0.17651468515396118,0.9631328582763672,0.9887200593948364,0.9887357354164124,0.9962422251701355
44,0.9904431104660034,0.8526837825775146,0.1555871069431305,1e-06,0.9599547386169434,0.9900440573692322,0.9900540113449097,0.9966839551925659,0.9890263080596924,0.8333381414413452,0.1771044135093689,0.9631688594818115,0.9886857867240906,0.9887014031410217,0.996230959892273
45,0.9903540015220642,0.8441798090934753,0.16561347246170044,1e-06,0.9615288972854614,0.9899691343307495,0.9899783134460449,0.9966576099395752,0.9888980984687805,0.8313111662864685,0.1797553300857544,0.9617206454277039,0.9885562062263489,0.9885716438293457,0.9961879253387451
46,0.990378201007843,0.84678053855896,0.16405153274536133,1e-06,0.9606443047523499,0.9899911880493164,0.9900031089782715,0.996665358543396,0.9891343116760254,0.8348201513290405,0.17484503984451294,0.9638470411300659,0.9887962341308594,0.9888126850128174,0.9962685704231262
47,0.9905297756195068,0.8476566076278687,0.1620623916387558,1e-06,0.9603025913238525,0.9901363253593445,0.9901484847068787,0.9967142343521118,0.989122211933136,0.8345708847045898,0.17604482173919678,0.9644876718521118,0.9887830018997192,0.9887990355491638,0.9962627291679382
48,0.9906648397445679,0.8530250191688538,0.15551552176475525,1e-06,0.9634477496147156,0.9902777075767517,0.9902911186218262,0.996761679649353,0.9891095161437988,0.8362222909927368,0.17438863217830658,0.9645389318466187,0.9887740612030029,0.988789975643158,0.9962593913078308
49,0.9904254078865051,0.8539518117904663,0.15482255816459656,1e-06,0.9616789817810059,0.9900385141372681,0.9900445342063904,0.9966815710067749,0.9890624284744263,0.8340492844581604,0.1762666404247284,0.9634749889373779,0.988724410533905,0.9887404441833496,0.9962435960769653
50,0.9904184937477112,0.8457204699516296,0.16366030275821686,1e-06,0.9607691764831543,0.990028440952301,0.9900379776954651,0.9966779351234436,0.9890717267990112,0.8338589668273926,0.17624062299728394,0.962669849395752,0.9887287020683289,0.98874431848526,0.9962447881698608
51,0.9905189871788025,0.845645010471344,0.164272278547287,1e-06,0.9623502492904663,0.9901354312896729,0.9901425242424011,0.9967134594917297,0.9891778230667114,0.8362376093864441,0.1745150238275528,0.96389240026474,0.9888378381729126,0.9888538122177124,0.9962801933288574
52,0.9908145666122437,0.8522685170173645,0.15674668550491333,1e-06,0.9624820947647095,0.9904212951660156,0.9904321432113647,0.9968090057373047,0.9891155958175659,0.8350945711135864,0.17523819208145142,0.9642320871353149,0.9887745380401611,0.9887891411781311,0.996260404586792
53,0.9904646873474121,0.8497903943061829,0.1599704772233963,1e-06,0.9626812934875488,0.9900698065757751,0.9900833368301392,0.99669349193573,0.9891500473022461,0.8344100117683411,0.17572972178459167,0.9656040668487549,0.9888150095939636,0.9888295531272888,0.9962729811668396
54,0.9906357526779175,0.8521563410758972,0.1558857262134552,1e-06,0.9631193280220032,0.9902415871620178,0.990251362323761,0.9967494010925293,0.9890481233596802,0.8334057331085205,0.17605100572109222,0.9640237092971802,0.9887056350708008,0.9887186288833618,0.9962361454963684
55,0.9904929399490356,0.8524057269096375,0.15567512810230255,1e-06,0.9618767499923706,0.990091860294342,0.9900989532470703,0.9966990947723389,0.9890642762184143,0.8330201506614685,0.1775665283203125,0.9654302597045898,0.9887255430221558,0.9887409806251526,0.9962438344955444
56,0.9905429482460022,0.852625846862793,0.15603573620319366,1e-06,0.963665783405304,0.9901483654975891,0.990157961845398,0.9967175126075745,0.9891452193260193,0.8340718746185303,0.17631584405899048,0.9658466577529907,0.9888079166412354,0.9888232946395874,0.9962707161903381
57,0.9902858734130859,0.8453313708305359,0.16513526439666748,1e-06,0.9633910655975342,0.9898877143859863,0.989895761013031,0.99663245677948,0.989143967628479,0.834196150302887,0.17618516087532043,0.9664292335510254,0.9888090491294861,0.988821804523468,0.9962712526321411
58,0.9905601739883423,0.8508381247520447,0.15733122825622559,1e-06,0.962928056716919,0.9901669025421143,0.99017733335495,0.996724009513855,0.9891706109046936,0.8341007232666016,0.17564789950847626,0.9659929275512695,0.9888337254524231,0.9888482689857483,0.996279776096344
59,0.9906041026115417,0.8527942299842834,0.15531586110591888,1e-06,0.9629485607147217,0.9902100563049316,0.9902191162109375,0.9967383742332458,0.9891970753669739,0.834446370601654,0.17597687244415283,0.9664387106895447,0.9888612627983093,0.9888746738433838,0.9962875843048096
60,0.9905130863189697,0.8411325812339783,0.16689486801624298,1e-06,0.9640052318572998,0.9901382327079773,0.9901458024978638,0.9967135787010193,0.9891945123672485,0.8336451053619385,0.1770371049642563,0.966189980506897,0.9888601303100586,0.9888738989830017,0.9962885975837708
61,0.9910084009170532,0.8529042601585388,0.15472446382045746,1e-06,0.9654788970947266,0.9906176924705505,0.9906304478645325,0.9968735575675964,0.9890883564949036,0.8362302184104919,0.17432475090026855,0.9667153358459473,0.9887523055076599,0.9887691736221313,0.9962534308433533
62,0.9902180433273315,0.8439674973487854,0.16566117107868195,1e-06,0.9638720154762268,0.9898284673690796,0.9898394346237183,0.9966114163398743,0.989203691482544,0.8359382152557373,0.17413470149040222,0.9663827419281006,0.9888678193092346,0.9888835549354553,0.9962908029556274
63,0.990875244140625,0.8541430830955505,0.1531728357076645,1e-06,0.9648011326789856,0.9904816150665283,0.9904899001121521,0.9968284368515015,0.9892011880874634,0.8353338837623596,0.17423342168331146,0.9665313959121704,0.9888657331466675,0.9888818860054016,0.9962907433509827
64,0.9907874464988708,0.8492087125778198,0.1579422503709793,1e-06,0.9651128053665161,0.9903948307037354,0.9904096722602844,0.9968006610870361,0.9891497492790222,0.83484947681427,0.1751396507024765,0.9656269550323486,0.9888136982917786,0.9888271689414978,0.9962731003761292
65,0.9908061623573303,0.8550471067428589,0.15331895649433136,1e-06,0.9650772213935852,0.9904031753540039,0.9904151558876038,0.996802806854248,0.9892106652259827,0.8339096903800964,0.1763583868741989,0.966004490852356,0.9888760447502136,0.9888888597488403,0.9962927103042603
66,0.9907006621360779,0.849766731262207,0.15664948523044586,1e-06,0.9643154144287109,0.9903060793876648,0.9903128743171692,0.9967706799507141,0.9892753958702087,0.8355185389518738,0.17420203983783722,0.9671857357025146,0.988942563533783,0.9889561533927917,0.9963153600692749
67,0.9910229444503784,0.8535864949226379,0.15382020175457,1e-06,0.9669744968414307,0.9906426072120667,0.9906570911407471,0.9968820810317993,0.9892910122871399,0.837964653968811,0.17304635047912598,0.9679162502288818,0.988957941532135,0.9889739155769348,0.9963212609291077
68,0.9904531240463257,0.8429720401763916,0.16428975760936737,1e-06,0.9633829593658447,0.9900553822517395,0.9900628328323364,0.9966878294944763,0.9892341494560242,0.8350771069526672,0.17489807307720184,0.9671469926834106,0.98890221118927,0.9889146089553833,0.9963025450706482
69,0.9911802411079407,0.8556005954742432,0.1521635204553604,1e-06,0.965264081954956,0.9907729625701904,0.990787923336029,0.9969263076782227,0.9892428517341614,0.8359902501106262,0.1743147075176239,0.9668813943862915,0.98890620470047,0.9889213442802429,0.9963045120239258
70,0.990720808506012,0.8534591794013977,0.15381091833114624,1e-06,0.9638863801956177,0.9903177618980408,0.9903284311294556,0.9967750906944275,0.9892967939376831,0.8357415199279785,0.1748889535665512,0.9665737152099609,0.988959550857544,0.9889736175537109,0.9963212013244629
71,0.9909820556640625,0.8526447415351868,0.1566259115934372,1e-06,0.9644871354103088,0.9905730485916138,0.9905833601951599,0.9968602061271667,0.9893191456794739,0.8353884220123291,0.17505128681659698,0.96851646900177,0.9889897108078003,0.9890038967132568,0.9963314533233643
72,0.9905980825424194,0.8519061207771301,0.15676316618919373,1e-06,0.9644126296043396,0.9902006387710571,0.9902089238166809,0.9967367649078369,0.9892575740814209,0.8348117470741272,0.17478539049625397,0.9667114019393921,0.9889205098152161,0.9889354109764099,0.9963075518608093
73,0.9909026622772217,0.8517354726791382,0.15679170191287994,1e-06,0.9658242464065552,0.9905046820640564,0.9905145168304443,0.9968374371528625,0.9893020391464233,0.836500346660614,0.1736457645893097,0.968285322189331,0.9889711141586304,0.988985002040863,0.9963252544403076
74,0.9909178614616394,0.8561992049217224,0.15294991433620453,1e-06,0.9655418395996094,0.9905187487602234,0.9905297756195068,0.9968416690826416,0.9893117547035217,0.8362630605697632,0.17421627044677734,0.9672164916992188,0.9889771342277527,0.9889938831329346,0.9963269233703613
75,0.9908040761947632,0.8517729640007019,0.15684810280799866,1e-06,0.9654022455215454,0.9904060363769531,0.9904155731201172,0.9968028664588928,0.9892210960388184,0.8362531065940857,0.17432759702205658,0.9680025577545166,0.9888899326324463,0.9889052510261536,0.9962979555130005
76,0.9907010197639465,0.8485678434371948,0.15914681553840637,1e-06,0.9655331373214722,0.9903075098991394,0.9903226494789124,0.9967702627182007,0.9892306327819824,0.8359725475311279,0.17482171952724457,0.9677449464797974,0.9888933300971985,0.9889090657234192,0.9962998628616333
77,0.9908778071403503,0.8497547507286072,0.1591998189687729,1e-06,0.9668131470680237,0.990490734577179,0.9905055165290833,0.9968311190605164,0.9892838597297668,0.8352370262145996,0.1753540337085724,0.9695032238960266,0.9889588952064514,0.9889734983444214,0.9963209629058838
78,0.9907038807868958,0.8540753722190857,0.15484224259853363,1e-06,0.9657416939735413,0.9903112649917603,0.9903252720832825,0.9967719316482544,0.9892428517341614,0.8374059796333313,0.17293797433376312,0.9690510630607605,0.9889119267463684,0.9889288544654846,0.9963050484657288
79,0.9906155467033386,0.8535337448120117,0.15466667711734772,1e-06,0.9664422273635864,0.9902287125587463,0.990242600440979,0.9967442750930786,0.9893139600753784,0.8377450704574585,0.1731082648038864,0.9693928956985474,0.98898845911026,0.9890058636665344,0.9963305592536926
80,0.9908521771430969,0.861823320388794,0.1447308361530304,1e-06,0.9663500785827637,0.9904581308364868,0.9904723763465881,0.9968214631080627,0.989223837852478,0.835850179195404,0.17459377646446228,0.9674981832504272,0.9888908863067627,0.9889065623283386,0.9962985515594482
81,0.991025447845459,0.8561038970947266,0.15061451494693756,1e-06,0.9659997224807739,0.9906330108642578,0.9906407594680786,0.9968793988227844,0.9892764091491699,0.8365039825439453,0.17419764399528503,0.9684951901435852,0.9889435768127441,0.988960862159729,0.9963166117668152
82,0.9909225106239319,0.8538033366203308,0.15372298657894135,1e-06,0.9666109085083008,0.9905340671539307,0.9905445575714111,0.9968461394309998,0.989199697971344,0.8364647030830383,0.17415082454681396,0.9686589241027832,0.9888679385185242,0.9888834953308105,0.996290922164917
83,0.9904573559761047,0.8491500020027161,0.1583772748708725,1e-06,0.9663012027740479,0.9900619387626648,0.9900752305984497,0.9966881275177002,0.9892901182174683,0.8362478613853455,0.1748953014612198,0.9691060781478882,0.9889628887176514,0.9889789819717407,0.9963226914405823
84,0.9906872510910034,0.8512902855873108,0.1560245007276535,1e-06,0.9645768404006958,0.9902905225753784,0.9902999997138977,0.9967653751373291,0.9892174601554871,0.8362463712692261,0.17530688643455505,0.9682746529579163,0.9888883829116821,0.9889048337936401,0.9962983727455139
85,0.9910422563552856,0.8514272570610046,0.15658970177173615,1e-06,0.9670525789260864,0.9906535744667053,0.9906632900238037,0.996886134147644,0.9891358613967896,0.8365049958229065,0.17481549084186554,0.9669075608253479,0.988802433013916,0.9888182878494263,0.9962692856788635
86,0.9907621741294861,0.853263258934021,0.15388809144496918,1e-06,0.9659687280654907,0.9903627634048462,0.9903764128684998,0.9967888593673706,0.9892299771308899,0.8342905044555664,0.1770188808441162,0.9689432382583618,0.9889026284217834,0.9889159798622131,0.9963027834892273
87,0.9906116724014282,0.8526834845542908,0.15501660108566284,1e-06,0.9670515060424805,0.9902223944664001,0.9902306199073792,0.9967431426048279,0.9892842173576355,0.8370375037193298,0.17296864092350006,0.97077476978302,0.9889603853225708,0.9889781475067139,0.9963216185569763
88,0.9912233352661133,0.8563171029090881,0.15156064927577972,1e-06,0.9683824777603149,0.9908306002616882,0.9908416271209717,0.9969450831413269,0.9892549514770508,0.8371838331222534,0.1733725368976593,0.9697121381759644,0.9889255166053772,0.9889424443244934,0.9963098168373108
89,0.990900456905365,0.8541225790977478,0.15567973256111145,1e-06,0.9679523706436157,0.9905080795288086,0.9905211329460144,0.9968388080596924,0.9892560839653015,0.834143877029419,0.17761828005313873,0.9690191745758057,0.988929271697998,0.9889442324638367,0.9963110089302063
90,0.9909729957580566,0.853502094745636,0.1537606567144394,1e-06,0.9683305025100708,0.9905802607536316,0.9905921220779419,0.9968628287315369,0.9892879128456116,0.835515022277832,0.1761951893568039,0.9702319502830505,0.9889633059501648,0.9889795184135437,0.9963235855102539
91,0.9911401271820068,0.8596467971801758,0.14911268651485443,1e-06,0.9675896763801575,0.9907472133636475,0.9907568693161011,0.9969169497489929,0.9892565011978149,0.8362639546394348,0.17462825775146484,0.9696846008300781,0.9889297485351562,0.9889461994171143,0.9963105916976929
92,0.9911401271820068,0.8599770665168762,0.1471129059791565,1e-06,0.9675601720809937,0.9907526969909668,0.9907657504081726,0.9969194531440735,0.9891905784606934,0.837959349155426,0.17308826744556427,0.9698600769042969,0.9888613820075989,0.9888787269592285,0.9962894916534424
93,0.9908380508422852,0.8514858484268188,0.15631674230098724,1e-06,0.9677411317825317,0.9904513955116272,0.9904657006263733,0.9968191385269165,0.9892531037330627,0.8366677165031433,0.17357900738716125,0.9694008827209473,0.9889227151870728,0.9889405369758606,0.9963100552558899
94,0.990971028804779,0.855023205280304,0.15321305394172668,1e-06,0.9679564833641052,0.9905897974967957,0.9906054139137268,0.9968652129173279,0.9892905354499817,0.8371434807777405,0.1739688217639923,0.9700626134872437,0.9889635443687439,0.9889810681343079,0.9963235855102539
95,0.9910274744033813,0.8578325510025024,0.14796142280101776,1e-06,0.9673810005187988,0.9906303882598877,0.9906413555145264,0.996879518032074,0.9893165826797485,0.8366036415100098,0.17400823533535004,0.9705595970153809,0.988988995552063,0.9890061616897583,0.996330738067627
96,0.9907825589179993,0.852802038192749,0.15487371385097504,1e-06,0.9665699005126953,0.990394115447998,0.9904041886329651,0.9968006610870361,0.9892777800559998,0.8370645642280579,0.17342229187488556,0.9699903726577759,0.9889494776725769,0.9889682531356812,0.9963189363479614
97,0.9906681180000305,0.8517565131187439,0.15436798334121704,1e-06,0.9679911732673645,0.9902838468551636,0.9902978539466858,0.9967644214630127,0.9892749190330505,0.8365590572357178,0.17409342527389526,0.9692369103431702,0.9889460802078247,0.9889640212059021,0.9963170886039734
98,0.9912987351417542,0.8606259226799011,0.1457967609167099,1e-06,0.9692239761352539,0.9909122586250305,0.9909292459487915,0.9969725012779236,0.9893245697021484,0.8371784090995789,0.17314192652702332,0.9703104496002197,0.9889997839927673,0.989016056060791,0.9963343739509583
99,0.9910507798194885,0.8587788343429565,0.14869187772274017,1e-06,0.9677281379699707,0.9906642436981201,0.99067622423172,0.9968897104263306,0.9893147945404053,0.8376612663269043,0.17290914058685303,0.970557689666748,0.9889898896217346,0.9890075325965881,0.9963318705558777
100,0.9908499121665955,0.8468603491783142,0.15884777903556824,1e-06,0.9685077667236328,0.9904744625091553,0.9904893040657043,0.9968260526657104,0.9891964793205261,0.8345904350280762,0.17673948407173157,0.9686362743377686,0.988869309425354,0.9888839721679688,0.9962905645370483
101,0.9912352561950684,0.861259937286377,0.14662425220012665,1e-06,0.9681892395019531,0.9908452033996582,0.9908559918403625,0.9969490766525269,0.9892346262931824,0.8359016180038452,0.17574606835842133,0.9698036909103394,0.9889078140258789,0.9889257550239563,0.9963048696517944
102,0.9911524653434753,0.853704571723938,0.15364083647727966,1e-06,0.9688360691070557,0.990764856338501,0.9907761812210083,0.9969239830970764,0.989243745803833,0.8351729512214661,0.176296204328537,0.969955325126648,0.9889180660247803,0.9889343976974487,0.9963080883026123
103,0.99117511510849,0.8563500046730042,0.15194523334503174,1e-06,0.9698848724365234,0.9907991886138916,0.9908127188682556,0.9969345927238464,0.989339292049408,0.835874080657959,0.17566896975040436,0.9715603590011597,0.9890177249908447,0.9890333414077759,0.9963404536247253
104,0.9913836717605591,0.8620539307594299,0.14480820298194885,1e-06,0.9692124724388123,0.9909950494766235,0.9910069108009338,0.9969996213912964,0.9893726706504822,0.8374476432800293,0.17322924733161926,0.97115558385849,0.9890499711036682,0.9890665411949158,0.9963507652282715
105,0.9911066293716431,0.855048418045044,0.15239456295967102,1e-06,0.9679412841796875,0.9907082319259644,0.9907186031341553,0.9969040751457214,0.9892985224723816,0.8364849090576172,0.17396605014801025,0.9710632562637329,0.9889757037162781,0.9889919757843018,0.9963269233703613
106,0.9911285638809204,0.853556215763092,0.15305891633033752,1e-06,0.9697160124778748,0.9907369017601013,0.9907497763633728,0.9969138503074646,0.9892938733100891,0.8374805450439453,0.17307013273239136,0.9709221124649048,0.9889683723449707,0.9889860153198242,0.9963247776031494
107,0.9910753965377808,0.8557053208351135,0.1510944962501526,1e-06,0.9679655432701111,0.9906775951385498,0.9906880259513855,0.9968945384025574,0.9892597794532776,0.8376973867416382,0.17236782610416412,0.9699167013168335,0.9889330863952637,0.9889493584632874,0.9963127374649048
108,0.9911447763442993,0.8557093143463135,0.1512547880411148,1e-06,0.9679512977600098,0.9907515645027161,0.9907635450363159,0.9969189763069153,0.9893813133239746,0.8367610573768616,0.17377574741840363,0.9718625545501709,0.9890642166137695,0.9890819191932678,0.9963569045066833
109,0.99123215675354,0.8604910373687744,0.14599786698818207,1e-06,0.9691147804260254,0.9908463358879089,0.9908570647239685,0.9969504475593567,0.9893429279327393,0.8372204899787903,0.17287291586399078,0.9703051447868347,0.9890183210372925,0.9890351295471191,0.9963406920433044
110,0.991071879863739,0.8557766675949097,0.1511216163635254,1e-06,0.9674779176712036,0.9906725883483887,0.9906850457191467,0.9968921542167664,0.9893121123313904,0.8365142345428467,0.17469783127307892,0.9695935249328613,0.9889854788780212,0.9890022873878479,0.9963298439979553
111,0.9911201596260071,0.8554306626319885,0.15249979496002197,1e-06,0.9684518575668335,0.9907298684120178,0.9907437562942505,0.9969123005867004,0.9893691539764404,0.8354211449623108,0.1760936677455902,0.9706485867500305,0.9890455007553101,0.9890612959861755,0.9963512420654297
112,0.9912409782409668,0.8561848998069763,0.1506044715642929,1e-06,0.9680899381637573,0.9908484220504761,0.9908611178398132,0.9969515800476074,0.9893373250961304,0.8358275890350342,0.17531268298625946,0.9704840183258057,0.9890151023864746,0.9890308380126953,0.9963399171829224
113,0.9911762475967407,0.8608236908912659,0.14661473035812378,1e-06,0.9669342637062073,0.9907813668251038,0.9907919764518738,0.9969284534454346,0.9893555641174316,0.83754563331604,0.1736035794019699,0.9702914953231812,0.9890307784080505,0.9890478253364563,0.9963459968566895
114,0.9912794828414917,0.8574103116989136,0.14794814586639404,1e-06,0.9693737030029297,0.99089515209198,0.990911066532135,0.9969661831855774,0.9893044829368591,0.8365815281867981,0.17392218112945557,0.9697861671447754,0.988977313041687,0.9889935255050659,0.9963279366493225
115,0.9913828372955322,0.8606720566749573,0.14638455212116241,1e-06,0.9690831303596497,0.9909918308258057,0.9910054802894592,0.9969981908798218,0.9893152117729187,0.8361135721206665,0.17452137172222137,0.9708819389343262,0.9889946579933167,0.9890114068984985,0.9963341355323792
116,0.9913816452026367,0.8595555424690247,0.14720673859119415,1e-06,0.9694856405258179,0.9909921288490295,0.9910094141960144,0.9969980120658875,0.9892871975898743,0.8361169099807739,0.17511031031608582,0.9713112711906433,0.9889694452285767,0.9889867901802063,0.9963247179985046
117,0.9910556674003601,0.8521775007247925,0.15313494205474854,1e-06,0.9703083038330078,0.9906827807426453,0.990694522857666,0.9968949556350708,0.989368736743927,0.8367213010787964,0.17409519851207733,0.9718046188354492,0.989045262336731,0.9890604019165039,0.9963503479957581
118,0.9913884997367859,0.8627498745918274,0.14356431365013123,1e-06,0.9692553281784058,0.9909917116165161,0.9910033941268921,0.9969984889030457,0.9893056154251099,0.8351079225540161,0.17667631804943085,0.9703236818313599,0.988982617855072,0.9889994263648987,0.9963292479515076
119,0.991381049156189,0.8609986901283264,0.14633210003376007,1e-06,0.9695292115211487,0.9909883737564087,0.9910027980804443,0.9969977736473083,0.9894106984138489,0.837680995464325,0.1728498637676239,0.9719347953796387,0.9890901446342468,0.9891080856323242,0.9963638782501221
120,0.9915154576301575,0.8638684749603271,0.14319679141044617,1e-06,0.9696571826934814,0.991127610206604,0.9911417365074158,0.9970449805259705,0.9893367290496826,0.836725652217865,0.17389871180057526,0.9704446196556091,0.9890144467353821,0.9890334606170654,0.9963400959968567
121,0.9913443922996521,0.8585655093193054,0.14996503293514252,1e-06,0.9695548415184021,0.990955650806427,0.9909707307815552,0.9969873428344727,0.9894298315048218,0.837161123752594,0.17336510121822357,0.971701979637146,0.9891080260276794,0.9891247749328613,0.996371328830719
122,0.9913654327392578,0.8603378534317017,0.14537951350212097,1e-06,0.969635009765625,0.9909705519676208,0.9909814596176147,0.9969919323921204,0.9894236922264099,0.8366342186927795,0.1740584671497345,0.9713876247406006,0.9891013503074646,0.9891184568405151,0.996368944644928
123,0.9912731051445007,0.8575196266174316,0.1493433564901352,1e-06,0.9693444967269897,0.9908760190010071,0.9908862113952637,0.9969608783721924,0.9893701076507568,0.8369873762130737,0.17401976883411407,0.9715852737426758,0.9890499114990234,0.9890666007995605,0.996353268623352
124,0.9911434054374695,0.857698917388916,0.1483195573091507,1e-06,0.9687672257423401,0.9907517433166504,0.9907650947570801,0.9969184398651123,0.9893864989280701,0.8364008665084839,0.17434126138687134,0.9721292853355408,0.9890692830085754,0.9890864491462708,0.9963580965995789
125,0.9915826320648193,0.8594458699226379,0.14554661512374878,1e-06,0.9704169631004333,0.9911961555480957,0.9912122488021851,0.9970663785934448,0.989287257194519,0.8362636566162109,0.1742781549692154,0.9718809127807617,0.9889670014381409,0.9889832139015198,0.996324360370636
126,0.9913684129714966,0.8601064682006836,0.14510712027549744,1e-06,0.9705938696861267,0.9909866452217102,0.9909957647323608,0.9969978332519531,0.989361047744751,0.8370383381843567,0.17379119992256165,0.972520112991333,0.9890422224998474,0.9890604615211487,0.9963501691818237
127,0.9916009306907654,0.8556084036827087,0.15163975954055786,1e-06,0.9706401228904724,0.9912173748016357,0.9912315011024475,0.9970744252204895,0.9893781542778015,0.8346806168556213,0.17581294476985931,0.9710584878921509,0.9890572428703308,0.9890730381011963,0.9963541626930237
128,0.9917307496070862,0.8666109442710876,0.14006245136260986,1e-06,0.9694241881370544,0.991326093673706,0.9913402199745178,0.9971102476119995,0.9893348813056946,0.8337761163711548,0.17637641727924347,0.9711894989013672,0.9890150427818298,0.9890310168266296,0.9963392615318298
129,0.991477370262146,0.8595736026763916,0.1467980593442917,1e-06,0.9695049524307251,0.9910870790481567,0.9911009669303894,0.9970303177833557,0.9893211722373962,0.8345433473587036,0.17628608644008636,0.9708936810493469,0.9889999628067017,0.9890154600143433,0.9963358044624329
130,0.9913926720619202,0.8571926951408386,0.15063336491584778,1e-06,0.9699395895004272,0.9910029172897339,0.9910166263580322,0.9970021843910217,0.9893401861190796,0.8373813033103943,0.1734897494316101,0.9727743864059448,0.9890229105949402,0.9890425205230713,0.9963423609733582
131,0.9912121891975403,0.8560391664505005,0.15159842371940613,1e-06,0.9709563255310059,0.990837037563324,0.9908517003059387,0.9969481229782104,0.989348292350769,0.8374693989753723,0.17319193482398987,0.9722141027450562,0.9890331625938416,0.989051103591919,0.996345579624176
132,0.9913001656532288,0.8592045903205872,0.14992395043373108,1e-06,0.9703554511070251,0.9909192323684692,0.9909340739250183,0.996974527835846,0.9893541932106018,0.8373810052871704,0.17329014837741852,0.9727548360824585,0.9890360832214355,0.9890547394752502,0.9963468909263611
133,0.9911047220230103,0.8586449027061462,0.14790767431259155,1e-06,0.9694681763648987,0.9907156229019165,0.9907316565513611,0.9969066977500916,0.9893290996551514,0.83521568775177,0.1752670407295227,0.9713345766067505,0.9890085458755493,0.98902428150177,0.9963374733924866
134,0.991624653339386,0.8621480464935303,0.14305903017520905,1e-06,0.9701493978500366,0.9912342429161072,0.9912468791007996,0.9970797896385193,0.9893286824226379,0.8352155089378357,0.17572203278541565,0.9715267419815063,0.9890100955963135,0.9890280365943909,0.9963389039039612
135,0.9916190505027771,0.8614420890808105,0.14273962378501892,1e-06,0.9698106050491333,0.9912313222885132,0.9912434220314026,0.997079074382782,0.9893443584442139,0.8361701369285583,0.1748477965593338,0.9715820550918579,0.9890244007110596,0.9890428781509399,0.9963425993919373
136,0.9910598397254944,0.8571177124977112,0.150941401720047,1e-06,0.9688555002212524,0.9906691908836365,0.9906835556030273,0.9968912601470947,0.9893730878829956,0.836250364780426,0.17442134022712708,0.9715251922607422,0.9890551567077637,0.9890740513801575,0.9963540434837341
137,0.9916025400161743,0.8620793223381042,0.14508964121341705,1e-06,0.9703478217124939,0.9912119507789612,0.9912270307540894,0.9970725178718567,0.9893965125083923,0.8352850675582886,0.17562831938266754,0.9729635715484619,0.9890838861465454,0.9891000390052795,0.9963624477386475
138,0.9916759729385376,0.8607091307640076,0.14698496460914612,1e-06,0.9715763330459595,0.9912890195846558,0.991301953792572,0.9970982074737549,0.9893652200698853,0.8354869484901428,0.17549113929271698,0.9730743169784546,0.989048421382904,0.989064633846283,0.9963511824607849
139,0.9916092753410339,0.8636963963508606,0.14204002916812897,1e-06,0.9710792303085327,0.9912224411964417,0.9912356734275818,0.9970760941505432,0.9892896413803101,0.8352562785148621,0.17565575242042542,0.9717538356781006,0.9889765977859497,0.9889902472496033,0.9963257908821106
140,0.991442084312439,0.8649076819419861,0.14161317050457,1e-06,0.9698233008384705,0.9910488724708557,0.9910616278648376,0.9970183372497559,0.9893330931663513,0.834108829498291,0.17656534910202026,0.9733569622039795,0.9890251159667969,0.9890426993370056,0.9963431358337402
141,0.9915898442268372,0.8615358471870422,0.14608557522296906,1e-06,0.9718821048736572,0.9912029504776001,0.9912181496620178,0.9970680475234985,0.9893416166305542,0.8359536528587341,0.17533397674560547,0.9723901748657227,0.9890245795249939,0.9890425205230713,0.9963423013687134
142,0.9916077852249146,0.8600715398788452,0.14685723185539246,1e-06,0.9707763195037842,0.9912164211273193,0.9912304878234863,0.9970734119415283,0.9893670678138733,0.8355271816253662,0.17535963654518127,0.972321629524231,0.989047646522522,0.9890660047531128,0.9963503479957581
143,0.991935670375824,0.8665797114372253,0.1387806385755539,1e-06,0.9716018438339233,0.9915438890457153,0.991558313369751,0.9971824884414673,0.9894502758979797,0.8364959955215454,0.17462041974067688,0.9733680486679077,0.9891355633735657,0.9891543388366699,0.9963809251785278
144,0.9915642738342285,0.859764575958252,0.14770212769508362,1e-06,0.9707725644111633,0.9911827445030212,0.9911985397338867,0.9970621466636658,0.9894229173660278,0.8371083736419678,0.17330725491046906,0.9731377363204956,0.9891059398651123,0.9891257882118225,0.9963706135749817
145,0.9915785789489746,0.8588616251945496,0.14929413795471191,1e-06,0.9721766710281372,0.99120032787323,0.9912174344062805,0.9970694780349731,0.9894077777862549,0.836388111114502,0.17462079226970673,0.9723036289215088,0.989089846611023,0.9891085028648376,0.9963653087615967
146,0.9914717674255371,0.8631617426872253,0.14253467321395874,1e-06,0.9709357023239136,0.9910843372344971,0.991101086139679,0.9970306158065796,0.9894264340400696,0.8374752402305603,0.17289957404136658,0.9738749265670776,0.9891159534454346,0.9891357421875,0.9963735938072205
147,0.9914335012435913,0.8583062887191772,0.14920975267887115,1e-06,0.9710631370544434,0.9910505414009094,0.9910649061203003,0.9970191717147827,0.9893815517425537,0.8361415863037109,0.17479181289672852,0.972651481628418,0.9890676736831665,0.9890865683555603,0.9963573217391968
148,0.9915181994438171,0.8605235815048218,0.14694654941558838,1e-06,0.9710545539855957,0.9911295175552368,0.9911453127861023,0.9970455765724182,0.9893229603767395,0.8384732007980347,0.17198024690151215,0.9730353355407715,0.9890134334564209,0.9890336394309998,0.9963410496711731
149,0.9913837313652039,0.8586530089378357,0.14758126437664032,1e-06,0.970994770526886,0.9910033941268921,0.9910199046134949,0.9970026016235352,0.9893913269042969,0.8374587297439575,0.1732977032661438,0.9716849327087402,0.9890733957290649,0.9890921115875244,0.9963592290878296
150,0.9916706085205078,0.8650349974632263,0.14187024533748627,1e-06,0.9702936410903931,0.9912762641906738,0.9912939667701721,0.9970942139625549,0.9894124269485474,0.8382936716079712,0.1719481498003006,0.9730805158615112,0.9890971183776855,0.9891189932823181,0.9963670372962952
151,0.9915322065353394,0.8672718405723572,0.1396714150905609,1e-06,0.9708340167999268,0.991149365901947,0.9911638498306274,0.9970519542694092,0.9893714785575867,0.8375214338302612,0.17300239205360413,0.9728895425796509,0.9890562891960144,0.9890775680541992,0.9963535666465759
152,0.9918138384819031,0.8666599988937378,0.1392800509929657,1e-06,0.9723560810089111,0.9914280772209167,0.9914432764053345,0.9971451163291931,0.9893851280212402,0.8375271558761597,0.17376336455345154,0.973136305809021,0.9890700578689575,0.9890899062156677,0.9963577389717102
153,0.9916558265686035,0.8592860102653503,0.14664293825626373,1e-06,0.9723750948905945,0.9912794828414917,0.9912944436073303,0.9970947504043579,0.989371120929718,0.834686815738678,0.1765693724155426,0.9721765518188477,0.9890556931495667,0.9890735745429993,0.9963533282279968
154,0.9918081164360046,0.8681280016899109,0.13977693021297455,1e-06,0.9710192084312439,0.9914125800132751,0.9914288520812988,0.9971393942832947,0.9894157648086548,0.837476372718811,0.17336653172969818,0.9725967049598694,0.9890977144241333,0.9891179800033569,0.9963674545288086
155,0.9917519688606262,0.8662278652191162,0.13956832885742188,1e-06,0.9714772701263428,0.991363525390625,0.9913790225982666,0.9971218705177307,0.9894444346427917,0.8376330137252808,0.17337848246097565,0.9730179309844971,0.9891320466995239,0.9891502857208252,0.996379017829895
156,0.9918026924133301,0.8693010210990906,0.13727833330631256,1e-06,0.9713060259819031,0.9914138913154602,0.9914293885231018,0.9971393346786499,0.9894543886184692,0.8379918932914734,0.17307746410369873,0.9727492332458496,0.9891349077224731,0.9891555309295654,0.9963786005973816
157,0.9914548993110657,0.8588345050811768,0.14772294461727142,1e-06,0.9706173539161682,0.9910768270492554,0.9910917282104492,0.997027575969696,0.9894239902496338,0.8372268080711365,0.17379191517829895,0.9726057052612305,0.9891102313995361,0.9891298413276672,0.9963712692260742
158,0.9917457103729248,0.8684558272361755,0.13732369244098663,1e-06,0.9712761640548706,0.9913545250892639,0.9913715124130249,0.9971192479133606,0.9894226789474487,0.8378844261169434,0.17314985394477844,0.9720414876937866,0.9891037344932556,0.9891220331192017,0.9963706135749817
159,0.9917545914649963,0.8624455332756042,0.1446692943572998,1e-06,0.9715057611465454,0.9913635849952698,0.9913778305053711,0.997123658657074,0.9894119501113892,0.8375600576400757,0.17353083193302155,0.9734071493148804,0.989098310470581,0.9891188144683838,0.9963695406913757
160,0.9916159510612488,0.8633320927619934,0.1415216624736786,1e-06,0.9712224006652832,0.991216778755188,0.9912355542182922,0.9970757365226746,0.9894493818283081,0.83778315782547,0.17396947741508484,0.9732200503349304,0.9891390800476074,0.9891581535339355,0.9963803887367249
161,0.9917955994606018,0.8651832938194275,0.14136211574077606,1e-06,0.9712965488433838,0.9914031028747559,0.9914198517799377,0.997136116027832,0.9894258379936218,0.8366860151290894,0.17498774826526642,0.9728959202766418,0.9891120195388794,0.9891309142112732,0.996372401714325
162,0.9918724298477173,0.8635445237159729,0.14274653792381287,1e-06,0.9718810319900513,0.9914827346801758,0.9915006160736084,0.997162401676178,0.9894360303878784,0.8367927670478821,0.17456816136837006,0.9731621742248535,0.9891217947006226,0.9891402721405029,0.9963770508766174
163,0.9917631149291992,0.8674998879432678,0.13821838796138763,1e-06,0.9720693826675415,0.9913761019706726,0.9913915395736694,0.9971267580986023,0.9894160628318787,0.8360764384269714,0.17494945228099823,0.9722996950149536,0.989100992679596,0.9891195893287659,0.9963693022727966
164,0.9918781518936157,0.8671509027481079,0.14066708087921143,1e-06,0.9729875922203064,0.9915021657943726,0.9915190935134888,0.9971691966056824,0.9894445538520813,0.8381842970848083,0.17348822951316833,0.9736903309822083,0.9891385436058044,0.9891578555107117,0.9963808655738831
165,0.9917087554931641,0.8642451167106628,0.14152821898460388,1e-06,0.9725708961486816,0.9913287162780762,0.9913460612297058,0.9971113801002502,0.989481508731842,0.8385463953018188,0.17201921343803406,0.9739319086074829,0.9891709089279175,0.9891923069953918,0.9963918328285217
166,0.9919365644454956,0.869544506072998,0.1373700201511383,1e-06,0.9721013903617859,0.9915400147438049,0.9915579557418823,0.9971817135810852,0.9894028306007385,0.8376315236091614,0.17346495389938354,0.9738775491714478,0.9890978336334229,0.9891185164451599,0.9963674545288086
167,0.9919222593307495,0.8695738315582275,0.13778220117092133,1e-06,0.9730178117752075,0.991538405418396,0.9915595054626465,0.9971817135810852,0.9894047975540161,0.838379979133606,0.1724497377872467,0.9727227687835693,0.9890949130058289,0.9891148209571838,0.9963657259941101
168,0.9919137954711914,0.8631041049957275,0.14284823834896088,1e-06,0.9718611240386963,0.9915263652801514,0.9915419816970825,0.9971779584884644,0.9894493222236633,0.8361979126930237,0.17484405636787415,0.9728193283081055,0.9891400337219238,0.9891610741615295,0.9963820576667786
169,0.9919769167900085,0.8653221130371094,0.14085796475410461,1e-06,0.9717767238616943,0.9915891289710999,0.9916068911552429,0.9971988201141357,0.989450991153717,0.8366447687149048,0.17481368780136108,0.9721879959106445,0.9891360998153687,0.9891561269760132,0.9963807463645935
170,0.991690456867218,0.8645727038383484,0.1416504830121994,1e-06,0.9716527462005615,0.9912959337234497,0.9913122653961182,0.997100293636322,0.9894447326660156,0.8363575339317322,0.17541946470737457,0.9720505475997925,0.9891297817230225,0.9891471862792969,0.9963781237602234
171,0.9915879368782043,0.8635310530662537,0.1428246647119522,1e-06,0.9714298248291016,0.9911965131759644,0.9912127256393433,0.9970670938491821,0.9894984364509583,0.8352323770523071,0.17559310793876648,0.9729118347167969,0.989186704158783,0.9892053604125977,0.9963966012001038
172,0.9916585087776184,0.8625015616416931,0.1442740559577942,1e-06,0.9717211723327637,0.9912723302841187,0.9912877678871155,0.9970930814743042,0.9894643425941467,0.8381828665733337,0.17272989451885223,0.9735087752342224,0.9891554713249207,0.9891761541366577,0.9963865280151367
173,0.991915762424469,0.8758076429367065,0.13040028512477875,1e-06,0.9716761708259583,0.9915301203727722,0.9915457367897034,0.997178852558136,0.9895069003105164,0.8381885886192322,0.1731211245059967,0.9731700420379639,0.9891957640647888,0.9892154932022095,0.9964002966880798
174,0.9919675588607788,0.8640251755714417,0.14123713970184326,1e-06,0.9716255068778992,0.991581380367279,0.9915966987609863,0.9971960783004761,0.989470899105072,0.8373593688011169,0.1745384931564331,0.9721065759658813,0.9891592264175415,0.9891781210899353,0.9963874816894531
175,0.9917080998420715,0.8658219575881958,0.13901673257350922,1e-06,0.9708542823791504,0.9913111329078674,0.9913278222084045,0.9971049427986145,0.989468514919281,0.8366584777832031,0.17486323416233063,0.9727663993835449,0.9891615509986877,0.9891794323921204,0.9963889718055725
176,0.9918708205223083,0.8672917485237122,0.13909250497817993,1e-06,0.972144603729248,0.9914788007736206,0.991494357585907,0.9971619844436646,0.989503026008606,0.8366226553916931,0.17506031692028046,0.9742792844772339,0.9892001748085022,0.9892194271087646,0.9964009523391724
177,0.9917421340942383,0.8624464869499207,0.1445731222629547,1e-06,0.9720050096511841,0.9913550019264221,0.9913678765296936,0.9971200823783875,0.989505410194397,0.8367105722427368,0.17503471672534943,0.9735608100891113,0.9891966581344604,0.9892160296440125,0.9964001774787903
178,0.9917113780975342,0.8662623763084412,0.14047883450984955,1e-06,0.9724850654602051,0.9913244843482971,0.9913423657417297,0.9971103072166443,0.9895290732383728,0.8374150991439819,0.17390263080596924,0.9736031293869019,0.9892186522483826,0.9892399311065674,0.9964079856872559
179,0.9919689893722534,0.8646058440208435,0.1413608193397522,1e-06,0.9723707437515259,0.991575300693512,0.9915916323661804,0.9971940517425537,0.9895467758178711,0.8374752998352051,0.1739247888326645,0.9744400978088379,0.9892381429672241,0.9892568588256836,0.9964139461517334
180,0.9921454787254333,0.8673705458641052,0.13839034736156464,1e-06,0.973168134689331,0.991752028465271,0.9917703866958618,0.9972518086433411,0.98949134349823,0.8377389907836914,0.17338138818740845,0.9735260009765625,0.9891806244850159,0.9892008900642395,0.9963952898979187
181,0.9921435117721558,0.8660542368888855,0.13921648263931274,1e-06,0.9732708930969238,0.991759181022644,0.9917782545089722,0.9972535371780396,0.9895628690719604,0.8393324017524719,0.1718732714653015,0.9746448397636414,0.9892568588256836,0.989278256893158,0.9964208006858826
182,0.9918338060379028,0.8672996759414673,0.13937675952911377,1e-06,0.9724706411361694,0.9914546012878418,0.991468608379364,0.9971540570259094,0.9895066022872925,0.8378657102584839,0.17329822480678558,0.9741170406341553,0.9891988039016724,0.9892189502716064,0.996400773525238
183,0.9921635389328003,0.8673335909843445,0.13771891593933105,1e-06,0.9723353385925293,0.9917714595794678,0.9917899966239929,0.9972597360610962,0.989543080329895,0.8401768803596497,0.17119352519512177,0.9744817018508911,0.9892364144325256,0.9892570972442627,0.996414840221405
184,0.9921827912330627,0.8730754256248474,0.13193397223949432,1e-06,0.9735143184661865,0.9917992353439331,0.9918172955513,0.997268557548523,0.9895698428153992,0.8389977812767029,0.17271855473518372,0.974304735660553,0.9892653226852417,0.9892851114273071,0.9964237213134766
185,0.9919636845588684,0.8658190369606018,0.14042922854423523,1e-06,0.9726126194000244,0.9915758371353149,0.9915918707847595,0.9971933960914612,0.9895060062408447,0.8390976786613464,0.1728714406490326,0.973753809928894,0.9892001152038574,0.9892215728759766,0.9964025020599365
186,0.9918756484985352,0.8670254945755005,0.13940252363681793,1e-06,0.9722219705581665,0.9914776086807251,0.9914946556091309,0.997160792350769,0.9895455241203308,0.8380514979362488,0.1735953986644745,0.9742194414138794,0.9892410039901733,0.9892611503601074,0.9964150190353394
187,0.9919478893280029,0.8700769543647766,0.13573332130908966,1e-06,0.9727326035499573,0.9915671944618225,0.9915825128555298,0.9971907138824463,0.9895212650299072,0.838975727558136,0.17309211194515228,0.9740095734596252,0.9892110228538513,0.9892305731773376,0.9964051842689514
188,0.9918389320373535,0.865257740020752,0.14221256971359253,1e-06,0.9735320210456848,0.9914520382881165,0.9914737343788147,0.9971523880958557,0.9894177317619324,0.8379698991775513,0.17364822328090668,0.9740085601806641,0.9891089200973511,0.9891288876533508,0.9963712692260742
189,0.9917306900024414,0.8655465841293335,0.1416005939245224,1e-06,0.972200870513916,0.9913428425788879,0.9913621544837952,0.9971156120300293,0.989497184753418,0.8387178182601929,0.17285926640033722,0.9743696451187134,0.9891905784606934,0.9892120957374573,0.9963983297348022
190,0.9919183850288391,0.8670253157615662,0.13927556574344635,1e-06,0.9729330539703369,0.9915343523025513,0.9915511608123779,0.9971805810928345,0.9895480275154114,0.838361382484436,0.17336784303188324,0.9750035405158997,0.9892469644546509,0.9892674684524536,0.9964166283607483
191,0.992114245891571,0.8694331645965576,0.13545171916484833,1e-06,0.9734659194946289,0.9917303919792175,0.9917472004890442,0.9972448945045471,0.9895458817481995,0.8373250365257263,0.17436040937900543,0.9749013185501099,0.9892424941062927,0.9892615079879761,0.9964162707328796
192,0.9919519424438477,0.8666489124298096,0.14048658311367035,1e-06,0.9735345840454102,0.9915747046470642,0.9915935397148132,0.9971941113471985,0.9895329475402832,0.8365567922592163,0.17466960847377777,0.9743456244468689,0.9892244338989258,0.9892439246177673,0.9964090585708618
193,0.9919781684875488,0.8670182228088379,0.1391294151544571,1e-06,0.9732016324996948,0.991588830947876,0.9916071891784668,0.9971977472305298,0.9895652532577515,0.8383116126060486,0.172965869307518,0.9745323657989502,0.9892584681510925,0.9892790913581848,0.9964206218719482
194,0.9920336008071899,0.868550717830658,0.1366046518087387,1e-06,0.9726841449737549,0.9916497468948364,0.9916664958000183,0.9972189664840698,0.9895073175430298,0.8369191884994507,0.17464867234230042,0.9738378524780273,0.9892023205757141,0.989223301410675,0.9964014291763306
195,0.992400586605072,0.8745893239974976,0.13049107789993286,1e-06,0.9735625982284546,0.9920175671577454,0.9920367002487183,0.9973403215408325,0.9896794557571411,0.8409929275512695,0.17089761793613434,0.975554347038269,0.9893767237663269,0.9894009232521057,0.9964605569839478
196,0.9919076561927795,0.8711317181587219,0.1344214826822281,1e-06,0.9737868309020996,0.9915232062339783,0.9915434122085571,0.9971760511398315,0.9896674752235413,0.8400923013687134,0.1716630756855011,0.975403904914856,0.9893655776977539,0.9893872141838074,0.9964566230773926
197,0.9919819831848145,0.8702905178070068,0.13487014174461365,1e-06,0.9726288318634033,0.9915928840637207,0.9916132092475891,0.997199296951294,0.9896062612533569,0.8400698900222778,0.17113742232322693,0.9738653898239136,0.9892987012863159,0.9893226027488708,0.9964350461959839
198,0.9920189380645752,0.8726285099983215,0.1337631344795227,1e-06,0.9730554819107056,0.9916357398033142,0.991656482219696,0.9972132444381714,0.9895574450492859,0.8390321135520935,0.1728602945804596,0.9744151830673218,0.9892505407333374,0.9892719388008118,0.9964194297790527
199,0.991943895816803,0.8683344721794128,0.1372910887002945,1e-06,0.9728413224220276,0.9915647506713867,0.9915816783905029,0.9971899390220642,0.9895180463790894,0.8365710377693176,0.1741483509540558,0.9730105400085449,0.9892059564590454,0.9892259836196899,0.9964035749435425
