----------
model name: unet_v1
epochs: 200
steps_per_epoch: 850
dimension: 256
n_channels: 2
input layer: KerasTensor(type_spec=TensorSpec(shape=(None, 256, 256, 2), dtype=tf.float32, name='input_4'), name='input_4', description="created by layer 'input_4'")
kernel init: he_normal
kernel size: 5
dropout: 0.2
learning rate: 0.0001
loss function: <function focal_dice_loss at 0x7efd9cf54700>
train cases: 850
train slices: 3615
validation cases: 251
val slices: 1092
slice index: 40 ~ 116
tumor ratio: 0.2 ~ 0.25
test cases: 150
start training at: Apr-22_00-58-59
----------
