epoch,accuracy,dice_coef,loss,lr,mean_io_u_3,precision,sensitivity,specificity,val_accuracy,val_dice_coef,val_loss,val_mean_io_u_3,val_precision,val_sensitivity,val_specificity
0,0.9353097081184387,0.48618990182876587,0.5268974900245667,1e-04,0.6781357526779175,0.9486614465713501,0.9203144311904907,0.9852863550186157,0.9652800559997559,0.6500961184501648,0.35312002897262573,0.8772329092025757,0.965732991695404,0.9639641046524048,0.9885873198509216
1,0.9592418074607849,0.6354696154594421,0.3732638359069824,1e-04,0.7243618965148926,0.9598063230514526,0.9578237533569336,0.9866253137588501,0.964962899684906,0.7010324597358704,0.3024459779262543,0.6377195119857788,0.9649509787559509,0.9640196561813354,0.9883323311805725
2,0.970827579498291,0.7194105982780457,0.2854215204715729,1e-04,0.7641702890396118,0.9706189036369324,0.9700134992599487,0.990210235118866,0.9747403860092163,0.7345407009124756,0.27029526233673096,0.8457244634628296,0.9744608402252197,0.9739786982536316,0.9914897084236145
3,0.9753148555755615,0.7531837224960327,0.25377100706100464,1e-04,0.8045476078987122,0.974982500076294,0.9746501445770264,0.9916645288467407,0.9759503602981567,0.7565178275108337,0.2579481601715088,0.9087611436843872,0.9755716323852539,0.975432813167572,0.9918612241744995
4,0.9768961668014526,0.7501154541969299,0.2596697509288788,1e-04,0.8760042190551758,0.9765804409980774,0.9763200283050537,0.9921987056732178,0.9763980507850647,0.7434690594673157,0.2600954473018646,0.9025063514709473,0.976101815700531,0.9758115410804749,0.9920379519462585
5,0.9790717363357544,0.7706694602966309,0.23605497181415558,1e-04,0.8984590172767639,0.9787085056304932,0.9785363674163818,0.9929054379463196,0.9767659306526184,0.7592313289642334,0.24654905498027802,0.9045212268829346,0.9764770865440369,0.9762880802154541,0.9921628832817078
6,0.9793314933776855,0.7704433798789978,0.24003712832927704,1e-04,0.8637833595275879,0.9789968132972717,0.9788191914558411,0.9930001497268677,0.9794702529907227,0.779780387878418,0.22802643477916718,0.8063779473304749,0.9791080951690674,0.9789657592773438,0.9930395483970642
7,0.9809131622314453,0.7855750322341919,0.22574575245380402,1e-04,0.8625991344451904,0.9805544018745422,0.9804342985153198,0.9935195446014404,0.9803712964057922,0.7765350937843323,0.2294940948486328,0.8953118324279785,0.9800135493278503,0.9798285365104675,0.9933416843414307
8,0.9824652671813965,0.7981172204017639,0.21236389875411987,1e-04,0.9084557294845581,0.98210608959198,0.9820054769515991,0.9940367341041565,0.9794519543647766,0.778309166431427,0.23726212978363037,0.9213577508926392,0.9791425466537476,0.979091227054596,0.9930509328842163
9,0.9859176874160767,0.8191702961921692,0.19485057890415192,2e-05,0.906520664691925,0.9854973554611206,0.9854447245597839,0.9951665997505188,0.9837676882743835,0.8034281730651855,0.20843103528022766,0.9379356503486633,0.9834038019180298,0.9833585023880005,0.994469940662384
10,0.9862059950828552,0.8272547721862793,0.1828523725271225,2e-05,0.9219925999641418,0.9857826828956604,0.985737681388855,0.9952619671821594,0.9834046959877014,0.8034717440605164,0.2039176970720291,0.8953602313995361,0.9830116629600525,0.9829535484313965,0.9943394064903259
11,0.9873825311660767,0.8342926502227783,0.1820404976606369,2e-05,0.9169986248016357,0.9869598150253296,0.9869227409362793,0.9956548810005188,0.9847293496131897,0.8088083863258362,0.2031780481338501,0.9223918914794922,0.984350860118866,0.9843207597732544,0.9947863221168518
12,0.9880254864692688,0.8450591564178467,0.169974684715271,2e-05,0.9205485582351685,0.9875982999801636,0.9875665903091431,0.9958673715591431,0.9850821495056152,0.8123031258583069,0.20039598643779755,0.9308698177337646,0.9846967458724976,0.9846680760383606,0.9949017763137817
13,0.9878498315811157,0.8436639904975891,0.17886319756507874,2e-05,0.9295840859413147,0.9874236583709717,0.9873928427696228,0.9958088994026184,0.9845227599143982,0.8105133771896362,0.20012637972831726,0.9305009245872498,0.9841474890708923,0.9841216802597046,0.9947177767753601
14,0.9884393811225891,0.8502023220062256,0.16892629861831665,2e-05,0.932197093963623,0.9880120754241943,0.9879936575889587,0.9960063099861145,0.9835492372512817,0.8108764886856079,0.20231111347675323,0.9208360910415649,0.9832044839859009,0.9831969738006592,0.9944031238555908
15,0.9888147711753845,0.8479024767875671,0.17613257467746735,2e-05,0.9399905204772949,0.9883987307548523,0.9883882999420166,0.9961341023445129,0.9843401312828064,0.8137933611869812,0.2046952247619629,0.9644391536712646,0.984022319316864,0.9840270280838013,0.9946756362915039
16,0.9892078638076782,0.8604163527488708,0.1581817865371704,4e-06,0.9687861204147339,0.9888148307800293,0.9888180494308472,0.9962741732597351,0.9847423434257507,0.8178114891052246,0.19970710575580597,0.9685878157615662,0.9844272136688232,0.9844379425048828,0.994811475276947
17,0.9892940521240234,0.8613702654838562,0.16227473318576813,4e-06,0.9739010334014893,0.9889200925827026,0.9889290928840637,0.9963089823722839,0.9848650693893433,0.8250925540924072,0.1987961083650589,0.9740656614303589,0.9845715165138245,0.9845923185348511,0.9948597550392151
18,0.9894806742668152,0.8672766089439392,0.14990603923797607,4e-06,0.9769490361213684,0.9891277551651001,0.9891396164894104,0.9963775277137756,0.9848977327346802,0.8239144682884216,0.19960905611515045,0.9754171371459961,0.9846109747886658,0.9846334457397461,0.9948739409446716
19,0.9897330403327942,0.870551347732544,0.1422109454870224,4e-06,0.9773423075675964,0.9893760681152344,0.9893936514854431,0.9964603185653687,0.9853140115737915,0.8260828256607056,0.1933593600988388,0.9729411602020264,0.9850178956985474,0.9850396513938904,0.9950072765350342
20,0.9891911745071411,0.867777407169342,0.1485184133052826,4e-06,0.973044216632843,0.9888387322425842,0.9888554215431213,0.9962815046310425,0.9850470423698425,0.8253825902938843,0.19471566379070282,0.9690241813659668,0.9847472310066223,0.9847671389579773,0.9949178695678711
21,0.9897474050521851,0.8749684691429138,0.14000104367733002,4e-06,0.9691867828369141,0.9893767833709717,0.9893941283226013,0.9964600205421448,0.9846842885017395,0.8235869407653809,0.19850517809391022,0.9680377244949341,0.9843958020210266,0.9844218492507935,0.9948003888130188
22,0.9896441102027893,0.8752033114433289,0.1380673348903656,1e-06,0.9705772399902344,0.9892780780792236,0.9892939329147339,0.9964280724525452,0.9853768348693848,0.8253570795059204,0.1933394968509674,0.9678179025650024,0.9850752353668213,0.9850992560386658,0.9950270056724548
23,0.9897409677505493,0.8728974461555481,0.14423030614852905,1e-06,0.9680578112602234,0.9893624782562256,0.9893822073936462,0.9964556097984314,0.9854102730751038,0.8270124197006226,0.19125314056873322,0.9645829200744629,0.9851052761077881,0.9851274490356445,0.9950374960899353
24,0.9899004697799683,0.8736885190010071,0.13896974921226501,1e-06,0.9661200046539307,0.9895201325416565,0.9895375967025757,0.9965072870254517,0.9853275418281555,0.8268781304359436,0.19283592700958252,0.9645630121231079,0.985023558139801,0.9850454926490784,0.9950100779533386
25,0.9898888468742371,0.8781384825706482,0.1372450590133667,1e-06,0.9660372138023376,0.9895200729370117,0.989532470703125,0.9965084791183472,0.9854717254638672,0.8274971842765808,0.1908864825963974,0.963196873664856,0.9851621985435486,0.9851832985877991,0.9950566291809082
26,0.9898340106010437,0.8740901350975037,0.13644073903560638,1e-06,0.965135931968689,0.9894536733627319,0.9894710779190063,0.996486485004425,0.9854340553283691,0.8264486193656921,0.19042077660560608,0.9606562852859497,0.9851226210594177,0.985144317150116,0.9950429797172546
27,0.9899359941482544,0.874936044216156,0.1350851058959961,1e-06,0.9614920616149902,0.9895511269569397,0.9895642995834351,0.9965192675590515,0.9854112267494202,0.8265608549118042,0.1905956119298935,0.9588031768798828,0.9850974678993225,0.9851179122924805,0.9950354695320129
28,0.989896297454834,0.8746716976165771,0.13530562818050385,1e-06,0.9628757834434509,0.9895099997520447,0.9895280003547668,0.9965049028396606,0.9855704307556152,0.8273276686668396,0.18957951664924622,0.9577188491821289,0.9852537512779236,0.985274076461792,0.9950878024101257
29,0.9900321960449219,0.8804143667221069,0.1314897984266281,1e-06,0.9608449935913086,0.9896401762962341,0.9896547794342041,0.9965482354164124,0.9855238199234009,0.8272123336791992,0.18937470018863678,0.9593114852905273,0.9852117300033569,0.985233724117279,0.9950729012489319
30,0.9900124669075012,0.8728894591331482,0.13995115458965302,1e-06,0.9620410203933716,0.9896302223205566,0.989647626876831,0.9965445399284363,0.9856796264648438,0.8279897570610046,0.1882186383008957,0.958842933177948,0.9853635430335999,0.9853821992874146,0.9951236844062805
31,0.9899393320083618,0.8781776428222656,0.13280849158763885,1e-06,0.9600298404693604,0.9895567893981934,0.9895704388618469,0.9965200424194336,0.9855139851570129,0.8276723623275757,0.1888519823551178,0.9569740295410156,0.9851994514465332,0.9852204322814941,0.995069682598114
32,0.9900880455970764,0.8778908252716064,0.13371622562408447,1e-06,0.9597727060317993,0.9896991848945618,0.9897122979164124,0.9965685606002808,0.9855697751045227,0.8273504972457886,0.18913817405700684,0.9557086229324341,0.9852559566497803,0.9852768778800964,0.9950876832008362
33,0.9900141954421997,0.8747445344924927,0.1384023129940033,1e-06,0.9606500864028931,0.9896277785301208,0.9896454215049744,0.996544599533081,0.9856621026992798,0.8271006345748901,0.1883922666311264,0.9559973478317261,0.9853479862213135,0.985369086265564,0.9951188564300537
34,0.9900677800178528,0.8763144612312317,0.13645993173122406,1e-06,0.9583746194839478,0.98967444896698,0.989688515663147,0.9965595602989197,0.9856091141700745,0.827843189239502,0.18895721435546875,0.953031063079834,0.9852891564369202,0.9853093028068542,0.9950989484786987
35,0.9900487065315247,0.8732134103775024,0.1380244642496109,1e-06,0.9577004909515381,0.9896578192710876,0.9896746277809143,0.9965531826019287,0.9856257438659668,0.8284499049186707,0.18849624693393707,0.9544008374214172,0.9853094220161438,0.9853294491767883,0.9951056838035583
36,0.9901137351989746,0.8740831613540649,0.1377825140953064,1e-06,0.9574853181838989,0.9897288084030151,0.9897452592849731,0.9965770840644836,0.9857156276702881,0.8280743956565857,0.1882917284965515,0.9541530609130859,0.9853952527046204,0.9854130744934082,0.9951338171958923
37,0.9899552464485168,0.876405656337738,0.13564275205135345,1e-06,0.9557434320449829,0.989558756351471,0.9895704388618469,0.9965206980705261,0.985544741153717,0.8281314969062805,0.1885574460029602,0.9537129998207092,0.9852290153503418,0.985249400138855,0.9950791597366333
38,0.990102231502533,0.8764111995697021,0.13578219711780548,1e-06,0.958389401435852,0.9897144436836243,0.9897310733795166,0.9965738654136658,0.9855249524116516,0.827166736125946,0.18943850696086884,0.9539612531661987,0.9852111339569092,0.9852331876754761,0.9950737953186035
39,0.9900997877120972,0.8760519027709961,0.13580620288848877,1e-06,0.9576295018196106,0.9897111058235168,0.9897269010543823,0.9965718984603882,0.9856030941009521,0.8279014825820923,0.18840442597866058,0.9525297284126282,0.9852850437164307,0.9853051900863647,0.9950975179672241
40,0.9900460839271545,0.8755174875259399,0.13505995273590088,1e-06,0.9582282900810242,0.9896534085273743,0.9896703958511353,0.9965525269508362,0.9856578707695007,0.827976644039154,0.1883760541677475,0.9547359943389893,0.9853440523147583,0.9853653311729431,0.995117723941803
41,0.9903936386108398,0.8793954849243164,0.1309834122657776,1e-06,0.9587069749832153,0.9900045990943909,0.9900238513946533,0.9966698288917542,0.9856338500976562,0.8283031582832336,0.1879170835018158,0.9532199501991272,0.9853159189224243,0.9853377938270569,0.9951090216636658
42,0.989984929561615,0.8772323727607727,0.13406899571418762,1e-06,0.9556866884231567,0.9895920157432556,0.9896130561828613,0.9965324401855469,0.9856407642364502,0.8279932141304016,0.18774116039276123,0.9523195624351501,0.9853255152702332,0.9853469729423523,0.995111346244812
43,0.9902025461196899,0.8762806057929993,0.13514982163906097,1e-06,0.9566556215286255,0.9898087978363037,0.9898282885551453,0.9966047406196594,0.9857192039489746,0.8284085988998413,0.18749099969863892,0.951825737953186,0.9854040145874023,0.9854251146316528,0.9951377511024475
44,0.9901527762413025,0.8790313601493835,0.1320156306028366,1e-06,0.9537702202796936,0.9897623658180237,0.989779531955719,0.9965875148773193,0.9856781959533691,0.8280346393585205,0.18756306171417236,0.9501970410346985,0.9853594899177551,0.9853804111480713,0.9951220154762268
45,0.9901189208030701,0.8789284229278564,0.130401149392128,1e-06,0.9531208872795105,0.9897159337997437,0.9897351861000061,0.9965742230415344,0.9855909943580627,0.8277943730354309,0.1879664957523346,0.9493128061294556,0.9852754473686218,0.9852979183197021,0.9950939416885376
46,0.990290641784668,0.8770090341567993,0.1339043527841568,1e-06,0.9540764093399048,0.9898996949195862,0.9899203181266785,0.996634304523468,0.9856716990470886,0.8284222483634949,0.18741843104362488,0.949052631855011,0.9853512048721313,0.9853737950325012,0.995120108127594
47,0.9900904297828674,0.877479612827301,0.13227790594100952,1e-06,0.9523632526397705,0.9896856546401978,0.9897021055221558,0.9965630769729614,0.985608696937561,0.8278012275695801,0.18716204166412354,0.9470629692077637,0.9852889776229858,0.9853089451789856,0.9950995445251465
48,0.9903030395507812,0.8813400268554688,0.1273849606513977,1e-06,0.9530144929885864,0.9899069666862488,0.9899200201034546,0.9966369867324829,0.9856162667274475,0.8284544348716736,0.18704620003700256,0.9482630491256714,0.9852964282035828,0.9853177070617676,0.9951021075248718
49,0.9902032017707825,0.8782007098197937,0.13166294991970062,1e-06,0.9543087482452393,0.9898074865341187,0.9898282289505005,0.9966039061546326,0.985751748085022,0.828260064125061,0.18668821454048157,0.9502442479133606,0.9854347109794617,0.9854562878608704,0.9951469302177429
50,0.9903541207313538,0.8815246820449829,0.12814933061599731,1e-06,0.9544690847396851,0.9899572730064392,0.9899778366088867,0.9966541528701782,0.985795795917511,0.8287909626960754,0.18612860143184662,0.9500070810317993,0.985477089881897,0.9854985475540161,0.9951616525650024
51,0.9902727007865906,0.8815436363220215,0.12758931517601013,1e-06,0.95353102684021,0.9898797869682312,0.9898980855941772,0.9966280460357666,0.9857940077781677,0.8293311595916748,0.1861620992422104,0.9502071142196655,0.9854761958122253,0.985497772693634,0.9951608777046204
52,0.9905076026916504,0.8855180740356445,0.12380178272724152,1e-06,0.9529504179954529,0.9901036024093628,0.9901209473609924,0.9967027306556702,0.9856626391410828,0.8289583921432495,0.18689075112342834,0.948275625705719,0.9853437542915344,0.9853674173355103,0.995117723941803
53,0.9903786778450012,0.8842373490333557,0.12413617968559265,1e-06,0.9536889791488647,0.9899789690971375,0.989997923374176,0.9966617226600647,0.9858435392379761,0.8288884162902832,0.18647751212120056,0.9498776197433472,0.985524594783783,0.9855477213859558,0.9951765537261963
54,0.9906630516052246,0.8878819942474365,0.11927428841590881,1e-06,0.9521732330322266,0.990256130695343,0.9902721643447876,0.9967533349990845,0.9856634736061096,0.8286218047142029,0.18609830737113953,0.9488617181777954,0.9853459596633911,0.9853678941726685,0.9951180815696716
55,0.9905350804328918,0.8828192949295044,0.12441963702440262,1e-06,0.9533652067184448,0.9901366233825684,0.9901532530784607,0.9967135190963745,0.9858266711235046,0.8291103839874268,0.18717029690742493,0.9522713422775269,0.9855111837387085,0.9855332374572754,0.9951732754707336
56,0.9902505874633789,0.8795397877693176,0.12946674227714539,1e-06,0.9530736207962036,0.9898523688316345,0.9898726344108582,0.996619462966919,0.9857689738273621,0.8283221125602722,0.18632148206233978,0.9499272704124451,0.985450029373169,0.9854690432548523,0.9951526522636414
57,0.9904792904853821,0.8801724314689636,0.1278792917728424,1e-06,0.9532358646392822,0.9900795817375183,0.9900954365730286,0.9966948628425598,0.9856547117233276,0.8283231854438782,0.18687915802001953,0.947403609752655,0.9853324294090271,0.9853566884994507,0.9951136112213135
58,0.9904381632804871,0.8789665699005127,0.12888646125793457,1e-06,0.9539602994918823,0.9900439977645874,0.9900614619255066,0.9966815114021301,0.9857192039489746,0.8292075395584106,0.18640820682048798,0.9469636082649231,0.9853984117507935,0.9854205250740051,0.9951362013816833
59,0.9904917478561401,0.8794335126876831,0.12965181469917297,1e-06,0.9499406814575195,0.9900867342948914,0.9901052117347717,0.9966968297958374,0.9857224822044373,0.8290217518806458,0.18634678423404694,0.9469207525253296,0.9854007363319397,0.9854239821434021,0.9951363205909729
60,0.9903255105018616,0.8810456395149231,0.12810127437114716,1e-06,0.9522652626037598,0.989931046962738,0.9899511933326721,0.9966452717781067,0.9856781959533691,0.8288407325744629,0.18624573945999146,0.9468348026275635,0.985358476638794,0.9853809475898743,0.9951223134994507
61,0.9905231595039368,0.8834701180458069,0.1261126846075058,1e-06,0.9513140320777893,0.9901227951049805,0.9901379346847534,0.996709942817688,0.985727846622467,0.8286316990852356,0.18619513511657715,0.9471010565757751,0.9854044318199158,0.985426664352417,0.9951381087303162
62,0.9905629754066467,0.880914032459259,0.12720730900764465,1e-06,0.9520539045333862,0.9901639223098755,0.9901809692382812,0.9967224597930908,0.9858028292655945,0.8298236131668091,0.18633721768856049,0.9486692547798157,0.9854844808578491,0.9855073094367981,0.9951627850532532
63,0.9904324412345886,0.883851170539856,0.12449929863214493,1e-06,0.9507397413253784,0.9900291562080383,0.9900488257408142,0.9966773390769958,0.9857496619224548,0.8289270401000977,0.18581034243106842,0.945574164390564,0.9854249954223633,0.9854475855827332,0.9951443672180176
64,0.9905901551246643,0.885309636592865,0.1223534643650055,1e-06,0.9477686285972595,0.9901846051216125,0.9902002811431885,0.9967289566993713,0.9857568740844727,0.8289868831634521,0.1861913502216339,0.9480288028717041,0.9854312539100647,0.9854529500007629,0.9951462745666504
65,0.9905310869216919,0.880525529384613,0.12791378796100616,1e-06,0.9516370892524719,0.9901139736175537,0.990135133266449,0.9967062473297119,0.9858289957046509,0.829676628112793,0.18537941575050354,0.9477266073226929,0.985503613948822,0.9855263829231262,0.995171308517456
66,0.9904771447181702,0.8783268928527832,0.12809662520885468,1e-06,0.9527953267097473,0.9900737404823303,0.9900919795036316,0.9966927766799927,0.9858136773109436,0.8291852474212646,0.18520724773406982,0.9464783668518066,0.985483705997467,0.9855052828788757,0.9951637983322144
67,0.9904825091362,0.884152889251709,0.1246490553021431,1e-06,0.9518076181411743,0.9900773167610168,0.9900969862937927,0.9966935515403748,0.9857912063598633,0.8288509845733643,0.1856587827205658,0.9474776983261108,0.9854689240455627,0.9854899644851685,0.9951590895652771
68,0.990522027015686,0.8829963803291321,0.1260530650615692,1e-06,0.9503669738769531,0.9901139140129089,0.9901323318481445,0.9967061281204224,0.985792875289917,0.8297611474990845,0.18558546900749207,0.947790265083313,0.9854658246040344,0.9854881763458252,0.9951587915420532
69,0.9904297590255737,0.8849064111709595,0.12368927150964737,1e-06,0.9506417512893677,0.9900322556495667,0.9900513887405396,0.9966788291931152,0.9857657551765442,0.829775333404541,0.1862368881702423,0.9469841718673706,0.9854446649551392,0.9854677319526672,0.9951510429382324
70,0.9906845092773438,0.8833935260772705,0.12472250312566757,1e-06,0.9501023292541504,0.9902732968330383,0.9902902841567993,0.9967598915100098,0.9859125018119812,0.8291489481925964,0.1852150708436966,0.9444135427474976,0.9855822920799255,0.985602855682373,0.9951973557472229
71,0.9907084107398987,0.8830245137214661,0.12374613434076309,1e-06,0.9491496086120605,0.9902922511100769,0.9903120398521423,0.9967647194862366,0.9857504367828369,0.8288267850875854,0.1844378262758255,0.9444053173065186,0.9854225516319275,0.9854447841644287,0.9951429963111877
72,0.9905638098716736,0.8838763236999512,0.12188811600208282,1e-06,0.9491993188858032,0.990146815776825,0.9901643395423889,0.9967164397239685,0.9858896732330322,0.8295150995254517,0.1856466680765152,0.9470312595367432,0.9855639338493347,0.9855858683586121,0.9951906204223633
73,0.9908052086830139,0.8840495944023132,0.12333494424819946,1e-06,0.9526114463806152,0.9903898239135742,0.9904069304466248,0.9967976808547974,0.9860205054283142,0.8300029039382935,0.18523350358009338,0.9496814012527466,0.9856925010681152,0.9857145547866821,0.9952336549758911
74,0.9906268119812012,0.8862619400024414,0.12124548852443695,1e-06,0.951109766960144,0.9902170896530151,0.9902379512786865,0.996740460395813,0.9859119653701782,0.8295242190361023,0.18539857864379883,0.9472121000289917,0.9855841994285583,0.985605776309967,0.9951961040496826
75,0.990749716758728,0.8842557072639465,0.12253265082836151,1e-06,0.9497429132461548,0.9903311729431152,0.9903472661972046,0.996779203414917,0.9858700037002563,0.8297653794288635,0.18461547791957855,0.9463354349136353,0.9855414032936096,0.9855644106864929,0.9951832294464111
76,0.9908156991004944,0.8865759372711182,0.1213974878191948,1e-06,0.9503414630889893,0.990403413772583,0.9904217720031738,0.9968019723892212,0.9858834147453308,0.829795241355896,0.18558365106582642,0.9485380053520203,0.9855557680130005,0.9855791330337524,0.9951878190040588
77,0.9906116724014282,0.8867558240890503,0.11814028024673462,1e-06,0.9519290924072266,0.9901992678642273,0.990218460559845,0.9967354536056519,0.9857891201972961,0.830900251865387,0.18639467656612396,0.9488678574562073,0.9854691624641418,0.9854936599731445,0.9951595664024353
78,0.9908590912818909,0.8851645588874817,0.12267479300498962,1e-06,0.9519811868667603,0.9904438257217407,0.990462601184845,0.99681556224823,0.985840380191803,0.8297688364982605,0.18558843433856964,0.9481263160705566,0.9855155348777771,0.9855387210845947,0.9951735138893127
79,0.9907402396202087,0.8838501572608948,0.12286626547574997,1e-06,0.951646625995636,0.9903249740600586,0.9903491139411926,0.996776819229126,0.9858786463737488,0.8306459784507751,0.18601764738559723,0.9497109055519104,0.985552191734314,0.985575795173645,0.9951872825622559
80,0.9907804131507874,0.8861435651779175,0.1197296753525734,1e-06,0.9528193473815918,0.990365207195282,0.9903868436813354,0.99679034948349,0.985836386680603,0.830330491065979,0.1851237565279007,0.9485784769058228,0.9855130910873413,0.9855359196662903,0.9951741099357605
81,0.9908156394958496,0.8849539160728455,0.12288521975278854,1e-06,0.9520927667617798,0.9904095530509949,0.9904294610023499,0.9968047738075256,0.9859277009963989,0.8301802277565002,0.1852937787771225,0.9477872848510742,0.9856013059616089,0.9856247901916504,0.9952027201652527
82,0.9908023476600647,0.8853247761726379,0.12285058200359344,1e-06,0.9522730112075806,0.9903905391693115,0.9904095530509949,0.9967984557151794,0.9857903122901917,0.830394983291626,0.18518708646297455,0.9452124834060669,0.9854658246040344,0.9854894876480103,0.99515700340271
83,0.9906782507896423,0.8875988721847534,0.11938317865133286,1e-06,0.9502288699150085,0.9902582764625549,0.9902778267860413,0.9967538714408875,0.9858550429344177,0.8303239941596985,0.18560688197612762,0.947527289390564,0.9855321049690247,0.985558032989502,0.9951798915863037
84,0.9909309148788452,0.8884981274604797,0.11761929839849472,1e-06,0.9518499374389648,0.9905173182487488,0.9905362725257874,0.9968414902687073,0.9859259128570557,0.830119788646698,0.18541169166564941,0.9488102793693542,0.9856005311012268,0.9856246709823608,0.9952024817466736
85,0.9909390211105347,0.8881576061248779,0.11889350414276123,1e-06,0.9551205635070801,0.9905387163162231,0.9905582070350647,0.9968476891517639,0.9857890009880066,0.8299652934074402,0.18580536544322968,0.9469841718673706,0.9854623675346375,0.9854863882064819,0.9951561093330383
86,0.9909713268280029,0.8827022910118103,0.12384657561779022,1e-06,0.9534385204315186,0.9905627965927124,0.9905837774276733,0.9968553781509399,0.9858946204185486,0.8303200006484985,0.18566344678401947,0.9489724636077881,0.985564649105072,0.9855898022651672,0.9951905012130737
87,0.990873396396637,0.8881542682647705,0.11926981061697006,1e-06,0.9524984359741211,0.9904582500457764,0.9904788136482239,0.996820867061615,0.9859363436698914,0.8300999402999878,0.18618862330913544,0.9496159553527832,0.9856078624725342,0.9856328368186951,0.995205283164978
88,0.9910901784896851,0.8876391053199768,0.11943905800580978,1e-06,0.9540649652481079,0.9906721115112305,0.9906928539276123,0.9968926906585693,0.9859386682510376,0.8306316137313843,0.1849469095468521,0.9493569135665894,0.9856102466583252,0.9856350421905518,0.995205283164978
89,0.990820586681366,0.883506715297699,0.122426338493824,1e-06,0.953502893447876,0.9904060363769531,0.9904268383979797,0.9968022108078003,0.9859463572502136,0.8304797410964966,0.1858399361371994,0.9501544237136841,0.985619068145752,0.985643208026886,0.9952090978622437
90,0.9910180568695068,0.8881618976593018,0.11868949234485626,1e-06,0.9535418152809143,0.9906023144721985,0.9906220436096191,0.9968675374984741,0.9859544038772583,0.8299627900123596,0.1855805367231369,0.9499192237854004,0.9856228828430176,0.9856463670730591,0.9952106475830078
91,0.9908896684646606,0.8875227570533752,0.1190757229924202,1e-06,0.953773021697998,0.9904690980911255,0.9904882907867432,0.996825098991394,0.9859426617622375,0.8304394483566284,0.18532148003578186,0.9500448107719421,0.9856149554252625,0.985640287399292,0.9952082633972168
92,0.9909464716911316,0.886778712272644,0.11967653781175613,1e-06,0.9533050060272217,0.9905276298522949,0.9905472993850708,0.9968432784080505,0.9860068559646606,0.8304325342178345,0.18520475924015045,0.9527280330657959,0.9856797456741333,0.9857016801834106,0.9952282905578613
93,0.9910193085670471,0.8869299292564392,0.12042888253927231,1e-06,0.9568523168563843,0.9906099438667297,0.9906307458877563,0.9968711733818054,0.9859791398048401,0.8307827115058899,0.1860002726316452,0.9509708881378174,0.9856536984443665,0.9856769442558289,0.9952207207679749
94,0.9910027980804443,0.8866440653800964,0.11989390105009079,1e-06,0.954370379447937,0.9905862808227539,0.9906070232391357,0.9968619346618652,0.9859869480133057,0.8308409452438354,0.18482841551303864,0.9488537311553955,0.9856569766998291,0.985681414604187,0.9952219128608704
95,0.9908838868141174,0.8847342729568481,0.12103652954101562,1e-06,0.9540456533432007,0.9904596209526062,0.9904823899269104,0.9968204498291016,0.9859022498130798,0.8307826519012451,0.1851786971092224,0.9511675238609314,0.9855764508247375,0.9856010675430298,0.9951945543289185
96,0.9910048246383667,0.8879517912864685,0.11810988187789917,1e-06,0.9549615979194641,0.9905923008918762,0.9906125664710999,0.9968653321266174,0.9858731627464294,0.8310001492500305,0.18475671112537384,0.9483861327171326,0.98554527759552,0.9855697751045227,0.9951843619346619
97,0.9910210967063904,0.8875870108604431,0.12015151232481003,1e-06,0.9535415768623352,0.9906066060066223,0.9906251430511475,0.9968705773353577,0.9859429001808167,0.8308923244476318,0.18449611961841583,0.9505292773246765,0.9856171607971191,0.9856410622596741,0.995208203792572
98,0.9911031126976013,0.8874040842056274,0.1200004518032074,1e-06,0.9554121494293213,0.9906825423240662,0.990702211856842,0.9968953728675842,0.9859408736228943,0.8307688236236572,0.1853770613670349,0.9517768621444702,0.9856182932853699,0.9856435656547546,0.9952080845832825
99,0.9911230206489563,0.8866434693336487,0.11946675181388855,1e-06,0.9570072293281555,0.9907144904136658,0.9907353520393372,0.9969058632850647,0.9859229922294617,0.8304525017738342,0.18550674617290497,0.9486432671546936,0.9855934381484985,0.9856180548667908,0.9952012300491333
100,0.9912267327308655,0.8858010172843933,0.12261534482240677,1e-06,0.955893337726593,0.9908221960067749,0.9908453822135925,0.9969428777694702,0.9859634637832642,0.8309783935546875,0.1844843327999115,0.9503031969070435,0.9856380820274353,0.9856628775596619,0.9952152371406555
101,0.9911425709724426,0.8864632844924927,0.1210562065243721,1e-06,0.9568468332290649,0.9907335638999939,0.9907534122467041,0.9969117045402527,0.986047089099884,0.8313271999359131,0.18437360227108002,0.9517226815223694,0.985723614692688,0.9857460260391235,0.9952445030212402
102,0.9911482930183411,0.8897369503974915,0.11689336597919464,1e-06,0.9532832503318787,0.9907228946685791,0.990745484828949,0.9969100952148438,0.985985517501831,0.8315927386283875,0.18385572731494904,0.9490054845809937,0.9856581091880798,0.985680878162384,0.9952211380004883
103,0.9912340641021729,0.8863078951835632,0.12051662057638168,1e-06,0.954039454460144,0.9908128976821899,0.9908311367034912,0.9969395399093628,0.9859565496444702,0.8310964107513428,0.18474942445755005,0.947748064994812,0.9856271147727966,0.985650360584259,0.9952113032341003
104,0.9910033941268921,0.8882269859313965,0.11921863257884979,1e-06,0.9514486193656921,0.9905763864517212,0.9905969500541687,0.9968609809875488,0.9859832525253296,0.8312879800796509,0.18419091403484344,0.9502971768379211,0.9856575131416321,0.9856813549995422,0.9952220320701599
105,0.9911648631095886,0.8897097706794739,0.11721688508987427,1e-06,0.9546476602554321,0.9907370805740356,0.9907581210136414,0.9969136118888855,0.9859920740127563,0.83111572265625,0.18482904136180878,0.9506535530090332,0.9856645464897156,0.985687792301178,0.9952245950698853
106,0.9909412264823914,0.8840823173522949,0.12246494740247726,1e-06,0.953526496887207,0.9905191659927368,0.9905393123626709,0.9968416690826416,0.9859564304351807,0.8312039375305176,0.18473738431930542,0.9497053623199463,0.9856311678886414,0.9856554865837097,0.9952137470245361
107,0.9908561706542969,0.8826308250427246,0.12437573820352554,1e-06,0.9533241987228394,0.9904294610023499,0.9904497861862183,0.9968110918998718,0.9859713315963745,0.8317784070968628,0.18478700518608093,0.9504138231277466,0.9856463670730591,0.9856694936752319,0.9952186942100525
108,0.9912242889404297,0.8896750211715698,0.1153673604130745,1e-06,0.9553606510162354,0.9908043146133423,0.9908227324485779,0.9969356656074524,0.9860044121742249,0.8313614130020142,0.1853836327791214,0.9526892900466919,0.9856765270233154,0.9857000112533569,0.9952277541160583
109,0.9911791086196899,0.8880786895751953,0.11826754361391068,1e-06,0.9560334086418152,0.990750789642334,0.9907741546630859,0.9969185590744019,0.9860479831695557,0.8314171433448792,0.1850736290216446,0.9534307718276978,0.9857233762741089,0.9857480525970459,0.9952437281608582
110,0.9910445809364319,0.8871018886566162,0.1186821460723877,1e-06,0.9580124616622925,0.99062579870224,0.9906485080718994,0.99687659740448,0.9860466718673706,0.8312684297561646,0.1857774555683136,0.9508727788925171,0.9857187867164612,0.985741376876831,0.9952412843704224
111,0.991296112537384,0.8911982178688049,0.1167362630367279,1e-06,0.9572868943214417,0.9908783435821533,0.9908977746963501,0.9969615936279297,0.9859198927879333,0.8317123651504517,0.1844453364610672,0.9513472318649292,0.9855952262878418,0.9856207370758057,0.9952013492584229
112,0.9911638498306274,0.8895741105079651,0.1155598908662796,1e-06,0.9536468982696533,0.9907292723655701,0.9907499551773071,0.996910810470581,0.9859998226165771,0.831598699092865,0.18379119038581848,0.9500830173492432,0.9856721758842468,0.9856960773468018,0.9952268600463867
113,0.991183876991272,0.8868815898895264,0.11719191819429398,1e-06,0.9533137679100037,0.9907492995262146,0.9907704591751099,0.9969173669815063,0.9859999418258667,0.8315054774284363,0.18444742262363434,0.9501849412918091,0.9856745004653931,0.9856985211372375,0.9952266216278076
114,0.9912926554679871,0.8904542922973633,0.11490444093942642,1e-06,0.9563941955566406,0.9908637404441833,0.9908874034881592,0.996954619884491,0.9860033988952637,0.8312405943870544,0.18464836478233337,0.951251745223999,0.985677182674408,0.9857022166252136,0.9952278733253479
115,0.9912267923355103,0.8901450634002686,0.1165880635380745,1e-06,0.9567166566848755,0.9907954931259155,0.9908186793327332,0.9969325661659241,0.9859040379524231,0.8313786387443542,0.18577250838279724,0.9539142847061157,0.9855801463127136,0.9856051802635193,0.9951968789100647
116,0.9914052486419678,0.891376256942749,0.11630191653966904,1e-06,0.9579932689666748,0.9909776449203491,0.9910008311271667,0.996993899345398,0.9859637022018433,0.8311243057250977,0.18469128012657166,0.9529165625572205,0.9856358170509338,0.9856608510017395,0.9952141046524048
117,0.9913338422775269,0.8876274824142456,0.11813557147979736,1e-06,0.9563871026039124,0.9909005761146545,0.9909217953681946,0.9969682097434998,0.9859923124313354,0.8316417336463928,0.18386179208755493,0.9520611763000488,0.9856615662574768,0.9856873750686646,0.9952241778373718
118,0.9913467168807983,0.8905896544456482,0.11690124869346619,1e-06,0.9574480056762695,0.9909289479255676,0.9909507632255554,0.9969779253005981,0.9860032796859741,0.8318976163864136,0.18435117602348328,0.9520716667175293,0.9856768846511841,0.9856998920440674,0.9952285289764404
119,0.9913880228996277,0.8898598551750183,0.11602342128753662,1e-06,0.9551565647125244,0.9909585118293762,0.9909789562225342,0.9969878196716309,0.98606276512146,0.8311598300933838,0.1835656315088272,0.9518738985061646,0.9857363104820251,0.9857586026191711,0.9952477812767029
120,0.9913515448570251,0.8888590931892395,0.11677764356136322,1e-06,0.9577038288116455,0.990928590297699,0.990952730178833,0.9969779849052429,0.985938549041748,0.8318913578987122,0.18475359678268433,0.9519628286361694,0.9856111407279968,0.9856360554695129,0.9952060580253601
121,0.9912323355674744,0.8910750150680542,0.11414854228496552,1e-06,0.9566750526428223,0.9907988905906677,0.990821361541748,0.9969344735145569,0.9859796762466431,0.8320236802101135,0.18393053114414215,0.9503993988037109,0.985650360584259,0.9856733083724976,0.9952183365821838
122,0.991244912147522,0.8913518786430359,0.11360663920640945,1e-06,0.9549533128738403,0.990806519985199,0.9908313751220703,0.9969366788864136,0.9859951138496399,0.8320851922035217,0.18374766409397125,0.9509414434432983,0.9856649041175842,0.9856889247894287,0.9952244758605957
123,0.9913758635520935,0.8916248083114624,0.11510175466537476,1e-06,0.9563616514205933,0.9909416437149048,0.9909630417823792,0.996981680393219,0.9860164523124695,0.8324931263923645,0.18306618928909302,0.9507899880409241,0.9856867790222168,0.9857109785079956,0.9952305555343628
124,0.9913769364356995,0.8885917663574219,0.11823322623968124,1e-06,0.9566811323165894,0.9909521341323853,0.990972101688385,0.9969851970672607,0.9859786629676819,0.8318994045257568,0.18311192095279694,0.9506979584693909,0.9856470227241516,0.9856718182563782,0.99521803855896
125,0.9914897680282593,0.8929415345191956,0.11320000141859055,1e-06,0.9563232064247131,0.9910587668418884,0.9910827875137329,0.9970201253890991,0.98603355884552,0.8318749666213989,0.18397845327854156,0.9540222883224487,0.9857090711593628,0.9857305288314819,0.995238721370697
126,0.991258978843689,0.8915027379989624,0.11315903067588806,1e-06,0.9563518762588501,0.9908328652381897,0.990851879119873,0.9969460964202881,0.9860690236091614,0.832273006439209,0.1829771101474762,0.9513103365898132,0.9857401251792908,0.9857632517814636,0.9952492117881775
127,0.9913428425788879,0.8911656737327576,0.11307451128959656,1e-06,0.9566552042961121,0.9909089207649231,0.990928590297699,0.9969708323478699,0.9860238432884216,0.8318997025489807,0.18298320472240448,0.9525179266929626,0.9856969714164734,0.9857190251350403,0.9952345490455627
128,0.9915950894355774,0.8920112252235413,0.1141475960612297,1e-06,0.9584884643554688,0.9911730885505676,0.991195559501648,0.9970588088035583,0.9859756827354431,0.8314136862754822,0.1833968311548233,0.9531612396240234,0.9856510162353516,0.9856753945350647,0.9952192306518555
129,0.9913778901100159,0.8926184177398682,0.11342871934175491,1e-06,0.9598981738090515,0.9909377098083496,0.9909622073173523,0.9969795942306519,0.9859641790390015,0.8328770995140076,0.1839454025030136,0.9555780291557312,0.9856421947479248,0.9856690168380737,0.995216429233551
130,0.9914735555648804,0.892350435256958,0.11233343929052353,1e-06,0.9586265087127686,0.9910375475883484,0.9910653233528137,0.9970136284828186,0.9860809445381165,0.8322892189025879,0.18358150124549866,0.9551986455917358,0.9857535362243652,0.9857790470123291,0.9952530264854431
131,0.9915638566017151,0.8916899561882019,0.11375852674245834,1e-06,0.9583466053009033,0.9911337494850159,0.9911578893661499,0.9970462322235107,0.9860362410545349,0.8315363526344299,0.18415671586990356,0.9541752338409424,0.9857112765312195,0.9857354164123535,0.9952399134635925
132,0.9915869235992432,0.8919909000396729,0.11404101550579071,1e-06,0.9596279859542847,0.9911534190177917,0.9911777377128601,0.9970524311065674,0.9860016107559204,0.8318760991096497,0.18386384844779968,0.9541796445846558,0.98567795753479,0.9857035875320435,0.9952280521392822
133,0.9916282892227173,0.8931158781051636,0.11330084502696991,1e-06,0.960453987121582,0.9911957383155823,0.9912188649177551,0.9970661401748657,0.9860215783119202,0.8316365480422974,0.18402643501758575,0.9546018242835999,0.9856981039047241,0.9857228994369507,0.9952341318130493
134,0.9915781617164612,0.8943637013435364,0.11066310107707977,1e-06,0.9584547281265259,0.9911379814147949,0.9911614060401917,0.9970467686653137,0.9860312342643738,0.8319507241249084,0.18363791704177856,0.9535956382751465,0.985704243183136,0.9857288599014282,0.9952380061149597
135,0.9915616512298584,0.8916630148887634,0.11399130523204803,1e-06,0.9593706727027893,0.9911292195320129,0.9911519885063171,0.9970442652702332,0.9860895872116089,0.8318775296211243,0.18439295887947083,0.9563148021697998,0.9857659339904785,0.9857897758483887,0.9952579140663147
136,0.9916498064994812,0.8925166726112366,0.11315106600522995,1e-06,0.9596269130706787,0.9912148714065552,0.9912383556365967,0.9970729947090149,0.9859333038330078,0.8318789005279541,0.1840502768754959,0.9546738266944885,0.9856079816818237,0.9856328368186951,0.9952055215835571
137,0.9916503429412842,0.8946466445922852,0.11108090728521347,1e-06,0.9606141448020935,0.9912208914756775,0.9912422895431519,0.9970752596855164,0.9860551357269287,0.8317508697509766,0.1840902864933014,0.9560772180557251,0.985727071762085,0.9857523441314697,0.9952451586723328
138,0.9916754961013794,0.8955187201499939,0.11079612374305725,1e-06,0.9621456861495972,0.9912527799606323,0.9912737607955933,0.997085452079773,0.9860234260559082,0.8312778472900391,0.1833411157131195,0.9558122158050537,0.9856966733932495,0.9857209324836731,0.995235025882721
139,0.9914727210998535,0.8907611966133118,0.11440639942884445,1e-06,0.9602774381637573,0.9910408854484558,0.9910657405853271,0.997015655040741,0.9860474467277527,0.8319905400276184,0.18377521634101868,0.9552158117294312,0.9857217073440552,0.9857461452484131,0.9952424764633179
140,0.991744875907898,0.8945831060409546,0.1121135726571083,1e-06,0.9615740776062012,0.9913199543952942,0.9913393259048462,0.9971078038215637,0.9860180020332336,0.8317108154296875,0.18423309922218323,0.9528747797012329,0.985690176486969,0.9857147336006165,0.9952333569526672
141,0.9915416836738586,0.8936278820037842,0.1134684681892395,1e-06,0.9595869183540344,0.9911066293716431,0.9911315441131592,0.9970366954803467,0.9860901236534119,0.8319385647773743,0.18399947881698608,0.9530732035636902,0.9857632517814636,0.985788106918335,0.9952570199966431
142,0.9913218021392822,0.8904653787612915,0.11552195996046066,1e-06,0.9591482877731323,0.9908899664878845,0.9909144639968872,0.9969651103019714,0.9860568046569824,0.8320691585540771,0.18359220027923584,0.9543198347091675,0.985734760761261,0.9857569932937622,0.9952462911605835
143,0.9916978478431702,0.8917406797409058,0.11528372019529343,1e-06,0.9613165855407715,0.9912592172622681,0.9912828803062439,0.9970879554748535,0.9860047101974487,0.833375871181488,0.1851460337638855,0.9571976065635681,0.985683798789978,0.9857093691825867,0.995232105255127
144,0.9915939569473267,0.8950142860412598,0.10963255167007446,1e-06,0.9593443870544434,0.9911589622497559,0.9911795854568481,0.997055172920227,0.9859970211982727,0.8323205709457397,0.18437539041042328,0.9547034502029419,0.9856769442558289,0.9857025742530823,0.9952278733253479
145,0.9916165471076965,0.8946074843406677,0.11102282255887985,1e-06,0.9589670300483704,0.9911842346191406,0.9912053942680359,0.997062623500824,0.9861400723457336,0.8322680592536926,0.18349820375442505,0.9560884237289429,0.9858139157295227,0.9858375787734985,0.995274007320404
146,0.9916132688522339,0.8890296220779419,0.116805300116539,1e-06,0.9614478349685669,0.9911836981773376,0.9912089705467224,0.9970628023147583,0.986098051071167,0.8331285119056702,0.18332231044769287,0.9539294242858887,0.9857698678970337,0.9857960343360901,0.9952598214149475
147,0.9917104840278625,0.8930237293243408,0.11137070506811142,1e-06,0.9585498571395874,0.9912652969360352,0.9912892580032349,0.9970903396606445,0.9860436320304871,0.8317453861236572,0.184170201420784,0.9543794989585876,0.9857175350189209,0.9857429265975952,0.9952420592308044
148,0.9918267726898193,0.8982769250869751,0.10804596543312073,1e-06,0.9616663455963135,0.9913879632949829,0.9914088249206543,0.9971308708190918,0.9859897494316101,0.8312355875968933,0.18522468209266663,0.955534040927887,0.985666811466217,0.9856927394866943,0.9952249526977539
149,0.991581916809082,0.892737627029419,0.11363472789525986,1e-06,0.9582866430282593,0.9911274909973145,0.9911524653434753,0.9970448017120361,0.9860455393791199,0.8315941691398621,0.18311052024364471,0.9542146325111389,0.9857186675071716,0.985744059085846,0.9952418208122253
150,0.9914464354515076,0.8930985331535339,0.11246636509895325,1e-06,0.9590303897857666,0.9910110235214233,0.9910345673561096,0.9970040321350098,0.9861001968383789,0.8318600058555603,0.18407294154167175,0.954938530921936,0.9857738018035889,0.9857980608940125,0.9952605962753296
151,0.9918149709701538,0.8907893896102905,0.11399389058351517,1e-06,0.9601538181304932,0.9913842082023621,0.9914078116416931,0.9971297383308411,0.9861080050468445,0.8324348330497742,0.1835828274488449,0.9557086229324341,0.9857850670814514,0.9858107566833496,0.995263934135437
152,0.9918091297149658,0.896159291267395,0.10942880064249039,1e-06,0.9615382552146912,0.9913786053657532,0.9914011359214783,0.9971274137496948,0.9860965013504028,0.8320704698562622,0.18338382244110107,0.956574559211731,0.9857776761054993,0.9858015179634094,0.9952610731124878
153,0.9915707111358643,0.8950543403625488,0.11023281514644623,1e-06,0.9602649211883545,0.9911291003227234,0.9911579489707947,0.9970443248748779,0.9860849976539612,0.832050085067749,0.1835699826478958,0.9560452699661255,0.9857613444328308,0.9857869744300842,0.9952561259269714
154,0.9918364882469177,0.8932386636734009,0.11226069182157516,1e-06,0.9592540264129639,0.9913996458053589,0.9914220571517944,0.9971345663070679,0.9860826134681702,0.832054078578949,0.18392811715602875,0.9561055898666382,0.9857595562934875,0.9857845306396484,0.9952563643455505
155,0.9918431043624878,0.8903760313987732,0.11513585597276688,1e-06,0.9606754183769226,0.991407036781311,0.9914330840110779,0.9971373677253723,0.9861134886741638,0.8317506909370422,0.18320591747760773,0.9548373222351074,0.9857882857322693,0.9858125448226929,0.9952651858329773
156,0.9917644262313843,0.8947984576225281,0.11099278926849365,1e-06,0.9596495032310486,0.9913299679756165,0.9913546442985535,0.9971107244491577,0.9861014485359192,0.8321648240089417,0.1834682822227478,0.9538295865058899,0.9857751131057739,0.985799252986908,0.9952612519264221
157,0.991999626159668,0.8970116972923279,0.10732273012399673,1e-06,0.9608167409896851,0.9915599226951599,0.9915841817855835,0.9971887469291687,0.9860999584197998,0.8318262100219727,0.1835702806711197,0.9563243985176086,0.9857733249664307,0.9857993721961975,0.9952594637870789
158,0.9918588399887085,0.8968873023986816,0.10948359221220016,1e-06,0.9612565040588379,0.9914183020591736,0.9914442896842957,0.997140109539032,0.9861769080162048,0.8322312831878662,0.18387657403945923,0.955434262752533,0.9858497977256775,0.9858751893043518,0.9952857494354248
159,0.9917559623718262,0.8959627747535706,0.11016958951950073,1e-06,0.9610463380813599,0.9913202524185181,0.991345226764679,0.9971089959144592,0.986135721206665,0.8321088552474976,0.18394212424755096,0.9566069841384888,0.9858103394508362,0.9858365058898926,0.995272696018219
160,0.9918745160102844,0.8937720656394958,0.11144966632127762,1e-06,0.9611319303512573,0.99142986536026,0.9914539456367493,0.9971442818641663,0.9861714243888855,0.8316288590431213,0.18367722630500793,0.9564189314842224,0.9858465790748596,0.9858710169792175,0.9952848553657532
161,0.9918320178985596,0.8966702222824097,0.10884437710046768,1e-06,0.9633168578147888,0.9913915395736694,0.991418182849884,0.9971317052841187,0.9861304759979248,0.8319303393363953,0.18269041180610657,0.9578529596328735,0.9858077764511108,0.9858333468437195,0.9952720403671265
162,0.9920316934585571,0.8962554335594177,0.10884185880422592,1e-06,0.9645923972129822,0.9915988445281982,0.9916238188743591,0.9972006678581238,0.9860668778419495,0.8320110440254211,0.18396355211734772,0.9591212272644043,0.985744833946228,0.9857712984085083,0.9952514171600342
163,0.9918962717056274,0.8958175778388977,0.11042487621307373,1e-06,0.9630889892578125,0.9914575219154358,0.9914804697036743,0.9971547722816467,0.986134946346283,0.832141101360321,0.1830597221851349,0.9575645923614502,0.9858124852180481,0.9858382940292358,0.9952731132507324
164,0.9918730854988098,0.8957430720329285,0.1088487058877945,1e-06,0.9620071649551392,0.9914374947547913,0.9914618134498596,0.9971477389335632,0.986107587814331,0.8319658637046814,0.18294061720371246,0.9557499885559082,0.9857800602912903,0.9858047366142273,0.9952619671821594
165,0.9917664527893066,0.8948837518692017,0.11169902980327606,1e-06,0.9606456160545349,0.9913253784179688,0.9913492798805237,0.9971099495887756,0.9860816597938538,0.8325828313827515,0.1853748857975006,0.9552215337753296,0.9857558012008667,0.9857827425003052,0.9952540397644043
166,0.9918816089630127,0.8952183127403259,0.11044576019048691,1e-06,0.9595005512237549,0.9914399981498718,0.9914655089378357,0.9971480965614319,0.9861700534820557,0.8314554691314697,0.18270820379257202,0.9559520483016968,0.9858412742614746,0.9858665466308594,0.9952831864356995
167,0.9919672608375549,0.8994410634040833,0.1047792062163353,1e-06,0.9614270329475403,0.9915221333503723,0.9915449619293213,0.9971761107444763,0.9861025214195251,0.8324240446090698,0.1842203289270401,0.9576835632324219,0.9857784509658813,0.985805094242096,0.995262086391449
168,0.9917685985565186,0.896153450012207,0.10976027697324753,1e-06,0.9615682363510132,0.9913246035575867,0.991346001625061,0.9971097111701965,0.9861275553703308,0.8317923545837402,0.18338733911514282,0.9559764862060547,0.9857996106147766,0.985825777053833,0.9952688813209534
169,0.9919427633285522,0.8930137753486633,0.1141902431845665,1e-06,0.9620500802993774,0.9915021657943726,0.9915295839309692,0.9971686005592346,0.9861140251159668,0.831574022769928,0.1838194578886032,0.9569896459579468,0.9857909679412842,0.985816478729248,0.995265543460846
170,0.9919087290763855,0.8946537971496582,0.1108032613992691,1e-06,0.9626632928848267,0.9914687871932983,0.991496741771698,0.9971572160720825,0.9861775636672974,0.8317046165466309,0.18353290855884552,0.9570401906967163,0.9858525991439819,0.9858789443969727,0.9952872395515442
171,0.9918511509895325,0.8949595093727112,0.1100834384560585,1e-06,0.960824728012085,0.9914018511772156,0.9914292097091675,0.9971355199813843,0.9862056970596313,0.8316168189048767,0.18389266729354858,0.9584680795669556,0.9858829975128174,0.985910177230835,0.9952977299690247
172,0.9918949604034424,0.8956075310707092,0.10928559303283691,1e-06,0.9636766910552979,0.9914633631706238,0.9914895296096802,0.9971559643745422,0.9862065315246582,0.8316320180892944,0.18289576470851898,0.9568555355072021,0.9858822226524353,0.9859095811843872,0.9952974915504456
173,0.9921198487281799,0.8961201310157776,0.11020783334970474,1e-06,0.9619702100753784,0.9916849732398987,0.9917090535163879,0.9972299337387085,0.9860728979110718,0.8316960334777832,0.18491163849830627,0.9572299718856812,0.9857491850852966,0.9857756495475769,0.995252251625061
174,0.99193274974823,0.8950700163841248,0.10944533348083496,1e-06,0.9622453451156616,0.9914873242378235,0.9915100336074829,0.9971625208854675,0.9861356019973755,0.8320878148078918,0.18326407670974731,0.955966055393219,0.9858094453811646,0.9858354926109314,0.9952724575996399
175,0.9917447566986084,0.8961129784584045,0.10989256948232651,1e-06,0.9616740942001343,0.9913018941879272,0.9913280010223389,0.9971028566360474,0.9861847162246704,0.8318423628807068,0.18335750699043274,0.9587733745574951,0.985856831073761,0.985883355140686,0.9952881336212158
176,0.9919966459274292,0.8943197131156921,0.11243527382612228,1e-06,0.9628521800041199,0.9915593266487122,0.9915845394134521,0.9971882700920105,0.9860902428627014,0.8324486613273621,0.1851043850183487,0.9593342542648315,0.9857697486877441,0.9857970476150513,0.995259702205658
177,0.9918559789657593,0.8963299989700317,0.11023053526878357,1e-06,0.9626035690307617,0.9914111495018005,0.9914350509643555,0.9971392750740051,0.9861006140708923,0.8322854042053223,0.18369589745998383,0.9572321772575378,0.9857779145240784,0.9858042001724243,0.99526047706604
178,0.9919027090072632,0.8954201340675354,0.11025162786245346,1e-06,0.9622973203659058,0.9914679527282715,0.9914953708648682,0.9971577525138855,0.9861547350883484,0.8321976661682129,0.18355108797550201,0.9578980207443237,0.9858314394950867,0.9858596324920654,0.9952787160873413
179,0.9920858144760132,0.9013668894767761,0.10329431295394897,1e-06,0.9625162482261658,0.9916465282440186,0.9916743040084839,0.9972174167633057,0.9862069487571716,0.8323943018913269,0.18305379152297974,0.9584601521492004,0.9858807325363159,0.9859085083007812,0.9952964782714844
180,0.9922640323638916,0.9011364579200745,0.10309849679470062,1e-06,0.964333176612854,0.9918169975280762,0.9918423295021057,0.9972730875015259,0.9861077666282654,0.8322325944900513,0.18371406197547913,0.9589593410491943,0.985786497592926,0.9858146905899048,0.9952638745307922
181,0.991966962814331,0.8957341313362122,0.10933560878038406,1e-06,0.964124321937561,0.9915263056755066,0.991551399230957,0.9971773624420166,0.9862049221992493,0.8321211934089661,0.18319763243198395,0.9578350782394409,0.9858814477920532,0.9859079122543335,0.9952963590621948
182,0.9920251965522766,0.8970350027084351,0.10882706940174103,1e-06,0.9637970924377441,0.9915803670883179,0.9916069507598877,0.9971945285797119,0.9861859083175659,0.8326889872550964,0.18251462280750275,0.9562655687332153,0.9858582615852356,0.9858849048614502,0.9952890872955322
183,0.9918732047080994,0.8954909443855286,0.1093689575791359,1e-06,0.9621192216873169,0.9914239645004272,0.9914516806602478,0.9971425533294678,0.9862415790557861,0.8340668082237244,0.18325091898441315,0.9585263729095459,0.9859201908111572,0.9859471321105957,0.9953098893165588
184,0.9921284317970276,0.8965762853622437,0.10863713175058365,1e-06,0.9633204340934753,0.9916963577270508,0.9917244911193848,0.9972334504127502,0.9862853288650513,0.8328023552894592,0.1825607568025589,0.9581950306892395,0.9859601259231567,0.9859867095947266,0.9953222274780273
185,0.9921085834503174,0.8980992436408997,0.10786720365285873,1e-06,0.9628929495811462,0.9916713833808899,0.9916985034942627,0.9972245097160339,0.9862438440322876,0.8330541849136353,0.18292942643165588,0.9567816853523254,0.9859200119972229,0.9859459400177002,0.9953078031539917
186,0.9921134114265442,0.9002723693847656,0.10387802124023438,1e-06,0.9636096954345703,0.9916675090789795,0.9916914105415344,0.9972249865531921,0.9862239360809326,0.8327820897102356,0.18379734456539154,0.9602824449539185,0.9859058856964111,0.9859335422515869,0.9953041076660156
187,0.9919497966766357,0.8912375569343567,0.11564025282859802,1e-06,0.9642443656921387,0.9915112257003784,0.9915361404418945,0.9971712231636047,0.986260175704956,0.8329287171363831,0.18384398519992828,0.9594231843948364,0.9859380125999451,0.9859651327133179,0.9953154921531677
188,0.9919790029525757,0.896755576133728,0.10815202444791794,1e-06,0.9629515409469604,0.9915382862091064,0.9915635585784912,0.9971805214881897,0.9862104058265686,0.8332380652427673,0.1823197603225708,0.9570190906524658,0.9858856797218323,0.9859128594398499,0.9952987432479858
189,0.9920412302017212,0.8956400156021118,0.1105170026421547,1e-06,0.9639155864715576,0.9915946125984192,0.9916215538978577,0.9971998333930969,0.9861821532249451,0.8328977823257446,0.1835782378911972,0.9587979912757874,0.9858595132827759,0.9858860969543457,0.9952890276908875
190,0.9921937584877014,0.9008367657661438,0.10315665602684021,1e-06,0.9626847505569458,0.9917486310005188,0.9917729496955872,0.9972505569458008,0.9862203598022461,0.8327270746231079,0.1828804463148117,0.9585752487182617,0.9858964085578918,0.9859232306480408,0.9953017234802246
191,0.9920327067375183,0.8990225195884705,0.10536348819732666,1e-06,0.9637242555618286,0.991583526134491,0.9916089773178101,0.9971954822540283,0.9861997961997986,0.8326846361160278,0.1824926733970642,0.9585128426551819,0.985877513885498,0.985904335975647,0.9952952861785889
192,0.992098867893219,0.8991609215736389,0.10521741956472397,1e-06,0.9618446230888367,0.9916456341743469,0.9916700124740601,0.9972158670425415,0.9862344264984131,0.833075225353241,0.18332411348819733,0.9565060138702393,0.9859108328819275,0.9859384298324585,0.9953069090843201
193,0.9921589493751526,0.8960009217262268,0.10884024202823639,1e-06,0.964521050453186,0.9917099475860596,0.9917343258857727,0.9972379803657532,0.9862300753593445,0.8338833451271057,0.1834210455417633,0.9595774412155151,0.9859089255332947,0.9859389066696167,0.9953060150146484
194,0.9924843907356262,0.9009581804275513,0.10415565967559814,1e-06,0.9654807448387146,0.9920393824577332,0.992066502571106,0.9973474740982056,0.9861520528793335,0.8331797122955322,0.1838274449110031,0.958909273147583,0.9858314394950867,0.9858601689338684,0.9952800869941711
195,0.9920719861984253,0.899510383605957,0.10528932511806488,1e-06,0.9638627767562866,0.9916224479675293,0.9916492700576782,0.9972086548805237,0.9862515330314636,0.8339836001396179,0.183246910572052,0.9602609872817993,0.9859275817871094,0.9859567880630493,0.9953124523162842
196,0.99212646484375,0.8971940875053406,0.10610806941986084,1e-06,0.9643410444259644,0.9916845560073853,0.9917097091674805,0.9972293376922607,0.9862077236175537,0.8334363102912903,0.1836131364107132,0.9597253799438477,0.9858865737915039,0.9859130382537842,0.9952969551086426
197,0.9921156167984009,0.8982787132263184,0.10536789894104004,1e-06,0.9640070199966431,0.9916650652885437,0.9916895031929016,0.9972226023674011,0.986150860786438,0.8331483006477356,0.18371713161468506,0.9588164687156677,0.9858325719833374,0.98586106300354,0.9952800869941711
198,0.9921581745147705,0.894902229309082,0.11016099154949188,1e-06,0.9650532007217407,0.9917158484458923,0.9917433261871338,0.9972400665283203,0.9861500263214111,0.8332889676094055,0.183872789144516,0.960675835609436,0.98582923412323,0.9858583807945251,0.9952797293663025
199,0.9920485019683838,0.8995948433876038,0.10571039468050003,1e-06,0.964508056640625,0.9916142821311951,0.9916405081748962,0.9972066879272461,0.9862412810325623,0.8341590762138367,0.18254467844963074,0.9594446420669556,0.9859166145324707,0.9859445691108704,0.9953073263168335
