epoch,accuracy,dice_coef,loss,lr,mean_io_u,precision,sensitivity,specificity,val_accuracy,val_dice_coef,val_loss,val_mean_io_u,val_precision,val_sensitivity,val_specificity
0,0.960906445980072,0.43747955560684204,0.5804930329322815,1e-04,0.785690188407898,0.9680959582328796,0.9502899646759033,0.9898139238357544,0.967519223690033,0.5488331317901611,0.4559357464313507,0.8462105989456177,0.9684582948684692,0.966204822063446,0.9894964098930359
1,0.9745990633964539,0.5941333174705505,0.4143976867198944,1e-04,0.8360418677330017,0.9746766686439514,0.9738482236862183,0.9915632605552673,0.9777846932411194,0.6167938709259033,0.38803336024284363,0.9049910306930542,0.9776192903518677,0.9773374795913696,0.992542564868927
2,0.9796651005744934,0.6538034081459045,0.36166566610336304,1e-04,0.8476182818412781,0.9795169234275818,0.9791725873947144,0.9931747317314148,0.9844934344291687,0.6731266975402832,0.35562488436698914,0.9400138854980469,0.9842544794082642,0.9841821789741516,0.9947531223297119
3,0.9814925193786621,0.6624605655670166,0.3578845262527466,1e-04,0.8919494152069092,0.9812955856323242,0.9810450673103333,0.9937676191329956,0.9797200560569763,0.6765186786651611,0.3479071855545044,0.8775839805603027,0.9794955849647522,0.9792936444282532,0.9931675791740417
4,0.9839550852775574,0.6934531927108765,0.3401530086994171,1e-04,0.8728436827659607,0.9837297797203064,0.9835595488548279,0.9945786595344543,0.9848708510398865,0.6953131556510925,0.33838409185409546,0.5609239935874939,0.9846270680427551,0.9844911098480225,0.9948778748512268
5,0.9838303327560425,0.7028225660324097,0.3284137547016144,1e-04,0.8801584839820862,0.9836055040359497,0.983422040939331,0.9945372343063354,0.985129177570343,0.717664361000061,0.32335710525512695,0.882888674736023,0.9848306775093079,0.9846932888031006,0.9949451088905334
6,0.9828605651855469,0.7065761089324951,0.3288649618625641,1e-04,0.9239487648010254,0.9826464653015137,0.9824877977371216,0.9942178130149841,0.9878376722335815,0.7306028008460999,0.3135633170604706,0.940815806388855,0.9875979423522949,0.987506628036499,0.995867908000946
7,0.9867744445800781,0.7358773350715637,0.30337703227996826,1e-04,0.9438080191612244,0.9865409731864929,0.9864623546600342,0.9955154657363892,0.9796569347381592,0.6814327836036682,0.3551037311553955,0.9534324407577515,0.9795128703117371,0.9794920086860657,0.9931715130805969
8,0.9787701964378357,0.6798514723777771,0.3707820475101471,1e-04,0.9171258807182312,0.9785267114639282,0.9784912467002869,0.9928457140922546,0.9702392816543579,0.5716074705123901,0.5250450372695923,0.8803422451019287,0.969985842704773,0.9700021743774414,0.9899970889091492
9,0.9839044809341431,0.737029492855072,0.28632262349128723,2e-05,0.9221111536026001,0.9836114048957825,0.9835912585258484,0.9945400357246399,0.9868048429489136,0.7793852090835571,0.2371746301651001,0.9467164874076843,0.9865334033966064,0.9865378141403198,0.995514452457428
10,0.9859355092048645,0.758887529373169,0.2626853883266449,2e-05,0.9276642799377441,0.9856482744216919,0.985639214515686,0.9952176213264465,0.9872722029685974,0.7841299176216125,0.2347230464220047,0.9305850267410278,0.9869752526283264,0.9869833588600159,0.995661199092865
11,0.987596333026886,0.7905451059341431,0.22524093091487885,2e-05,0.9272927641868591,0.9873033761978149,0.9873037934303284,0.9957690238952637,0.9876474738121033,0.7942323684692383,0.22037503123283386,0.9329956769943237,0.987366795539856,0.9873775839805603,0.9957898855209351
12,0.9881478548049927,0.7958969473838806,0.21679207682609558,2e-05,0.9320409297943115,0.9878538846969604,0.9878465533256531,0.9959516525268555,0.9886972308158875,0.8043299317359924,0.21157898008823395,0.9512637257575989,0.9884293675422668,0.9884381890296936,0.9961445331573486
13,0.9882375597953796,0.783802330493927,0.22868312895298004,2e-05,0.9350752830505371,0.9879482984542847,0.9879450798034668,0.9959849715232849,0.9887010455131531,0.7991549968719482,0.214276984333992,0.9528388977050781,0.9884458184242249,0.9884496331214905,0.9961510896682739
14,0.9886829257011414,0.7970580458641052,0.21644708514213562,2e-05,0.939804196357727,0.9883927702903748,0.988391101360321,0.9961331486701965,0.9888433814048767,0.8006488680839539,0.21290716528892517,0.9444657564163208,0.9885690212249756,0.988579273223877,0.9961931705474854
15,0.9891282320022583,0.805225670337677,0.20664925873279572,4e-06,0.9376214742660522,0.9888330698013306,0.9888255596160889,0.9962797164916992,0.9894654750823975,0.8092508316040039,0.20177911221981049,0.9426158666610718,0.9891795516014099,0.9891871809959412,0.9963962435722351
16,0.9893760085105896,0.8012017011642456,0.20859451591968536,4e-06,0.937354326248169,0.9890763759613037,0.989068329334259,0.9963613152503967,0.9894669651985168,0.8096389770507812,0.2028157114982605,0.9511684775352478,0.9892006516456604,0.9892106652259827,0.9964033961296082
17,0.9899117350578308,0.8128999471664429,0.19687388837337494,4e-06,0.9395293593406677,0.989628255367279,0.989622950553894,0.9965441823005676,0.9895159006118774,0.811660885810852,0.19991818070411682,0.9424756765365601,0.9892399907112122,0.9892488718032837,0.996414065361023
18,0.9896474480628967,0.8121904730796814,0.19663552939891815,4e-06,0.9374486207962036,0.9893572330474854,0.9893531203269958,0.9964547753334045,0.9896895885467529,0.8128031492233276,0.19820187985897064,0.9473103880882263,0.9894174933433533,0.9894290566444397,0.9964743256568909
19,0.989672064781189,0.8070140480995178,0.20414985716342926,4e-06,0.9372269511222839,0.9893898367881775,0.9893890023231506,0.996464729309082,0.9896709322929382,0.8110689520835876,0.20025718212127686,0.9506326913833618,0.9894131422042847,0.9894238710403442,0.996472954750061
20,0.9899694919586182,0.8117796182632446,0.19790218770503998,4e-06,0.9346474409103394,0.9896816611289978,0.98968106508255,0.996562659740448,0.989780068397522,0.8113492727279663,0.2000889629125595,0.9511007070541382,0.9895182251930237,0.9895329475402832,0.9965091943740845
21,0.9900248050689697,0.8158148527145386,0.1945721060037613,1e-06,0.9423527121543884,0.9897429943084717,0.9897477626800537,0.996582567691803,0.989740252494812,0.8127781748771667,0.19885136187076569,0.9458314180374146,0.989472508430481,0.9894876480102539,0.9964925050735474
22,0.9902232885360718,0.8194043040275574,0.19085481762886047,1e-06,0.9372879266738892,0.9899258017539978,0.989927351474762,0.9966428875923157,0.9897398352622986,0.8131599426269531,0.19835475087165833,0.9418116807937622,0.9894670844078064,0.989482045173645,0.9964911341667175
23,0.9899594783782959,0.8178911805152893,0.19161853194236755,1e-06,0.9368686676025391,0.9896767735481262,0.9896790981292725,0.9965593814849854,0.9898138642311096,0.815392792224884,0.19569754600524902,0.9401717185974121,0.989538848400116,0.9895509481430054,0.9965148568153381
24,0.9899067282676697,0.8158584237098694,0.19418086111545563,1e-06,0.9354370832443237,0.9896084666252136,0.9896069169044495,0.9965367913246155,0.9898443818092346,0.8148757815361023,0.1959444284439087,0.944725751876831,0.9895721077919006,0.9895843863487244,0.996526300907135
25,0.9903330206871033,0.8219352960586548,0.1865682154893875,1e-06,0.9389073252677917,0.9900386333465576,0.9900399446487427,0.9966805577278137,0.9899181723594666,0.8178396224975586,0.1935923993587494,0.943062424659729,0.9896434545516968,0.989655613899231,0.9965499043464661
26,0.9899848699569702,0.8168177008628845,0.19309568405151367,1e-06,0.935660719871521,0.9896926283836365,0.9896911978721619,0.9965660572052002,0.9898388385772705,0.8165826201438904,0.19411134719848633,0.9418578147888184,0.9895666837692261,0.9895807504653931,0.9965236783027649
27,0.9902794361114502,0.8161982297897339,0.1928480565547943,1e-06,0.9367051124572754,0.9899911284446716,0.9899925589561462,0.996664822101593,0.9898196458816528,0.8175817131996155,0.1936427652835846,0.9400041103363037,0.9895415306091309,0.9895541667938232,0.9965177774429321
28,0.9902878999710083,0.8189849257469177,0.1882452815771103,1e-06,0.9367885589599609,0.989990234375,0.9899909496307373,0.9966641664505005,0.9899108409881592,0.8174483180046082,0.19350086152553558,0.9415417909622192,0.9896335601806641,0.9896469712257385,0.9965471625328064
29,0.9900408387184143,0.8151945471763611,0.1950019747018814,1e-06,0.934959888458252,0.9897488355636597,0.989746630191803,0.9965847134590149,0.9899798035621643,0.8177617788314819,0.19324573874473572,0.944345235824585,0.9897077679634094,0.9897174835205078,0.9965690970420837
30,0.9901531338691711,0.8174925446510315,0.19158273935317993,1e-06,0.9390162825584412,0.9898620247840881,0.9898574948310852,0.9966216683387756,0.9899653792381287,0.8179969787597656,0.19324034452438354,0.9435520172119141,0.9896885752677917,0.9897006154060364,0.9965656995773315
31,0.9901952147483826,0.823854923248291,0.1841985583305359,1e-06,0.9399420022964478,0.989912211894989,0.9899102449417114,0.9966385960578918,0.9900030493736267,0.8178155422210693,0.19341941177845,0.9469664096832275,0.9897320866584778,0.9897439479827881,0.996579647064209
32,0.9901451468467712,0.8114813566207886,0.197226881980896,1e-06,0.9395491480827332,0.9898576736450195,0.9898533821105957,0.9966204166412354,0.9899668097496033,0.8179718852043152,0.19302557408809662,0.9478625059127808,0.9896993637084961,0.9897100925445557,0.9965689182281494
33,0.9901639223098755,0.8218718767166138,0.1870890110731125,1e-06,0.9396249055862427,0.9898713231086731,0.9898733496665955,0.9966244697570801,0.9900200366973877,0.8185481429100037,0.19250306487083435,0.9449610710144043,0.989748477935791,0.9897588491439819,0.9965845346450806
34,0.9901692271232605,0.8181406855583191,0.18936896324157715,1e-06,0.9383928775787354,0.9898690581321716,0.9898712635040283,0.9966259002685547,0.9901058077812195,0.8182505369186401,0.1936700940132141,0.9472423791885376,0.9898309111595154,0.9898418188095093,0.9966134428977966
35,0.9897320866584778,0.8095464706420898,0.20068664848804474,1e-06,0.9396543502807617,0.9894401431083679,0.9894354343414307,0.9964817762374878,0.9901159405708313,0.8182876706123352,0.19238866865634918,0.9475789070129395,0.9898468852043152,0.9898589849472046,0.9966180324554443
36,0.9905840158462524,0.8188795447349548,0.18906912207603455,1e-06,0.9420691728591919,0.9902903437614441,0.990292489528656,0.9967653155326843,0.9901189804077148,0.8188169002532959,0.19206330180168152,0.9478964805603027,0.9898496866226196,0.989862322807312,0.9966175556182861
37,0.9900521039962769,0.8170123100280762,0.19188274443149567,1e-06,0.9397270679473877,0.9897589683532715,0.9897586703300476,0.9965876936912537,0.9900462627410889,0.8193657398223877,0.19147230684757233,0.9438176155090332,0.9897745251655579,0.9897881150245667,0.9965944886207581
38,0.9904115796089172,0.8212825059890747,0.18537287414073944,1e-06,0.9394799470901489,0.9901135563850403,0.9901105761528015,0.9967063665390015,0.9900895357131958,0.8193696141242981,0.1916729211807251,0.9439200162887573,0.989818274974823,0.9898293614387512,0.9966071248054504
39,0.9904876351356506,0.8222890496253967,0.1849750429391861,1e-06,0.9392394423484802,0.9901928901672363,0.9901899099349976,0.9967319369316101,0.9900755882263184,0.819553792476654,0.19147615134716034,0.9418196678161621,0.9898024201393127,0.989814281463623,0.996601939201355
40,0.9902850985527039,0.8234478235244751,0.1858932077884674,1e-06,0.9381087422370911,0.9899894595146179,0.9899855852127075,0.9966642260551453,0.9900920391082764,0.8198092579841614,0.19080014526844025,0.943446159362793,0.989820659160614,0.9898341298103333,0.9966089129447937
41,0.9905393719673157,0.8201005458831787,0.18881702423095703,1e-06,0.9404454231262207,0.9902448654174805,0.9902470707893372,0.996749758720398,0.9901240468025208,0.8190140724182129,0.1911868304014206,0.9473719596862793,0.9898534417152405,0.9898669123649597,0.9966220259666443
42,0.9902027249336243,0.8167992234230042,0.19237053394317627,1e-06,0.9387571811676025,0.9899217486381531,0.9899178147315979,0.9966421127319336,0.9901397824287415,0.8195876479148865,0.19049537181854248,0.9462611675262451,0.9898685812950134,0.9898824095726013,0.9966234564781189
43,0.9903667569160461,0.8182463049888611,0.1901826709508896,1e-06,0.9419057369232178,0.9900752305984497,0.990077555179596,0.9966933131217957,0.9901055097579956,0.8189509510993958,0.19138403236865997,0.9458240866661072,0.9898359775543213,0.989849865436554,0.9966139793395996
44,0.9904294610023499,0.8255428671836853,0.1843336820602417,1e-06,0.9404006004333496,0.9901374578475952,0.990139901638031,0.9967142343521118,0.990125298500061,0.8198672533035278,0.19049125909805298,0.9459658861160278,0.9898557662963867,0.9898677468299866,0.9966201782226562
45,0.990281879901886,0.8253913521766663,0.1817193329334259,1e-06,0.9371351003646851,0.9899870157241821,0.9899872541427612,0.9966638684272766,0.9901463389396667,0.8201188445091248,0.1901828795671463,0.9452989101409912,0.9898744821548462,0.9898868799209595,0.9966267347335815
46,0.9903125762939453,0.8226706385612488,0.18689191341400146,1e-06,0.9389179944992065,0.9900199770927429,0.9900162220001221,0.9966745972633362,0.990175187587738,0.8206220865249634,0.19060616195201874,0.9435758590698242,0.9899026155471802,0.989913821220398,0.996636688709259
47,0.9901825189590454,0.8205212950706482,0.1870187520980835,1e-06,0.939020037651062,0.9898881316184998,0.9898834228515625,0.9966299533843994,0.9901580214500427,0.8204213976860046,0.19042722880840302,0.9427348375320435,0.9898817539215088,0.9898949861526489,0.9966292977333069
48,0.9901444911956787,0.8177974224090576,0.19071045517921448,1e-06,0.9379770755767822,0.9898514151573181,0.9898539781570435,0.9966189861297607,0.9902195930480957,0.8207257390022278,0.18953727185726166,0.9444336891174316,0.9899463057518005,0.9899582862854004,0.9966513514518738
49,0.9904583096504211,0.8194738626480103,0.18887130916118622,1e-06,0.9418193101882935,0.9901643991470337,0.9901688694953918,0.9967237114906311,0.9901779890060425,0.8207747340202332,0.18918640911579132,0.9432876110076904,0.9899060726165771,0.9899205565452576,0.9966373443603516
50,0.990261971950531,0.8271030187606812,0.17928995192050934,1e-06,0.937594473361969,0.9899773001670837,0.9899771809577942,0.9966606497764587,0.9902892708778381,0.8206484913825989,0.18981675803661346,0.9460352659225464,0.9900158047676086,0.9900285601615906,0.996673047542572
51,0.9907175302505493,0.8196930885314941,0.1856646090745926,1e-06,0.9398912787437439,0.9904239177703857,0.9904240369796753,0.9968098998069763,0.9902932643890381,0.8197086453437805,0.19111429154872894,0.9456058144569397,0.990019679069519,0.990030825138092,0.9966759085655212
52,0.9903781414031982,0.8168525695800781,0.19148752093315125,1e-06,0.9407768845558167,0.9900891780853271,0.990086555480957,0.9966980218887329,0.990265965461731,0.8199702501296997,0.1899913102388382,0.9466769695281982,0.9899989366531372,0.9900136590003967,0.9966688752174377
53,0.99042809009552,0.8193249702453613,0.18929187953472137,1e-06,0.9398875832557678,0.9901280403137207,0.990134060382843,0.996711790561676,0.9903001189231873,0.8212010264396667,0.18978962302207947,0.9425661563873291,0.9900277256965637,0.9900414347648621,0.9966774582862854
54,0.9905250072479248,0.8246316313743591,0.1818038672208786,1e-06,0.9365472793579102,0.9902307987213135,0.9902305006980896,0.9967449307441711,0.9903163313865662,0.8209534287452698,0.19046737253665924,0.9450054168701172,0.9900460839271545,0.990058422088623,0.9966829419136047
55,0.9906068444252014,0.8242287039756775,0.18300220370292664,1e-06,0.9431001543998718,0.9903181791305542,0.9903212189674377,0.9967743158340454,0.9902881979942322,0.8201669454574585,0.191365048289299,0.9466139078140259,0.9900197982788086,0.9900321364402771,0.996675968170166
56,0.9906815886497498,0.8248541951179504,0.1846303641796112,1e-06,0.9440186619758606,0.9903966188430786,0.9903997182846069,0.9968006014823914,0.9902597665786743,0.8212403059005737,0.18983590602874756,0.9465272426605225,0.989992082118988,0.9900058507919312,0.9966657757759094
57,0.991032063961029,0.828462541103363,0.18132421374320984,1e-06,0.9447551965713501,0.9907402992248535,0.9907416701316833,0.9969151616096497,0.9902947545051575,0.8206149935722351,0.19053898751735687,0.9462623596191406,0.9900289177894592,0.9900419116020203,0.9966789484024048
58,0.990971028804779,0.8333882093429565,0.17437775433063507,1e-06,0.9426594972610474,0.9906797409057617,0.9906808733940125,0.996895432472229,0.9903551340103149,0.8211936354637146,0.1897931843996048,0.9500654935836792,0.9900903105735779,0.9901043176651001,0.9966973066329956
59,0.9907717108726501,0.8253144025802612,0.18304619193077087,1e-06,0.9442315101623535,0.9904797673225403,0.9904804825782776,0.9968287348747253,0.990433394908905,0.8210102319717407,0.19033828377723694,0.9514303207397461,0.9901687502861023,0.9901828765869141,0.9967256784439087
60,0.9907673001289368,0.8234740495681763,0.18392238020896912,1e-06,0.9462374448776245,0.9904864430427551,0.9904902577400208,0.9968295097351074,0.990402102470398,0.8213527798652649,0.19013173878192902,0.9507977962493896,0.9901399612426758,0.9901522397994995,0.9967144131660461
61,0.9902915358543396,0.8165867328643799,0.19331277906894684,1e-06,0.9454808235168457,0.9900099635124207,0.9900133013725281,0.9966706037521362,0.9903890490531921,0.8220921158790588,0.1884990632534027,0.9495266675949097,0.990125834941864,0.9901389479637146,0.9967095255851746
62,0.990491509437561,0.8222349286079407,0.1847761571407318,1e-06,0.9432578086853027,0.9902124404907227,0.9902171492576599,0.9967385530471802,0.9904346466064453,0.8227207660675049,0.1880667805671692,0.9474644660949707,0.990168571472168,0.9901829361915588,0.9967241883277893
63,0.9905210137367249,0.8233088254928589,0.1848437786102295,1e-06,0.938106894493103,0.990227222442627,0.9902296662330627,0.9967447519302368,0.9903842806816101,0.8210002183914185,0.19005312025547028,0.9460629820823669,0.9901169538497925,0.9901286959648132,0.9967076778411865
64,0.9904584288597107,0.8190879225730896,0.19019438326358795,1e-06,0.9433047771453857,0.9901701211929321,0.9901717901229858,0.99672532081604,0.9904341101646423,0.8222448825836182,0.18840479850769043,0.9490529298782349,0.9901731610298157,0.9901864528656006,0.9967250227928162
65,0.990513026714325,0.8237708210945129,0.18350236117839813,1e-06,0.94234299659729,0.990222156047821,0.990221381187439,0.9967423677444458,0.9904184341430664,0.8224244117736816,0.18845754861831665,0.948050320148468,0.9901568293571472,0.9901724457740784,0.9967211484909058
66,0.9905136823654175,0.8236688375473022,0.18339943885803223,1e-06,0.9437794089317322,0.9902317523956299,0.9902340173721313,0.9967449307441711,0.9904458522796631,0.8222206830978394,0.18864798545837402,0.9499244689941406,0.9901826977729797,0.9901970028877258,0.9967294335365295
67,0.9908776879310608,0.8276157975196838,0.17997023463249207,1e-06,0.9436650276184082,0.9905904531478882,0.990590512752533,0.9968650341033936,0.9903733730316162,0.8220577836036682,0.18947622179985046,0.9483159780502319,0.9901098608970642,0.9901223182678223,0.9967056512832642
68,0.9910362958908081,0.828068733215332,0.1805799901485443,1e-06,0.9455927610397339,0.9907519221305847,0.9907510280609131,0.9969180822372437,0.9904837608337402,0.8217551708221436,0.1893337368965149,0.9513022899627686,0.9902238249778748,0.9902368783950806,0.9967429041862488
69,0.990962028503418,0.8226660490036011,0.18529263138771057,1e-06,0.9471668004989624,0.9906781315803528,0.9906830191612244,0.996894359588623,0.9904663562774658,0.8219747543334961,0.18861185014247894,0.9518808126449585,0.9902064204216003,0.9902212023735046,0.9967376589775085
70,0.9907339215278625,0.8225524425506592,0.18584035336971283,1e-06,0.9455196857452393,0.9904486536979675,0.990450918674469,0.9968171715736389,0.9903610944747925,0.8217046856880188,0.18875211477279663,0.947285532951355,0.9900975823402405,0.990113377571106,0.9967013001441956
71,0.9906041026115417,0.82585209608078,0.18151775002479553,1e-06,0.9423901438713074,0.9903131723403931,0.9903149008750916,0.9967724084854126,0.9904140830039978,0.8219077587127686,0.18939410150051117,0.9468135833740234,0.9901487231254578,0.9901617169380188,0.9967169761657715
72,0.9908728003501892,0.8267524838447571,0.18054325878620148,1e-06,0.943199634552002,0.9905867576599121,0.9905880093574524,0.9968633651733398,0.9904904365539551,0.8211657404899597,0.19004036486148834,0.9490652084350586,0.9902252554893494,0.9902377128601074,0.9967438578605652
73,0.9905195832252502,0.8167968988418579,0.19131428003311157,1e-06,0.9450460076332092,0.9902382493019104,0.9902416467666626,0.9967475533485413,0.9904496073722839,0.8217390179634094,0.18931575119495392,0.9485759735107422,0.9901870489120483,0.9902022480964661,0.996728777885437
74,0.9907405376434326,0.8252537846565247,0.18281450867652893,1e-06,0.9433038234710693,0.9904547333717346,0.9904518127441406,0.9968200325965881,0.9904223084449768,0.8216139674186707,0.18877503275871277,0.9486514925956726,0.990162193775177,0.9901770353317261,0.9967221617698669
75,0.9908528327941895,0.8207630515098572,0.18785764276981354,1e-06,0.9450701475143433,0.9905755519866943,0.9905775189399719,0.9968593716621399,0.9903807640075684,0.8211327195167542,0.18940776586532593,0.9504964351654053,0.9901228547096252,0.9901368021965027,0.9967105984687805
76,0.9910892248153687,0.8335899114608765,0.17398928105831146,1e-06,0.9451420307159424,0.9908011555671692,0.9908048510551453,0.9969347715377808,0.9905128479003906,0.8216403722763062,0.18892669677734375,0.9513492584228516,0.990251362323761,0.9902666807174683,0.9967517852783203
77,0.9911094307899475,0.8305479288101196,0.17721618711948395,1e-06,0.9465558528900146,0.9908326268196106,0.9908393025398254,0.9969443678855896,0.9904869794845581,0.8222866654396057,0.1885729432106018,0.9479330778121948,0.9902247786521912,0.9902384281158447,0.9967422485351562
78,0.9908492565155029,0.8269951939582825,0.18183857202529907,1e-06,0.9461972117424011,0.9905701279640198,0.9905756115913391,0.9968580007553101,0.9904717803001404,0.8217225074768066,0.1892973780632019,0.9481803178787231,0.990206778049469,0.9902217984199524,0.9967373609542847
79,0.9910579919815063,0.8307193517684937,0.1762901395559311,1e-06,0.9456876516342163,0.9907678961753845,0.9907708764076233,0.9969242811203003,0.9905169010162354,0.821797251701355,0.18933987617492676,0.948123037815094,0.9902528524398804,0.9902688264846802,0.9967530965805054
80,0.9909250736236572,0.8297213912010193,0.17881858348846436,1e-06,0.9420835971832275,0.9906356334686279,0.990635097026825,0.996880054473877,0.9905322194099426,0.8217980861663818,0.18914908170700073,0.9527262449264526,0.9902725219726562,0.9902878403663635,0.9967598915100098
81,0.9909864068031311,0.826153039932251,0.18053580820560455,1e-06,0.9485453367233276,0.9907032251358032,0.9907068014144897,0.9969025254249573,0.9904494285583496,0.8217140436172485,0.18959037959575653,0.9486201405525208,0.9901862740516663,0.9902022480964661,0.9967307448387146
82,0.9913374781608582,0.8336690068244934,0.17416301369667053,1e-06,0.9459707736968994,0.9910545945167542,0.9910562634468079,0.9970194101333618,0.9904841184616089,0.8215087652206421,0.1896749585866928,0.94965660572052,0.9902242422103882,0.9902370572090149,0.9967427253723145
83,0.9906969666481018,0.8257395625114441,0.18245616555213928,1e-06,0.9452102184295654,0.9904065132141113,0.9904088973999023,0.9968034029006958,0.9906080365180969,0.8219568729400635,0.18894843757152557,0.9535195827484131,0.9903483390808105,0.9903631210327148,0.9967851638793945
84,0.9908601641654968,0.829131543636322,0.17873942852020264,1e-06,0.9500582218170166,0.9905840754508972,0.9905911087989807,0.9968621730804443,0.9906303286552429,0.8228020668029785,0.18829527497291565,0.9532414078712463,0.9903713464736938,0.9903873205184937,0.9967923164367676
85,0.9909985661506653,0.8254240155220032,0.18177983164787292,1e-06,0.9435746669769287,0.990703821182251,0.9907057285308838,0.9969027042388916,0.9905785918235779,0.822938859462738,0.1879001408815384,0.9505886435508728,0.9903174638748169,0.990333616733551,0.9967746734619141
86,0.9911676645278931,0.8284496068954468,0.1790604442358017,1e-06,0.9462207555770874,0.9908823370933533,0.9908838868141174,0.9969633221626282,0.9905799627304077,0.8224446177482605,0.18873529136180878,0.9509241580963135,0.9903208613395691,0.9903346300125122,0.9967763423919678
87,0.9908029437065125,0.8216864466667175,0.18612270057201385,1e-06,0.9473292231559753,0.9905242919921875,0.9905305504798889,0.9968427419662476,0.990686297416687,0.8223861455917358,0.18835513293743134,0.9515191316604614,0.9904285669326782,0.9904434680938721,0.996811032295227
88,0.9913915991783142,0.8306424617767334,0.17658987641334534,1e-06,0.9458808898925781,0.9911013841629028,0.9911050796508789,0.9970365166664124,0.9905624985694885,0.8234912157058716,0.18728585541248322,0.9477558732032776,0.9903006553649902,0.9903156161308289,0.9967692494392395
89,0.9911839365959167,0.833739161491394,0.1734742522239685,1e-06,0.9446696043014526,0.9908952713012695,0.9908990263938904,0.9969661831855774,0.990635871887207,0.8236004114151001,0.1869136244058609,0.9501950740814209,0.9903742074966431,0.9903886914253235,0.9967923164367676
90,0.9910175800323486,0.8323099613189697,0.17566798627376556,1e-06,0.9450304508209229,0.9907288551330566,0.9907342195510864,0.9969121217727661,0.9905890822410583,0.8233490586280823,0.18699650466442108,0.9487709999084473,0.9903277158737183,0.9903432726860046,0.9967777132987976
91,0.9911434054374695,0.8292527794837952,0.17813272774219513,1e-06,0.9431966543197632,0.9908657073974609,0.9908707141876221,0.996957540512085,0.9905967712402344,0.8229568004608154,0.18755266070365906,0.9476956129074097,0.9903364777565002,0.9903540015220642,0.9967812299728394
92,0.9908238649368286,0.8206657767295837,0.18805213272571564,1e-06,0.9400240182876587,0.990532398223877,0.9905363321304321,0.9968454241752625,0.990612268447876,0.8218643069267273,0.18994934856891632,0.947912335395813,0.9903497695922852,0.9903632998466492,0.9967864155769348
93,0.9912651777267456,0.8330970406532288,0.17492298781871796,1e-06,0.9467677474021912,0.9909808039665222,0.9909830689430237,0.9969951510429382,0.9906211495399475,0.823008120059967,0.18804775178432465,0.9511330127716064,0.9903622269630432,0.9903776049613953,0.9967871904373169
94,0.9912905097007751,0.8244825005531311,0.18374601006507874,1e-06,0.9472915530204773,0.9910086989402771,0.991012692451477,0.9970049858093262,0.9906826615333557,0.8226955533027649,0.1878986954689026,0.9532170295715332,0.9904241561889648,0.9904396533966064,0.9968095421791077
95,0.9911225438117981,0.8219406008720398,0.1866365224123001,1e-06,0.945786714553833,0.9908446669578552,0.9908480048179626,0.996950626373291,0.9906356334686279,0.8234816193580627,0.18699689209461212,0.948786735534668,0.9903755784034729,0.9903928637504578,0.9967935085296631
96,0.9912031292915344,0.8329232931137085,0.1737438291311264,1e-06,0.9438514709472656,0.9909147024154663,0.9909179210662842,0.9969719648361206,0.9906501173973083,0.8235480785369873,0.18753653764724731,0.9508606195449829,0.9903940558433533,0.9904078245162964,0.9968013167381287
97,0.9908077716827393,0.8258740901947021,0.18319754302501678,1e-06,0.9463987350463867,0.9905252456665039,0.9905316829681396,0.9968425035476685,0.9906258583068848,0.8232834339141846,0.18785132467746735,0.9495872259140015,0.9903696775436401,0.9903861880302429,0.9967914819717407
98,0.9911576509475708,0.8306980729103088,0.17514602839946747,1e-06,0.9433223009109497,0.9908686280250549,0.9908757209777832,0.9969571828842163,0.9906205534934998,0.8240386843681335,0.18705391883850098,0.9487816095352173,0.9903596043586731,0.9903756976127625,0.9967882633209229
99,0.9910745620727539,0.8329601883888245,0.17495962977409363,1e-06,0.9454729557037354,0.9907834529876709,0.9907941818237305,0.9969305396080017,0.9906550049781799,0.8230486512184143,0.18797911703586578,0.9490638971328735,0.9903948903083801,0.9904111623764038,0.9967987537384033
100,0.991073727607727,0.8344607353210449,0.17229680716991425,1e-06,0.9465442299842834,0.9907904267311096,0.9907947182655334,0.9969307780265808,0.9906960725784302,0.8232521414756775,0.18761365115642548,0.952675461769104,0.9904377460479736,0.9904525876045227,0.9968143701553345
101,0.9913337230682373,0.8359492421150208,0.1709335744380951,1e-06,0.9483643770217896,0.9910493493080139,0.9910526871681213,0.997018575668335,0.9906615614891052,0.8227103352546692,0.1891820728778839,0.9495642185211182,0.9904007911682129,0.9904131889343262,0.9968017935752869
102,0.9911317229270935,0.8268874883651733,0.17983171343803406,1e-06,0.9485008716583252,0.990844190120697,0.9908498525619507,0.996950089931488,0.9906953573226929,0.8236323595046997,0.18742626905441284,0.9536908268928528,0.9904407858848572,0.9904576539993286,0.9968158602714539
103,0.9912093877792358,0.8275105953216553,0.1803009957075119,1e-06,0.9464622735977173,0.9909236431121826,0.9909271001815796,0.9969756007194519,0.9906536340713501,0.8234225511550903,0.18750686943531036,0.9501144289970398,0.990395724773407,0.9904135465621948,0.9968004822731018
104,0.9912382364273071,0.8310459852218628,0.17589741945266724,1e-06,0.9450758695602417,0.9909558892250061,0.9909589290618896,0.9969865679740906,0.9907248020172119,0.8236503601074219,0.18749895691871643,0.9515223503112793,0.9904661178588867,0.9904820919036865,0.9968241453170776
105,0.990994930267334,0.8275966644287109,0.17947615683078766,1e-06,0.9433499574661255,0.9907020330429077,0.9907038807868958,0.9969010949134827,0.990713894367218,0.8239178657531738,0.1873900145292282,0.9486489295959473,0.9904543161392212,0.9904686212539673,0.9968205690383911
106,0.991360068321228,0.8302440643310547,0.1768016666173935,1e-06,0.9490948915481567,0.9910794496536255,0.9910823106765747,0.9970284104347229,0.9907683730125427,0.8233522772789001,0.18802425265312195,0.9547654390335083,0.9905142188072205,0.9905275106430054,0.9968410134315491
107,0.9913098216056824,0.8276081085205078,0.1797277331352234,1e-06,0.9496990442276001,0.9910337328910828,0.9910345673561096,0.9970128536224365,0.9907830357551575,0.8238835334777832,0.1872529536485672,0.9540854692459106,0.9905269742012024,0.990542471408844,0.996846079826355
108,0.9911712408065796,0.8318988084793091,0.17568422853946686,1e-06,0.9501455426216125,0.9908947944641113,0.9909000992774963,0.996967077255249,0.9907344579696655,0.8241856098175049,0.1867147535085678,0.9511940479278564,0.9904788136482239,0.990496814250946,0.9968281388282776
109,0.991119921207428,0.8298807144165039,0.17854462563991547,1e-06,0.9460131525993347,0.9908319711685181,0.99083411693573,0.9969463348388672,0.990750789642334,0.8243750333786011,0.18715228140354156,0.9496335983276367,0.9904926419258118,0.9905064702033997,0.9968329071998596
110,0.991091787815094,0.8298672437667847,0.1779743731021881,1e-06,0.944360613822937,0.9908104538917542,0.990814208984375,0.9969378709793091,0.9907704591751099,0.822039783000946,0.18904095888137817,0.9524244070053101,0.9905140399932861,0.9905282855033875,0.9968391060829163
111,0.991188645362854,0.8333718776702881,0.17525577545166016,1e-06,0.9475398063659668,0.9909056425094604,0.9909099340438843,0.9969702959060669,0.9907312393188477,0.8232595324516296,0.18806910514831543,0.9528169631958008,0.990476131439209,0.9904943108558655,0.9968287348747253
112,0.9912850856781006,0.8278506398200989,0.17804911732673645,1e-06,0.9489076733589172,0.99100261926651,0.9910086989402771,0.9970029592514038,0.9908314943313599,0.8228453993797302,0.18806685507297516,0.9548095464706421,0.9905787706375122,0.9905949234962463,0.9968613386154175
113,0.990958034992218,0.8200119137763977,0.18935132026672363,1e-06,0.9503945708274841,0.9906817674636841,0.9906914830207825,0.9968945980072021,0.9907857775688171,0.8246527314186096,0.18641397356987,0.9541846513748169,0.9905312061309814,0.9905471205711365,0.9968451857566833
114,0.9913657903671265,0.8310360908508301,0.17526981234550476,1e-06,0.9480246305465698,0.9910889863967896,0.9910927414894104,0.9970301985740662,0.9908028841018677,0.824403703212738,0.1865684986114502,0.955676794052124,0.9905520081520081,0.9905688166618347,0.996852457523346
115,0.991307258605957,0.8337538242340088,0.1733342409133911,1e-06,0.9500751495361328,0.9910251498222351,0.9910321235656738,0.9970097541809082,0.9907850623130798,0.8241605758666992,0.1870674341917038,0.9528045654296875,0.9905284643173218,0.9905442595481873,0.996845006942749
116,0.9915086627006531,0.8286806344985962,0.1779026836156845,1e-06,0.9492253065109253,0.9912257194519043,0.9912305474281311,0.9970765709877014,0.9908074736595154,0.8226045370101929,0.18820859491825104,0.9532294273376465,0.9905536770820618,0.9905683398246765,0.996853232383728
117,0.9911170601844788,0.8374500274658203,0.16814066469669342,1e-06,0.9489314556121826,0.9908267259597778,0.9908305406570435,0.9969438910484314,0.9907902479171753,0.8233343958854675,0.18788878619670868,0.9537667036056519,0.9905350804328918,0.9905514121055603,0.9968472123146057
118,0.9911397099494934,0.831716001033783,0.17633379995822906,1e-06,0.9495126008987427,0.9908575415611267,0.9908626675605774,0.9969536066055298,0.990702748298645,0.8249512910842896,0.18666398525238037,0.9519724249839783,0.9904479384422302,0.9904651045799255,0.9968184232711792
119,0.991273820400238,0.8313979506492615,0.17640265822410583,1e-06,0.9511752724647522,0.9910025000572205,0.9910068511962891,0.9970022439956665,0.990804135799408,0.8238534331321716,0.1865660399198532,0.9581722617149353,0.9905565977096558,0.9905735850334167,0.9968547821044922
120,0.9913600087165833,0.8353363275527954,0.17151066660881042,1e-06,0.9503390789031982,0.9910849332809448,0.9910926222801208,0.9970300197601318,0.9907468557357788,0.8247617483139038,0.187059223651886,0.9518766403198242,0.9904911518096924,0.9905070662498474,0.996832549571991
121,0.991299033164978,0.8308322429656982,0.17661844193935394,1e-06,0.9497007131576538,0.9910154938697815,0.9910233616828918,0.9970067739486694,0.9908440113067627,0.8254870772361755,0.18530911207199097,0.9534949064254761,0.9905930757522583,0.9906104207038879,0.9968656897544861
122,0.9909757971763611,0.8288444876670837,0.17954431474208832,1e-06,0.9449061155319214,0.990688145160675,0.9906911849975586,0.9968979954719543,0.990788459777832,0.8240440487861633,0.18689927458763123,0.9509327411651611,0.9905321598052979,0.9905478358268738,0.9968457221984863
123,0.9914671182632446,0.8373959064483643,0.1687774509191513,1e-06,0.9474474191665649,0.991178035736084,0.9911835193634033,0.9970607757568359,0.9908096194267273,0.8251455426216125,0.1859268695116043,0.954265832901001,0.9905564188957214,0.9905734062194824,0.9968532919883728
124,0.9914544224739075,0.8334149122238159,0.17299389839172363,1e-06,0.9486048221588135,0.991176426410675,0.9911774396896362,0.9970600605010986,0.9908965826034546,0.8244088888168335,0.18661141395568848,0.9534530639648438,0.9906429052352905,0.9906589388847351,0.9968815445899963
125,0.9912492036819458,0.8286718726158142,0.1783602237701416,1e-06,0.9495043158531189,0.9909732341766357,0.990979790687561,0.9969918131828308,0.9908448457717896,0.82419353723526,0.1866074800491333,0.9534298181533813,0.9905895590782166,0.9906067252159119,0.9968644976615906
126,0.991392970085144,0.8364058136940002,0.17155055701732635,1e-06,0.9503962993621826,0.9911120533943176,0.9911152124404907,0.9970399737358093,0.9908605813980103,0.8238046765327454,0.18733826279640198,0.9561508297920227,0.9906142950057983,0.990629255771637,0.9968732595443726
127,0.9912304878234863,0.8344153165817261,0.1723697930574417,1e-06,0.9507639408111572,0.9909494519233704,0.990955114364624,0.9969848394393921,0.9908642768859863,0.8260034322738647,0.1850752830505371,0.9552428126335144,0.9906131625175476,0.9906300902366638,0.9968734383583069
128,0.9914820790290833,0.8304309844970703,0.17742551863193512,1e-06,0.9499132633209229,0.9912037253379822,0.9912096858024597,0.9970696568489075,0.9908074140548706,0.8253035545349121,0.18551082909107208,0.9515798687934875,0.9905559420585632,0.9905715584754944,0.9968546032905579
129,0.9913994073867798,0.8374507427215576,0.17024345695972443,1e-06,0.9453705549240112,0.9911143779754639,0.9911160469055176,0.9970399737358093,0.9908447861671448,0.8238859176635742,0.1869480162858963,0.9528411030769348,0.9905888438224792,0.9906037449836731,0.9968640804290771
130,0.9911764860153198,0.8318355083465576,0.1746019572019577,1e-06,0.9483300447463989,0.9908968806266785,0.990899920463562,0.9969674944877625,0.9908539056777954,0.8258033990859985,0.18488170206546783,0.9548051357269287,0.9906017184257507,0.9906178712844849,0.9968680143356323
131,0.9914973378181458,0.8349737524986267,0.17198875546455383,1e-06,0.9490166902542114,0.9912186861038208,0.9912278056144714,0.9970737099647522,0.9909020662307739,0.8251938223838806,0.18527671694755554,0.9541840553283691,0.9906517863273621,0.9906663298606873,0.9968860745429993
132,0.9916591048240662,0.834648609161377,0.17241409420967102,1e-06,0.9500218629837036,0.9913724064826965,0.9913797378540039,0.9971254467964172,0.9909059405326843,0.8260874152183533,0.18425866961479187,0.9567090272903442,0.9906535148620605,0.990669846534729,0.9968862533569336
133,0.9913669228553772,0.8322064876556396,0.17556554079055786,1e-06,0.9531573057174683,0.9910933971405029,0.9910989999771118,0.9970332980155945,0.990885853767395,0.8260002732276917,0.18481969833374023,0.9546576738357544,0.9906315803527832,0.9906489253044128,0.9968793392181396
134,0.9913855195045471,0.8395877480506897,0.1676352322101593,1e-06,0.9473881721496582,0.9910991787910461,0.9911032915115356,0.9970330595970154,0.9908957481384277,0.8251335620880127,0.1861414611339569,0.9555782079696655,0.9906414151191711,0.9906593561172485,0.9968822002410889
135,0.9913118481636047,0.8344186544418335,0.17256517708301544,1e-06,0.9512298107147217,0.991028368473053,0.9910344481468201,0.9970100522041321,0.990902304649353,0.8266596794128418,0.18413276970386505,0.9565028548240662,0.9906514883041382,0.990668773651123,0.9968842267990112
136,0.9907847046852112,0.8224084973335266,0.18495164811611176,1e-06,0.9519743919372559,0.9905136823654175,0.9905213713645935,0.9968388676643372,0.9909099340438843,0.8262791037559509,0.18483904004096985,0.9534584879875183,0.990654706954956,0.9906702041625977,0.9968873858451843
137,0.9916269183158875,0.830498456954956,0.1760658174753189,1e-06,0.9517647624015808,0.991359293460846,0.9913638830184937,0.9971207976341248,0.9910011291503906,0.825809121131897,0.1845506876707077,0.9576961994171143,0.9907543063163757,0.9907702803611755,0.9969207644462585
138,0.991695761680603,0.8397177457809448,0.16686294972896576,1e-06,0.9538365006446838,0.9914194941520691,0.9914250373840332,0.9971409440040588,0.9908838272094727,0.825511634349823,0.18509046733379364,0.9516561627388,0.9906278848648071,0.9906447529792786,0.9968785047531128
139,0.9913557767868042,0.8340162634849548,0.17307676374912262,1e-06,0.9483957290649414,0.9910659193992615,0.9910728931427002,0.9970236420631409,0.9909945130348206,0.82596355676651,0.18385468423366547,0.9539423584938049,0.9907400012016296,0.9907559752464294,0.996914803981781
140,0.9913524389266968,0.8365151286125183,0.17199523746967316,1e-06,0.9508343935012817,0.9910693168640137,0.9910761117935181,0.9970240592956543,0.9908959269523621,0.8257310390472412,0.18421441316604614,0.9530668258666992,0.9906437397003174,0.9906582236289978,0.9968824982643127
141,0.9916408658027649,0.8347978591918945,0.1731540709733963,1e-06,0.9492361545562744,0.9913510084152222,0.9913581013679504,0.9971182346343994,0.9909713268280029,0.8259757161140442,0.1842019259929657,0.9539976119995117,0.9907162189483643,0.9907329678535461,0.996906578540802
142,0.9913323521614075,0.8341441750526428,0.17449364066123962,1e-06,0.9493589401245117,0.9910500049591064,0.9910542368888855,0.9970165491104126,0.9909627437591553,0.8269177675247192,0.18354915082454681,0.9533630609512329,0.9907072186470032,0.9907243847846985,0.9969035983085632
143,0.9916879534721375,0.8370394110679626,0.1691664457321167,1e-06,0.9480869770050049,0.9913958311080933,0.9914019703865051,0.9971339106559753,0.9908849000930786,0.82692950963974,0.18381230533123016,0.9523456692695618,0.9906306266784668,0.9906472563743591,0.9968778491020203
144,0.9914833903312683,0.833827793598175,0.17338234186172485,1e-06,0.9488656520843506,0.991202175617218,0.9912111759185791,0.9970688819885254,0.990875244140625,0.8262304067611694,0.18481723964214325,0.9539536237716675,0.9906218647956848,0.9906381964683533,0.9968753457069397
145,0.9917617440223694,0.8368991017341614,0.16893228888511658,1e-06,0.9504863619804382,0.9914859533309937,0.9914911389350891,0.9971631765365601,0.9909787178039551,0.8267834782600403,0.18409134447574615,0.9564915895462036,0.9907265305519104,0.99074387550354,0.996910810470581
146,0.9913437962532043,0.832194447517395,0.17547902464866638,1e-06,0.950491189956665,0.9910695552825928,0.9910750985145569,0.997025191783905,0.9910094141960144,0.8253108859062195,0.18464906513690948,0.9567590951919556,0.9907577037811279,0.9907740950584412,0.9969205856323242
147,0.9916403293609619,0.8390239477157593,0.16823405027389526,1e-06,0.9527511596679688,0.9913645386695862,0.9913693070411682,0.997123658657074,0.9909524917602539,0.825639545917511,0.18440940976142883,0.9551553726196289,0.990699052810669,0.9907163977622986,0.9969015121459961
148,0.9918155670166016,0.8364353179931641,0.17050868272781372,1e-06,0.9517320394515991,0.9915392994880676,0.9915428757667542,0.997180700302124,0.9909664988517761,0.8261803388595581,0.18396830558776855,0.9559937715530396,0.9907142519950867,0.9907318949699402,0.996906578540802
149,0.9918094277381897,0.8359628915786743,0.17141805589199066,1e-06,0.9537419080734253,0.99153071641922,0.991538405418396,0.997178852558136,0.990973174571991,0.8268457055091858,0.18332484364509583,0.9547902345657349,0.9907194972038269,0.9907358288764954,0.9969080686569214
150,0.9916270971298218,0.8394060134887695,0.16574279963970184,1e-06,0.9493973851203918,0.9913396835327148,0.9913464188575745,0.9971151351928711,0.9909578561782837,0.8264987468719482,0.18379901349544525,0.955652117729187,0.99070805311203,0.990725040435791,0.9969047904014587
151,0.9916321039199829,0.8352314233779907,0.17163968086242676,1e-06,0.9532933235168457,0.9913552403450012,0.9913678765296936,0.9971191883087158,0.9909578561782837,0.826597273349762,0.18306639790534973,0.955356240272522,0.9907059669494629,0.9907234907150269,0.9969047904014587
152,0.9915786981582642,0.8371472358703613,0.1705637127161026,1e-06,0.9530022144317627,0.9913014769554138,0.9913092851638794,0.9971013069152832,0.9910380840301514,0.8268735408782959,0.18332576751708984,0.9589309692382812,0.990787923336029,0.9908069968223572,0.9969315528869629
153,0.9916295409202576,0.8385671377182007,0.16846726834774017,1e-06,0.950918972492218,0.9913434386253357,0.9913511872291565,0.9971155524253845,0.9910131096839905,0.8271953463554382,0.1834801435470581,0.9562769532203674,0.9907602071762085,0.990778386592865,0.9969212412834167
154,0.9917184114456177,0.838299036026001,0.16731886565685272,1e-06,0.951736569404602,0.9914413094520569,0.9914482831954956,0.9971483945846558,0.9909827709197998,0.8278867602348328,0.18304267525672913,0.9559199810028076,0.990731418132782,0.9907485842704773,0.9969107508659363
155,0.9915961027145386,0.8354361653327942,0.17117200791835785,1e-06,0.9535586833953857,0.9913208484649658,0.9913291931152344,0.997107207775116,0.9910339117050171,0.8271642923355103,0.18376486003398895,0.9563016295433044,0.990784227848053,0.9908012747764587,0.9969296455383301
156,0.9915819764137268,0.8344575762748718,0.17209522426128387,1e-06,0.9519740343093872,0.9913073182106018,0.9913152456283569,0.9971035122871399,0.9910203218460083,0.8268013596534729,0.1832994669675827,0.9561506509780884,0.9907706379890442,0.9907867312431335,0.9969255924224854
157,0.9918592572212219,0.8454657196998596,0.16225294768810272,1e-06,0.9527972340583801,0.9915762543678284,0.9915874600410461,0.9971937537193298,0.9910233020782471,0.8266369104385376,0.18361277878284454,0.9580010175704956,0.9907753467559814,0.9907940030097961,0.9969266057014465
158,0.9918410778045654,0.8405739665031433,0.16635814309120178,1e-06,0.9536089897155762,0.9915659427642822,0.9915785789489746,0.9971898198127747,0.9909565448760986,0.8259773850440979,0.1842477023601532,0.9557105302810669,0.9907068610191345,0.9907270669937134,0.9969035387039185
159,0.991521418094635,0.8379462957382202,0.16873377561569214,1e-06,0.9504270553588867,0.9912422895431519,0.9912533164024353,0.9970815181732178,0.9909343719482422,0.8259896636009216,0.18403854966163635,0.9539621472358704,0.9906842708587646,0.9907026290893555,0.9968972206115723
160,0.9914629459381104,0.8335869908332825,0.1730150729417801,1e-06,0.9500463008880615,0.9911778569221497,0.9911823272705078,0.9970596432685852,0.9910019636154175,0.8265206813812256,0.18354281783103943,0.9557566046714783,0.9907510876655579,0.9907687902450562,0.9969199299812317
161,0.991890013217926,0.8450313806533813,0.16101400554180145,1e-06,0.9517782926559448,0.991611659526825,0.9916167855262756,0.997205376625061,0.9910057783126831,0.8264905214309692,0.18374894559383392,0.9571850895881653,0.990756630897522,0.9907755255699158,0.9969210624694824
162,0.9921417832374573,0.846624493598938,0.160774365067482,1e-06,0.9542834758758545,0.991866409778595,0.9918728470802307,0.9972897171974182,0.9909654855728149,0.8238832354545593,0.18637965619564056,0.9595605731010437,0.9907213449478149,0.9907398223876953,0.996909499168396
163,0.9919223785400391,0.8407353758811951,0.16573676466941833,1e-06,0.9514237642288208,0.9916400909423828,0.9916539192199707,0.997214674949646,0.9909650683403015,0.8258314728736877,0.18417076766490936,0.9531853199005127,0.9907137751579285,0.9907322525978088,0.9969064593315125
164,0.9917464256286621,0.8398802280426025,0.1657056361436844,1e-06,0.9510830640792847,0.9914689660072327,0.9914790391921997,0.9971575736999512,0.9909740686416626,0.8256471157073975,0.18486186861991882,0.9542158842086792,0.9907219409942627,0.9907388091087341,0.9969094395637512
165,0.9917597770690918,0.8353044390678406,0.172816202044487,1e-06,0.9540059566497803,0.9914854764938354,0.9914933443069458,0.9971629977226257,0.9909952282905579,0.8258787393569946,0.18399742245674133,0.9562326669692993,0.9907479286193848,0.9907662272453308,0.996917188167572
166,0.9913396835327148,0.825509786605835,0.18238447606563568,1e-06,0.9498976469039917,0.9910601377487183,0.9910687208175659,0.9970211982727051,0.9910169243812561,0.8263677358627319,0.18418362736701965,0.95602947473526,0.9907643795013428,0.9907832741737366,0.9969237446784973
167,0.9917363524436951,0.8381935358047485,0.16771939396858215,1e-06,0.9532763361930847,0.9914578199386597,0.9914665222167969,0.9971542954444885,0.9910382628440857,0.826514482498169,0.18401916325092316,0.9581749439239502,0.9907874464988708,0.9908064603805542,0.9969308376312256
168,0.9915185570716858,0.8364149928092957,0.17118489742279053,1e-06,0.952478289604187,0.9912407994270325,0.9912501573562622,0.9970809817314148,0.9910534024238586,0.826643705368042,0.18401774764060974,0.9575340747833252,0.9908037185668945,0.9908202886581421,0.9969369173049927
169,0.9917833209037781,0.839479923248291,0.16728919744491577,1e-06,0.955406665802002,0.9915014505386353,0.9915066361427307,0.9971680045127869,0.9911041259765625,0.827012300491333,0.18313398957252502,0.9595100283622742,0.990858256816864,0.9908742904663086,0.9969537258148193
170,0.9917082786560059,0.84361332654953,0.1630435436964035,1e-06,0.9560467600822449,0.9914352297782898,0.9914407730102539,0.9971465468406677,0.9910041689872742,0.8273767828941345,0.18321366608142853,0.957514762878418,0.9907569289207458,0.990776002407074,0.9969209432601929
171,0.991769015789032,0.8370650410652161,0.1693388819694519,1e-06,0.9530874490737915,0.9914910197257996,0.9915012121200562,0.997165858745575,0.9909783601760864,0.8273338079452515,0.18303897976875305,0.9539924263954163,0.9907259941101074,0.9907447099685669,0.9969091415405273
172,0.9915395975112915,0.8369638323783875,0.16923634707927704,1e-06,0.9500942230224609,0.9912607073783875,0.9912693500518799,0.9970879554748535,0.9910603165626526,0.8278396725654602,0.18253131210803986,0.9565397500991821,0.9908101558685303,0.9908272624015808,0.996938943862915
173,0.9914387464523315,0.8335099220275879,0.1730947494506836,1e-06,0.9498683214187622,0.9911536574363708,0.9911614656448364,0.9970519542694092,0.9910804033279419,0.8275206685066223,0.18271099030971527,0.957892656326294,0.9908320307731628,0.9908501505851746,0.9969455003738403
174,0.9917771220207214,0.838992714881897,0.16705143451690674,1e-06,0.9523899555206299,0.991503119468689,0.9915076494216919,0.9971697330474854,0.9909855127334595,0.827271044254303,0.18353135883808136,0.9572892189025879,0.9907362461090088,0.9907551407814026,0.996914803981781
175,0.9916419386863708,0.8332791328430176,0.1733703315258026,1e-06,0.9497290849685669,0.9913532137870789,0.9913607835769653,0.9971197843551636,0.9910901784896851,0.8281251788139343,0.18253199756145477,0.957395076751709,0.9908415675163269,0.9908599853515625,0.9969481229782104
176,0.9917441606521606,0.8354920148849487,0.17203839123249054,1e-06,0.9551175832748413,0.9914728403091431,0.9914815425872803,0.9971587061882019,0.9910849332809448,0.8276768922805786,0.18276269733905792,0.9592307806015015,0.9908343553543091,0.990854024887085,0.996947705745697
177,0.9918888807296753,0.8367122411727905,0.16969865560531616,1e-06,0.9542593955993652,0.9916123151779175,0.991621196269989,0.9972059726715088,0.9910457134246826,0.8266574144363403,0.1833740621805191,0.958577573299408,0.9907965064048767,0.9908121824264526,0.9969351887702942
178,0.9921116828918457,0.8431047797203064,0.1641404777765274,1e-06,0.9555575847625732,0.9918371438980103,0.9918466806411743,0.997279942035675,0.9910100698471069,0.8271162509918213,0.18295995891094208,0.9577468633651733,0.9907587170600891,0.990778386592865,0.9969208836555481
179,0.9918429255485535,0.8404139280319214,0.16662946343421936,1e-06,0.9554611444473267,0.9915642738342285,0.9915713667869568,0.9971888661384583,0.991089940071106,0.8275547623634338,0.18253089487552643,0.9579731225967407,0.9908387064933777,0.9908553957939148,0.9969489574432373
180,0.9918665885925293,0.8438320755958557,0.16282273828983307,1e-06,0.9546444416046143,0.9915896654129028,0.9915982484817505,0.9971981048583984,0.9911098480224609,0.8276847004890442,0.18277095258235931,0.9596678018569946,0.9908604621887207,0.9908774495124817,0.9969545006752014
181,0.9920399188995361,0.8404667973518372,0.16643449664115906,1e-06,0.9559597969055176,0.9917632341384888,0.9917716383934021,0.9972553253173828,0.9911160469055176,0.8272104859352112,0.18314501643180847,0.9617334604263306,0.990869402885437,0.9908890128135681,0.9969592690467834
182,0.9916330575942993,0.8381229043006897,0.16869868338108063,1e-06,0.9570832252502441,0.9913525581359863,0.9913564324378967,0.9971184730529785,0.9911556243896484,0.8281918168067932,0.18234607577323914,0.9613110423088074,0.9909087419509888,0.9909254312515259,0.9969716668128967
183,0.9916166663169861,0.83095383644104,0.17744818329811096,1e-06,0.9592974781990051,0.9913459420204163,0.9913543462753296,0.99711674451828,0.9911565780639648,0.8279357552528381,0.18189385533332825,0.961029589176178,0.9909137487411499,0.9909314513206482,0.9969717264175415
184,0.9917422533035278,0.842342734336853,0.16426098346710205,1e-06,0.954898476600647,0.9914645552635193,0.9914698600769043,0.9971567392349243,0.9911332130432129,0.8283414244651794,0.1817990094423294,0.9587780237197876,0.9908857345581055,0.9909040331840515,0.9969629645347595
185,0.9917035698890686,0.8355063796043396,0.1704302579164505,1e-06,0.9541075825691223,0.9914385080337524,0.9914453029632568,0.9971479773521423,0.9911339282989502,0.8285395503044128,0.18154408037662506,0.9580125212669373,0.9908855557441711,0.990903913974762,0.9969632625579834
186,0.9918563365936279,0.8412240743637085,0.16717782616615295,1e-06,0.9551451206207275,0.9915769696235657,0.9915850162506104,0.9971925616264343,0.9911966323852539,0.8284103274345398,0.18113651871681213,0.9597328901290894,0.9909476637840271,0.9909659624099731,0.9969845414161682
187,0.9919015765190125,0.8408902883529663,0.16686829924583435,1e-06,0.9547896385192871,0.9916317462921143,0.9916385412216187,0.9972121715545654,0.9911761283874512,0.8289250731468201,0.18091154098510742,0.9577184319496155,0.9909267425537109,0.9909442663192749,0.9969766139984131
188,0.991492748260498,0.8297301530838013,0.17732426524162292,1e-06,0.9537580013275146,0.9912174940109253,0.9912271499633789,0.9970735907554626,0.9912148118019104,0.8285953998565674,0.18153692781925201,0.9595867395401001,0.9909669160842896,0.9909844398498535,0.9969910383224487
189,0.9919841289520264,0.8375314474105835,0.16980408132076263,1e-06,0.9547736048698425,0.9917041063308716,0.9917120933532715,0.9972370862960815,0.99122554063797,0.8292381763458252,0.18165460228919983,0.9581398963928223,0.9909752011299133,0.9909934997558594,0.996992290019989
190,0.9919908046722412,0.8429973125457764,0.16444018483161926,1e-06,0.9568181037902832,0.9917238354682922,0.9917318224906921,0.9972423315048218,0.9912238717079163,0.8290638327598572,0.18118028342723846,0.9597153663635254,0.9909772276878357,0.9909960627555847,0.9969943761825562
191,0.9919450283050537,0.8431243896484375,0.16401398181915283,1e-06,0.9563708305358887,0.9916722774505615,0.9916809797286987,0.9972258806228638,0.9912002086639404,0.8287399411201477,0.1813945472240448,0.9590480327606201,0.990953803062439,0.9909708499908447,0.9969861507415771
192,0.9922325611114502,0.8461517095565796,0.16023872792720795,1e-06,0.9556772708892822,0.9919488430023193,0.9919567108154297,0.997316837310791,0.9912139177322388,0.8268886804580688,0.18334273993968964,0.9603562355041504,0.9909683465957642,0.9909844994544983,0.9969907402992249
193,0.9920560121536255,0.8405447006225586,0.1668442338705063,1e-06,0.9558826684951782,0.9917780160903931,0.9917880296707153,0.9972608685493469,0.991246223449707,0.8291557431221008,0.18110391497612,0.9604554772377014,0.9909991025924683,0.9910167455673218,0.9970011115074158
194,0.991973876953125,0.8432602882385254,0.16322334110736847,1e-06,0.9560010433197021,0.9916958212852478,0.9917041659355164,0.9972330331802368,0.9912094473838806,0.8280643820762634,0.18232856690883636,0.9634984731674194,0.9909654855728149,0.9909842610359192,0.9969907402992249
195,0.9920719265937805,0.8484453558921814,0.15740005671977997,1e-06,0.9588363170623779,0.9918003678321838,0.9918090105056763,0.997268557548523,0.9911917448043823,0.8291545510292053,0.18094022572040558,0.9609257578849792,0.9909456372261047,0.9909626245498657,0.9969818592071533
196,0.9919844269752502,0.8423330783843994,0.1643708050251007,1e-06,0.9567071199417114,0.9917011260986328,0.99170982837677,0.9972348213195801,0.9911987781524658,0.8279764652252197,0.1816144436597824,0.9611981511116028,0.9909562468528748,0.9909743666648865,0.996986985206604
197,0.9921080470085144,0.8477165102958679,0.1574600785970688,1e-06,0.9569650888442993,0.9918314218521118,0.9918394684791565,0.9972784519195557,0.9912306070327759,0.8281434774398804,0.1812746375799179,0.9637590646743774,0.9909895062446594,0.9910079836845398,0.9969977736473083
198,0.991908073425293,0.8472152352333069,0.15910908579826355,1e-06,0.9576113224029541,0.991632342338562,0.99164217710495,0.9972127676010132,0.9910709261894226,0.8257254362106323,0.18402603268623352,0.9597641229629517,0.9908254146575928,0.990845263004303,0.9969422817230225
199,0.9918604493141174,0.83771151304245,0.16833274066448212,1e-06,0.9551284313201904,0.9915828108787537,0.9915938377380371,0.9971945285797119,0.9911885857582092,0.8278892636299133,0.18196788430213928,0.9602335691452026,0.9909418821334839,0.9909607768058777,0.9969818592071533
