----------
model name: unet_v1
epochs: 200
steps_per_epoch: 850
dimension: 256
n_channels: 2
input layer: KerasTensor(type_spec=TensorSpec(shape=(None, 256, 256, 2), dtype=tf.float32, name='input_2'), name='input_2', description="created by layer 'input_2'")
kernel init: he_normal
kernel size: 5
dropout: 0.2
learning rate: 0.0001
loss function: <function focal_dice_loss at 0x7efd9cf544c0>
train cases: 850
train slices: 7678
validation cases: 251
val slices: 2139
slice index: 40 ~ 116
tumor ratio: 0.15 ~ 0.2
test cases: 150
start training at: Apr-21_22-49-22
----------
