epoch,accuracy,dice_coef,loss,lr,mean_io_u,precision,sensitivity,specificity,val_accuracy,val_dice_coef,val_loss,val_mean_io_u,val_precision,val_sensitivity,val_specificity
0,0.9455621242523193,0.45770248770713806,0.5520843863487244,1e-04,0.760171115398407,0.955697774887085,0.9292629957199097,0.9865136742591858,0.970402181148529,0.6309515833854675,0.38086751103401184,0.8783960342407227,0.9703490734100342,0.9697970151901245,0.9901213049888611
1,0.9717520475387573,0.6652334332466125,0.34426403045654297,1e-04,0.8265284299850464,0.9717183709144592,0.9710964560508728,0.9905789494514465,0.9769640564918518,0.7057952284812927,0.3179314434528351,0.8844804763793945,0.9767361283302307,0.9765241146087646,0.9922485947608948
2,0.9753704071044922,0.6980100274085999,0.31460416316986084,1e-04,0.8370214700698853,0.9752455949783325,0.9747989177703857,0.9917522668838501,0.973279595375061,0.6866374015808105,0.3200525939464569,0.8638973236083984,0.9731836915016174,0.9727886915206909,0.9910653829574585
3,0.9782712459564209,0.716587245464325,0.2956436276435852,1e-04,0.8588771820068359,0.978087842464447,0.9777433276176453,0.9926977753639221,0.982406735420227,0.7462485432624817,0.2716987133026123,0.8929901123046875,0.9821449518203735,0.9820061922073364,0.9940503835678101
4,0.9803531765937805,0.7335211038589478,0.2798033058643341,1e-04,0.8624978065490723,0.9801104068756104,0.979870080947876,0.9933738708496094,0.9819522500038147,0.7493760585784912,0.2667514979839325,0.8793426752090454,0.9816957116127014,0.9815338253974915,0.9939011931419373
5,0.9828187823295593,0.7499828338623047,0.2654172480106354,1e-04,0.871442437171936,0.9825639724731445,0.9823967814445496,0.9941907525062561,0.9832820296287537,0.7539597749710083,0.25233903527259827,0.8898749351501465,0.983029842376709,0.9829139113426208,0.9943473935127258
6,0.9833102226257324,0.758490264415741,0.25810056924819946,1e-04,0.8762122392654419,0.9830496311187744,0.9829223155975342,0.9943513870239258,0.9854357838630676,0.775760293006897,0.2380441576242447,0.8739160895347595,0.9851369857788086,0.985044538974762,0.9950480461120605
7,0.9847373366355896,0.7671511769294739,0.24992604553699493,1e-04,0.8773248791694641,0.9844640493392944,0.9843606352806091,0.9948225617408752,0.9821301102638245,0.7589321136474609,0.2569805383682251,0.8876323103904724,0.9818781614303589,0.9817928671836853,0.9939614534378052
8,0.9850063323974609,0.7739428877830505,0.23836715519428253,1e-04,0.8722065687179565,0.9847055673599243,0.9846139550209045,0.9949052333831787,0.9865617752075195,0.7939265370368958,0.2322891801595688,0.8584399223327637,0.9862591028213501,0.9862233996391296,0.9954217076301575
9,0.985525906085968,0.7892975807189941,0.23706687986850739,1e-04,0.892071008682251,0.9852373600006104,0.9851558804512024,0.9950804710388184,0.9858506321907043,0.7941698431968689,0.2414454221725464,0.8406314849853516,0.985569179058075,0.9855274558067322,0.995191752910614
10,0.9858904480934143,0.7843888401985168,0.23694585263729095,1e-04,0.8839842081069946,0.9856165051460266,0.9855327606201172,0.9952076077461243,0.986815333366394,0.8022732138633728,0.23953013122081757,0.9281760454177856,0.9865762591362,0.9865584373474121,0.9955275654792786
11,0.9883345365524292,0.8127721548080444,0.21810027956962585,2e-05,0.9222497940063477,0.9880388379096985,0.9880092740058899,0.9960139393806458,0.988608181476593,0.8169814348220825,0.21888171136379242,0.9161023497581482,0.9882957339286804,0.988270103931427,0.9961017966270447
12,0.9887159466743469,0.826557457447052,0.2021728754043579,2e-05,0.9434115886688232,0.9884132742881775,0.988396942615509,0.9961400628089905,0.9885456562042236,0.8317439556121826,0.189449280500412,0.9498976469039917,0.9882832765579224,0.9882936477661133,0.9960968494415283
13,0.988861083984375,0.8303952813148499,0.19215890765190125,2e-05,0.944892942905426,0.9885677099227905,0.9885714650154114,0.9961915016174316,0.9887081980705261,0.8327293395996094,0.1848994344472885,0.9634857773780823,0.9884490370750427,0.9884587526321411,0.9961522221565247
14,0.9896700978279114,0.8419405221939087,0.16945050656795502,2e-05,0.9450922012329102,0.9893708825111389,0.9893707633018494,0.9964587092399597,0.9889161586761475,0.8289636969566345,0.19082500040531158,0.9465128779411316,0.9886373281478882,0.9886499047279358,0.9962138533592224
15,0.9890134930610657,0.8285155892372131,0.18410761654376984,2e-05,0.9306628704071045,0.9887046813964844,0.9887082576751709,0.9962360858917236,0.9881896376609802,0.8269615769386292,0.19295857846736908,0.9383770227432251,0.987902820110321,0.9879118800163269,0.9959693551063538
16,0.9891491532325745,0.8362575769424438,0.1803458333015442,4e-06,0.9144465923309326,0.9888249039649963,0.988825261592865,0.9962770342826843,0.9886217713356018,0.8337368369102478,0.1840103268623352,0.915773332118988,0.9883251786231995,0.9883408546447754,0.9961111545562744
17,0.9894380569458008,0.8348850011825562,0.1793448030948639,4e-06,0.9158265590667725,0.9891193509101868,0.9891224503517151,0.9963759779930115,0.9888417720794678,0.8349120020866394,0.1817610114812851,0.9374168515205383,0.9885562062263489,0.9885728359222412,0.996186375617981
18,0.9896849393844604,0.842035174369812,0.17011956870555878,4e-06,0.9293215870857239,0.9893591403961182,0.9893679022789001,0.9964553117752075,0.9888758659362793,0.8328436017036438,0.18337765336036682,0.9329308867454529,0.9885832071304321,0.9885971546173096,0.996195375919342
19,0.989782989025116,0.8402999639511108,0.1697288155555725,4e-06,0.9292148947715759,0.9894740581512451,0.9894793033599854,0.9964932203292847,0.9890208840370178,0.8344751596450806,0.18137748539447784,0.9359896779060364,0.9887272715568542,0.9887425899505615,0.9962456822395325
20,0.9897841215133667,0.8462213277816772,0.165864035487175,4e-06,0.9272983074188232,0.9894508719444275,0.9894578456878662,0.9964867830276489,0.9890758395195007,0.8359306454658508,0.1800948530435562,0.9308606386184692,0.9887816905975342,0.9887975454330444,0.9962621331214905
21,0.9899771213531494,0.8455291390419006,0.1637311577796936,4e-06,0.9309900403022766,0.9896503686904907,0.9896559715270996,0.9965522289276123,0.9890711903572083,0.832813024520874,0.18237709999084473,0.9345826506614685,0.988776683807373,0.9887905120849609,0.9962612986564636
22,0.9899365305900574,0.8431366682052612,0.16855362057685852,4e-06,0.9310806393623352,0.9896088242530823,0.9896121621131897,0.9965376257896423,0.989082932472229,0.8371550440788269,0.1786566823720932,0.9352555274963379,0.9887890815734863,0.9888052344322205,0.9962663054466248
23,0.9901635050773621,0.8408209681510925,0.16919420659542084,4e-06,0.9329911470413208,0.989842414855957,0.9898515343666077,0.9966171383857727,0.989108681678772,0.8372945785522461,0.17841508984565735,0.9384233951568604,0.9888172149658203,0.9888350367546082,0.9962753653526306
24,0.9900916218757629,0.8414902091026306,0.16774635016918182,4e-06,0.9338834285736084,0.989770233631134,0.9897777438163757,0.9965909123420715,0.9890876412391663,0.838097870349884,0.17762519419193268,0.9327811002731323,0.9887900352478027,0.9888079166412354,0.996265709400177
25,0.9900731444358826,0.845702052116394,0.16466931998729706,4e-06,0.9304189682006836,0.9897487759590149,0.9897574186325073,0.9965850114822388,0.9889659285545349,0.8369247317314148,0.1790909320116043,0.9433472156524658,0.9886798858642578,0.9886990785598755,0.9962283372879028
26,0.9901574850082397,0.8458893895149231,0.16033869981765747,4e-06,0.9290270805358887,0.9898268580436707,0.9898343086242676,0.9966115355491638,0.989012598991394,0.837459146976471,0.17749442160129547,0.9350742101669312,0.988716721534729,0.9887340068817139,0.9962406158447266
27,0.9901715517044067,0.8447884917259216,0.16691674292087555,4e-06,0.934206485748291,0.9898491501808167,0.9898582100868225,0.996618390083313,0.9890864491462708,0.8381756544113159,0.17739664018154144,0.9440337419509888,0.988801121711731,0.9888203144073486,0.996270477771759
28,0.989955484867096,0.8472421169281006,0.16346023976802826,4e-06,0.9283552169799805,0.9896306991577148,0.9896401762962341,0.9965466856956482,0.9890601634979248,0.8399267792701721,0.17494770884513855,0.9344947338104248,0.9887693524360657,0.9887857437133789,0.9962595105171204
29,0.9899635910987854,0.8438333868980408,0.1657247245311737,4e-06,0.9344127774238586,0.9896370768547058,0.9896456003189087,0.9965481758117676,0.9890600442886353,0.8398208022117615,0.17539820075035095,0.9445985555648804,0.9887799620628357,0.9887995719909668,0.996262788772583
30,0.9900360107421875,0.8409882187843323,0.1697501689195633,4e-06,0.9364874362945557,0.9897227883338928,0.9897333979606628,0.9965771436691284,0.9889301061630249,0.8395768404006958,0.17441922426223755,0.9371402859687805,0.9886366128921509,0.9886549115180969,0.9962140321731567
31,0.9899832606315613,0.8433557748794556,0.16738349199295044,4e-06,0.9259257316589355,0.98965984582901,0.9896678924560547,0.9965561032295227,0.9891152381896973,0.837691605091095,0.17577891051769257,0.9312634468078613,0.988815188407898,0.9888327121734619,0.9962740540504456
32,0.990334153175354,0.8526102304458618,0.1580144762992859,4e-06,0.9309659004211426,0.990013062953949,0.9900251030921936,0.9966733455657959,0.9890625476837158,0.837064266204834,0.1765606701374054,0.9359004497528076,0.9887728095054626,0.9887919425964355,0.9962590336799622
33,0.9901211857795715,0.8496842384338379,0.16182762384414673,1e-06,0.9322479963302612,0.9897930026054382,0.9898009300231934,0.9965997934341431,0.9892116785049438,0.8389989137649536,0.17488138377666473,0.9378859996795654,0.9889212250709534,0.988940954208374,0.9963091611862183
34,0.9902462363243103,0.8490673899650574,0.1600857824087143,1e-06,0.9285945892333984,0.9899256229400635,0.9899394512176514,0.9966433048248291,0.9891853928565979,0.8387836813926697,0.17507383227348328,0.934333086013794,0.9888922572135925,0.9889124035835266,0.9963000416755676
35,0.9903323650360107,0.849799394607544,0.16122658550739288,1e-06,0.9286564588546753,0.990009069442749,0.9900178909301758,0.9966719150543213,0.989210844039917,0.8391354084014893,0.17472708225250244,0.9372884035110474,0.9889200329780579,0.9889407753944397,0.9963103532791138
36,0.9905667304992676,0.8513684868812561,0.15780602395534515,1e-06,0.9314115047454834,0.9902302026748657,0.9902389645576477,0.9967467188835144,0.9892216324806213,0.8388200998306274,0.17471903562545776,0.9413444995880127,0.9889282584190369,0.9889482259750366,0.9963122606277466
37,0.9904483556747437,0.8475920557975769,0.1617407351732254,1e-06,0.9350495338439941,0.9901276230812073,0.990138053894043,0.9967108964920044,0.989270806312561,0.8414759039878845,0.17230181396007538,0.9373575448989868,0.9889785051345825,0.9890003204345703,0.9963288903236389
38,0.9902520179748535,0.8469952344894409,0.1652032732963562,1e-06,0.9327629804611206,0.9899312853813171,0.9899471402168274,0.996645450592041,0.9892869591712952,0.841467559337616,0.17252220213413239,0.9382405281066895,0.9889930486679077,0.9890135526657104,0.9963328838348389
39,0.990521252155304,0.8491054773330688,0.16147495806217194,1e-06,0.931435227394104,0.9901971220970154,0.9902076721191406,0.9967348575592041,0.9892780780792236,0.841192364692688,0.17244471609592438,0.935169517993927,0.9889838695526123,0.9890057444572449,0.9963298439979553
40,0.990276038646698,0.8470240235328674,0.1618429273366928,1e-06,0.9311384558677673,0.98995041847229,0.9899619221687317,0.9966527819633484,0.9892441630363464,0.8405415415763855,0.17351822555065155,0.9338405728340149,0.9889504313468933,0.9889702796936035,0.9963189959526062
41,0.9905408620834351,0.8534595966339111,0.15632592141628265,1e-06,0.9344552159309387,0.9902207255363464,0.9902361035346985,0.9967423677444458,0.9893073439598083,0.8408604264259338,0.1728614866733551,0.9383436441421509,0.9890124797821045,0.9890325665473938,0.9963391423225403
42,0.9904250502586365,0.850947380065918,0.1585599035024643,1e-06,0.933316171169281,0.9901012778282166,0.9901156425476074,0.9967027902603149,0.9893402457237244,0.8405349850654602,0.1729472130537033,0.9379465579986572,0.9890454411506653,0.9890639781951904,0.9963510632514954
43,0.9904595613479614,0.8479829430580139,0.15955063700675964,1e-06,0.9322212338447571,0.9901355504989624,0.9901477694511414,0.9967138171195984,0.9892919063568115,0.8396674394607544,0.17418378591537476,0.9379676580429077,0.9889950752258301,0.9890143871307373,0.9963338971138
44,0.9904529452323914,0.8486248850822449,0.15743975341320038,1e-06,0.9333388209342957,0.990123987197876,0.9901357889175415,0.9967095851898193,0.9893553853034973,0.8406202793121338,0.17259910702705383,0.9392648935317993,0.9890608787536621,0.9890795350074768,0.9963554739952087
45,0.9903547763824463,0.8477783203125,0.16159293055534363,1e-06,0.9353405237197876,0.9900277256965637,0.9900418519973755,0.996677577495575,0.9893490076065063,0.8402696251869202,0.17282161116600037,0.9413249492645264,0.9890550971031189,0.9890747666358948,0.9963557720184326
46,0.9903274774551392,0.8508583903312683,0.15867950022220612,1e-06,0.9325546026229858,0.9899966716766357,0.9900074601173401,0.9966679811477661,0.9893108606338501,0.8406177163124084,0.17247658967971802,0.9386715888977051,0.9890175461769104,0.9890374541282654,0.9963411688804626
47,0.9906501770019531,0.8577142357826233,0.1521049439907074,1e-06,0.9342639446258545,0.9903207421302795,0.9903332591056824,0.9967750906944275,0.9893300533294678,0.8404580950737,0.17295271158218384,0.9413423538208008,0.9890379905700684,0.9890565872192383,0.9963488578796387
48,0.9903767108917236,0.8491052389144897,0.15996533632278442,1e-06,0.9356358051300049,0.9900502562522888,0.9900648593902588,0.996686577796936,0.9892337322235107,0.839021623134613,0.17434504628181458,0.9364645481109619,0.9889370203018188,0.9889567494392395,0.9963153004646301
49,0.9906094670295715,0.8553778529167175,0.15245968103408813,1e-06,0.9351814389228821,0.9902791380882263,0.9902883172035217,0.9967622756958008,0.9892611503601074,0.8403668403625488,0.1731177419424057,0.9381587505340576,0.9889662861824036,0.9889869093894958,0.9963244795799255
50,0.990515410900116,0.8514947295188904,0.15828204154968262,1e-06,0.9352191090583801,0.9901910424232483,0.9902032613754272,0.9967321753501892,0.9893172979354858,0.8405696749687195,0.17230857908725739,0.9386106729507446,0.9890251159667969,0.9890456795692444,0.9963441491127014
51,0.9905747771263123,0.8504287600517273,0.15726467967033386,1e-06,0.9347320795059204,0.9902419447898865,0.9902547001838684,0.9967498183250427,0.9892776608467102,0.8402350544929504,0.17284052073955536,0.9382917881011963,0.9889832735061646,0.9890047311782837,0.996330976486206
52,0.990435004234314,0.8498440384864807,0.15984825789928436,1e-06,0.935899019241333,0.9901044964790344,0.9901228547096252,0.9967038035392761,0.9892879128456116,0.8400496244430542,0.173292875289917,0.9376264214515686,0.9889926314353943,0.9890119433403015,0.9963334798812866
53,0.990343451499939,0.8452075719833374,0.1638765186071396,1e-06,0.9358980059623718,0.9900181889533997,0.9900320172309875,0.9966744780540466,0.9893229603767395,0.8411120772361755,0.1718289852142334,0.9399092197418213,0.9890289306640625,0.9890484809875488,0.9963465332984924
54,0.9903895854949951,0.8511540293693542,0.1592078059911728,1e-06,0.9335745573043823,0.9900675415992737,0.9900806546211243,0.996691107749939,0.9892879128456116,0.8406843543052673,0.17230895161628723,0.9353197813034058,0.988994300365448,0.9890134930610657,0.996333658695221
55,0.9906594157218933,0.8556478023529053,0.15372692048549652,1e-06,0.9326601624488831,0.9903290867805481,0.9903436899185181,0.9967774152755737,0.9893469214439392,0.8410876989364624,0.1721927672624588,0.9375416040420532,0.9890515804290771,0.9890733361244202,0.9963535666465759
56,0.9904938340187073,0.8568962812423706,0.1512756496667862,1e-06,0.9300564527511597,0.9901589155197144,0.9901675581932068,0.9967223405838013,0.9893543720245361,0.840464174747467,0.17270000278949738,0.9386512637138367,0.9890588521957397,0.9890794157981873,0.9963551163673401
57,0.9903013706207275,0.8478372097015381,0.1605938971042633,1e-06,0.935357391834259,0.9899750351905823,0.989987313747406,0.9966601729393005,0.98930424451828,0.8405181765556335,0.172527015209198,0.9394311904907227,0.9890095591545105,0.9890318512916565,0.9963395595550537
58,0.9904986619949341,0.8514756560325623,0.15681351721286774,1e-06,0.9349534511566162,0.9901673793792725,0.9901795387268066,0.9967250823974609,0.9893903732299805,0.8408665657043457,0.17199066281318665,0.9402598142623901,0.989094614982605,0.9891161918640137,0.9963670372962952
59,0.9904828667640686,0.8510087132453918,0.1579035073518753,1e-06,0.9346483945846558,0.9901583790779114,0.9901752471923828,0.9967217445373535,0.9893539547920227,0.8410034775733948,0.17184798419475555,0.935821533203125,0.9890585541725159,0.9890797734260559,0.9963562488555908
60,0.9904047250747681,0.8479133248329163,0.1603464037179947,1e-06,0.9310101270675659,0.990077555179596,0.9900938272476196,0.9966943860054016,0.9894002676010132,0.8405214548110962,0.17274901270866394,0.9385800361633301,0.9891005754470825,0.9891215562820435,0.9963687658309937
61,0.9904206991195679,0.8517487645149231,0.15593381226062775,1e-06,0.9308756589889526,0.9900844693183899,0.9900977611541748,0.9966982007026672,0.9893689155578613,0.8404635787010193,0.17313960194587708,0.9387872815132141,0.9890695810317993,0.9890910387039185,0.9963592290878296
62,0.9904695153236389,0.8511497378349304,0.15796853601932526,1e-06,0.9322062730789185,0.9901428818702698,0.9901589155197144,0.9967162609100342,0.9893078804016113,0.8407079577445984,0.173063263297081,0.9380595088005066,0.9890111088752747,0.9890324473381042,0.9963395595550537
63,0.9906457662582397,0.8480932712554932,0.16196735203266144,1e-06,0.9358797669410706,0.9903205633163452,0.99033522605896,0.9967759251594543,0.9893341660499573,0.8410710692405701,0.1725674867630005,0.9387916326522827,0.9890384078025818,0.9890606999397278,0.9963475465774536
64,0.9908109903335571,0.8592945337295532,0.14818409085273743,1e-06,0.9362879991531372,0.9904810786247253,0.9904948472976685,0.9968289136886597,0.9893719553947449,0.8406849503517151,0.17309719324111938,0.942697286605835,0.9890787601470947,0.9890998005867004,0.9963623881340027
65,0.990654706954956,0.8542513251304626,0.15368852019309998,1e-06,0.9371843338012695,0.9903202056884766,0.9903343915939331,0.9967761635780334,0.9892843961715698,0.8384716510772705,0.17423115670681,0.9383150339126587,0.9889917969703674,0.9890124201774597,0.9963315725326538
66,0.9906052947044373,0.855650007724762,0.1533956229686737,1e-06,0.9348660111427307,0.9902727603912354,0.9902852773666382,0.9967605471611023,0.9893218278884888,0.8399882912635803,0.17352817952632904,0.9393936395645142,0.9890276193618774,0.9890474081039429,0.9963448643684387
67,0.990765392780304,0.8555371165275574,0.15531715750694275,1e-06,0.9347712993621826,0.9904381632804871,0.9904510974884033,0.9968144297599792,0.9893073439598083,0.83931565284729,0.17417380213737488,0.9383395910263062,0.9890118837356567,0.9890326261520386,0.9963386058807373
68,0.9907925128936768,0.8526632785797119,0.15571600198745728,1e-06,0.9368483424186707,0.9904636144638062,0.9904782772064209,0.9968226552009583,0.9893847107887268,0.8405823111534119,0.17269496619701385,0.9411442279815674,0.9890885949134827,0.9891096949577332,0.9963655471801758
69,0.9908871054649353,0.8573921322822571,0.15071749687194824,1e-06,0.9356198310852051,0.9905535578727722,0.9905689358711243,0.9968544840812683,0.9893915057182312,0.8410667777061462,0.17207203805446625,0.9404990673065186,0.9890959858894348,0.9891173839569092,0.9963687658309937
70,0.9906038045883179,0.8524616956710815,0.15644553303718567,1e-06,0.9328678250312805,0.9902723431587219,0.9902862906455994,0.9967597723007202,0.989377498626709,0.8410317301750183,0.17191198468208313,0.9403499364852905,0.9890855550765991,0.9891061186790466,0.9963640570640564
71,0.9904771447181702,0.8497556447982788,0.1588098406791687,1e-06,0.9344830513000488,0.9901476502418518,0.9901607632637024,0.9967172145843506,0.9893367886543274,0.8406880497932434,0.17253096401691437,0.9402735829353333,0.9890439510345459,0.9890658259391785,0.9963498115539551
72,0.9907007813453674,0.8514271378517151,0.1589580923318863,1e-06,0.937606692314148,0.9903808832168579,0.9903952479362488,0.9967958927154541,0.9893956780433655,0.84030681848526,0.1732710301876068,0.942872166633606,0.9891036152839661,0.9891234040260315,0.9963705539703369
73,0.9908249974250793,0.8550231456756592,0.1527031511068344,1e-06,0.9371578693389893,0.9905009269714355,0.9905118942260742,0.9968352913856506,0.9893538951873779,0.8404102921485901,0.17312641441822052,0.9399014711380005,0.9890624284744263,0.989084005355835,0.9963565468788147
74,0.9908159375190735,0.8561703562736511,0.15133854746818542,1e-06,0.9386166930198669,0.9904900193214417,0.9905036091804504,0.9968321323394775,0.9893776178359985,0.8422296643257141,0.17074191570281982,0.9394971132278442,0.9890865683555603,0.9891088008880615,0.996364951133728
75,0.9908871054649353,0.8547530770301819,0.15243205428123474,1e-06,0.9387555122375488,0.9905591607093811,0.9905756711959839,0.9968553185462952,0.9894182085990906,0.8402663469314575,0.17307382822036743,0.9431895017623901,0.9891229271888733,0.9891455769538879,0.9963763952255249
76,0.9904261231422424,0.8486775159835815,0.16165418922901154,1e-06,0.9354170560836792,0.9901045560836792,0.9901182055473328,0.9967042803764343,0.9894161820411682,0.8404631018638611,0.17241701483726501,0.9417499899864197,0.9891236424446106,0.9891442060470581,0.9963775277137756
77,0.9902482628822327,0.8484355807304382,0.15985210239887238,1e-06,0.9351654052734375,0.9899174571037292,0.9899333119392395,0.9966402053833008,0.989450216293335,0.8410720229148865,0.17210491001605988,0.9391541481018066,0.9891526103019714,0.9891751408576965,0.9963859915733337
78,0.9908381700515747,0.8526097536087036,0.1564287543296814,1e-06,0.9344289898872375,0.9905193448066711,0.990537166595459,0.9968417286872864,0.9893739223480225,0.8401108384132385,0.1723460704088211,0.9375545978546143,0.9890814423561096,0.989102303981781,0.996363639831543
79,0.9907363653182983,0.8528499007225037,0.1546373814344406,1e-06,0.9353594779968262,0.990414023399353,0.9904254674911499,0.9968058466911316,0.9893880486488342,0.8401238322257996,0.17263399064540863,0.9402124285697937,0.989094614982605,0.9891147017478943,0.9963685870170593
80,0.9911417365074158,0.8608390688896179,0.14613687992095947,1e-06,0.9370360374450684,0.9908113479614258,0.9908231496810913,0.9969393014907837,0.989402174949646,0.8407260179519653,0.17245064675807953,0.9421665668487549,0.9891071915626526,0.9891269207000732,0.9963726997375488
81,0.9907402396202087,0.8514679074287415,0.15662992000579834,1e-06,0.9378825426101685,0.9904192686080933,0.990433394908905,0.9968084096908569,0.9894067049026489,0.838965117931366,0.17369695007801056,0.9429330825805664,0.9891130328178406,0.9891343116760254,0.9963746666908264
82,0.9908093214035034,0.8536463975906372,0.15427058935165405,1e-06,0.9388657808303833,0.9904813766479492,0.9904961585998535,0.9968292117118835,0.9894281625747681,0.8403797745704651,0.1722421795129776,0.9394828081130981,0.9891365766525269,0.9891582131385803,0.9963811635971069
83,0.9907088875770569,0.8548260927200317,0.15177999436855316,1e-06,0.9348922967910767,0.9903907179832458,0.9904051423072815,0.9967986345291138,0.9894210696220398,0.8407881855964661,0.172281414270401,0.9401382803916931,0.989130437374115,0.9891526103019714,0.9963791966438293
84,0.9905397891998291,0.8552003502845764,0.15349169075489044,1e-06,0.9347935914993286,0.9902129769325256,0.9902237057685852,0.9967403411865234,0.9894057512283325,0.8406356573104858,0.171894371509552,0.9402028322219849,0.989115297794342,0.9891378879547119,0.9963737726211548
85,0.9907193779945374,0.853667676448822,0.15329018235206604,1e-06,0.9351139068603516,0.990384042263031,0.9904001355171204,0.9967969655990601,0.989406943321228,0.8401543498039246,0.17206741869449615,0.9397528171539307,0.9891164898872375,0.9891384840011597,0.9963754415512085
86,0.990935206413269,0.8591268062591553,0.1477593183517456,1e-06,0.9363991022109985,0.9905998110771179,0.9906135201454163,0.9968690872192383,0.9894417524337769,0.8400644063949585,0.17269669473171234,0.9452359676361084,0.9891502857208252,0.9891710877418518,0.9963855743408203
87,0.9908048510551453,0.8563582301139832,0.153527170419693,1e-06,0.9393837451934814,0.9904770851135254,0.9904922246932983,0.9968279600143433,0.9893695712089539,0.8402339220046997,0.17260994017124176,0.9442713260650635,0.9890803694725037,0.9891003370285034,0.9963627457618713
88,0.9906986355781555,0.8549097776412964,0.15315787494182587,1e-06,0.9384464025497437,0.9903695583343506,0.9903876781463623,0.996792197227478,0.9893937110900879,0.8404830694198608,0.17238052189350128,0.9430127143859863,0.9891037940979004,0.9891250729560852,0.9963710904121399
89,0.9909065365791321,0.8548864126205444,0.15174074470996857,1e-06,0.938920259475708,0.9905815124511719,0.9905971884727478,0.9968616366386414,0.9893800020217896,0.8406237363815308,0.17182081937789917,0.9431942701339722,0.9890882968902588,0.9891095161437988,0.9963648319244385
90,0.9905899167060852,0.8525729179382324,0.1560356467962265,1e-06,0.9390517473220825,0.990271806716919,0.9902875423431396,0.9967591762542725,0.9893967509269714,0.8408495783805847,0.1717188060283661,0.9418784379959106,0.9891058802604675,0.9891269207000732,0.9963715076446533
91,0.9906391501426697,0.8478070497512817,0.16243912279605865,1e-06,0.9365454316139221,0.9903156161308289,0.9903255701065063,0.9967745542526245,0.9894028306007385,0.8403140306472778,0.17263782024383545,0.9411348700523376,0.9891097545623779,0.9891305565834045,0.9963724613189697
92,0.9907381534576416,0.8530560731887817,0.15577194094657898,1e-06,0.9353121519088745,0.9904115200042725,0.9904252290725708,0.996806800365448,0.9893330335617065,0.8407418131828308,0.1718340516090393,0.9361810684204102,0.9890394806861877,0.9890620112419128,0.9963487982749939
93,0.9912585020065308,0.8569475412368774,0.15125276148319244,1e-06,0.9352818727493286,0.9909301400184631,0.9909459352493286,0.9969794154167175,0.9894165396690369,0.8403060436248779,0.17229770123958588,0.9407813549041748,0.9891240000724792,0.9891449213027954,0.9963772892951965
94,0.9909253120422363,0.8608895540237427,0.14709219336509705,1e-06,0.9354068040847778,0.9905966520309448,0.9906100630760193,0.9968686699867249,0.9893848896026611,0.841033399105072,0.171294704079628,0.9400986433029175,0.9890920519828796,0.9891153573989868,0.9963659644126892
95,0.991050124168396,0.854900062084198,0.15376678109169006,1e-06,0.9374396204948425,0.9907167553901672,0.9907317161560059,0.99690842628479,0.9894150495529175,0.8412474989891052,0.17125849425792694,0.9396572113037109,0.9891265034675598,0.9891473650932312,0.9963772296905518
96,0.990871012210846,0.8551911115646362,0.15068738162517548,1e-06,0.9373390674591064,0.9905510544776917,0.9905638694763184,0.9968525171279907,0.9894329309463501,0.8410411477088928,0.17183494567871094,0.9391916394233704,0.9891422986984253,0.989164412021637,0.9963833093643188
97,0.9908807277679443,0.8530113101005554,0.15492494404315948,1e-06,0.9375348091125488,0.990553081035614,0.9905682802200317,0.9968526363372803,0.9894790053367615,0.8410868644714355,0.17168866097927094,0.9420126676559448,0.9891852140426636,0.9892067909240723,0.996397078037262
98,0.9909422397613525,0.8551564812660217,0.15409080684185028,1e-06,0.9386212825775146,0.9906201958656311,0.9906319975852966,0.9968756437301636,0.9894912242889404,0.8411017656326294,0.17148584127426147,0.9419454336166382,0.9891995191574097,0.9892222285270691,0.9964017271995544
99,0.991101086139679,0.8584356904029846,0.1489037424325943,1e-06,0.9393247365951538,0.9907675981521606,0.9907810091972351,0.9969245195388794,0.989443838596344,0.8417176008224487,0.17120850086212158,0.9422348737716675,0.9891517162322998,0.9891735315322876,0.996387243270874
100,0.9908691644668579,0.8562099933624268,0.15197831392288208,1e-06,0.9399459362030029,0.9905506372451782,0.9905701875686646,0.9968521595001221,0.9894399642944336,0.8423433899879456,0.1700904816389084,0.9424881935119629,0.9891485571861267,0.989172101020813,0.9963850378990173
101,0.9908875823020935,0.8602228760719299,0.146320179104805,1e-06,0.9380179643630981,0.9905538558959961,0.9905672073364258,0.9968534111976624,0.9894081950187683,0.8418121933937073,0.17066757380962372,0.9418468475341797,0.9891186952590942,0.989142119884491,0.996375560760498
102,0.9910293817520142,0.8570738434791565,0.15050233900547028,1e-06,0.937741219997406,0.990696370601654,0.9907128214836121,0.9969009160995483,0.9894375801086426,0.8410974144935608,0.17103543877601624,0.9440011978149414,0.9891483783721924,0.9891709089279175,0.9963847994804382
103,0.9909002780914307,0.8576228618621826,0.14909963309764862,1e-06,0.9409128427505493,0.9905790090560913,0.9905926585197449,0.9968624711036682,0.9894631505012512,0.8411800265312195,0.1707572042942047,0.9458605051040649,0.98917156457901,0.9891945123672485,0.9963923692703247
104,0.9909707903862,0.8583621978759766,0.14973105490207672,1e-06,0.9407086968421936,0.9906430244445801,0.990653932094574,0.9968825578689575,0.9895123243331909,0.8438090682029724,0.16947315633296967,0.946144163608551,0.9892224669456482,0.9892454147338867,0.9964101910591125
105,0.9907180070877075,0.8576834797859192,0.15251196920871735,1e-06,0.9369760751724243,0.9903963804244995,0.9904089570045471,0.9968001842498779,0.9894732236862183,0.8427510857582092,0.16941359639167786,0.9418151378631592,0.9891812205314636,0.9892037510871887,0.9963961243629456
106,0.9912624359130859,0.8607114553451538,0.14608891308307648,1e-06,0.9406783580780029,0.9909361600875854,0.9909514784812927,0.9969806671142578,0.9894672632217407,0.8423344492912292,0.16980621218681335,0.944306492805481,0.9891772270202637,0.9891985654830933,0.9963949918746948
107,0.9910553097724915,0.8585164546966553,0.14878098666667938,1e-06,0.9389494061470032,0.9907266497612,0.990744948387146,0.9969112277030945,0.9894214272499084,0.8416348695755005,0.170452281832695,0.942183256149292,0.9891291856765747,0.9891526699066162,0.9963786602020264
108,0.9910087585449219,0.8531250357627869,0.15237747132778168,1e-06,0.9413424134254456,0.9906815886497498,0.9906967878341675,0.996896505355835,0.9894786477088928,0.841403603553772,0.1706622689962387,0.942806601524353,0.9891869425773621,0.989208459854126,0.9963979125022888
109,0.9907748103141785,0.8503946661949158,0.15883785486221313,1e-06,0.9374512434005737,0.9904560446739197,0.9904728531837463,0.9968210458755493,0.9894891381263733,0.8414412140846252,0.17107801139354706,0.9439818859100342,0.9891968965530396,0.9892169833183289,0.9964009523391724
110,0.9906148910522461,0.8485498428344727,0.15962865948677063,1e-06,0.9405239820480347,0.9902874231338501,0.9903048276901245,0.9967648386955261,0.9894546866416931,0.8426386713981628,0.17014436423778534,0.9452412128448486,0.9891604781150818,0.9891846179962158,0.9963892102241516
111,0.9910634756088257,0.8560662865638733,0.15142111480236053,1e-06,0.9415870308876038,0.990736186504364,0.9907522201538086,0.9969144463539124,0.9894288182258606,0.8420351147651672,0.17118754982948303,0.9462782144546509,0.989139199256897,0.9891601800918579,0.9963821768760681
112,0.9908681511878967,0.8558663129806519,0.150983527302742,1e-06,0.9413121938705444,0.9905461668968201,0.990563154220581,0.9968505501747131,0.9894631505012512,0.8415228724479675,0.1714654415845871,0.9461846351623535,0.989173412322998,0.9891960620880127,0.9963938593864441
113,0.99103182554245,0.8564361929893494,0.14826129376888275,1e-06,0.9414199590682983,0.9906984567642212,0.990713357925415,0.9969010353088379,0.9894288778305054,0.8408070802688599,0.17176572978496552,0.9444913864135742,0.9891411066055298,0.989161491394043,0.9963822364807129
114,0.9908943772315979,0.8542940616607666,0.1524224877357483,1e-06,0.9411790370941162,0.9905611872673035,0.9905776381492615,0.9968557357788086,0.9894991517066956,0.8414666652679443,0.1716553270816803,0.9464337229728699,0.9892072081565857,0.9892300963401794,0.9964048862457275
115,0.9909594655036926,0.858397364616394,0.14775699377059937,1e-06,0.94126957654953,0.9906272292137146,0.9906418323516846,0.9968780279159546,0.9894636869430542,0.8401502370834351,0.17229855060577393,0.9456383585929871,0.9891704320907593,0.9891936779022217,0.9963923692703247
116,0.990857720375061,0.852501392364502,0.1541181206703186,1e-06,0.9412698745727539,0.9905340075492859,0.9905466437339783,0.9968464970588684,0.9894477128982544,0.8404539823532104,0.17177540063858032,0.9427520036697388,0.989155113697052,0.9891775250434875,0.9963873624801636
117,0.9910293817520142,0.8560874462127686,0.15074096620082855,1e-06,0.9424268007278442,0.9907036423683167,0.9907212257385254,0.9969033002853394,0.9894865155220032,0.8410924077033997,0.1712125986814499,0.9448615908622742,0.9891974329948425,0.9892182946205139,0.9964011311531067
118,0.9906201362609863,0.8549189567565918,0.1541067361831665,1e-06,0.9376124143600464,0.9902898073196411,0.9903045892715454,0.9967659711837769,0.9895043969154358,0.8411253094673157,0.17073045670986176,0.9431232213973999,0.9892127513885498,0.9892356395721436,0.9964075684547424
119,0.991023600101471,0.8564634323120117,0.15106961131095886,1e-06,0.9407151937484741,0.9907057285308838,0.9907197952270508,0.9969041347503662,0.9895204901695251,0.8412975072860718,0.1704234778881073,0.9432995319366455,0.9892257452011108,0.9892482757568359,0.9964120984077454
120,0.991000771522522,0.8573498725891113,0.15032115578651428,1e-06,0.9399510622024536,0.9906774759292603,0.9906951189041138,0.9968938231468201,0.9894812107086182,0.8408108949661255,0.17095039784908295,0.9417440295219421,0.9891873598098755,0.9892081618309021,0.9963988661766052
121,0.9912230968475342,0.8642617464065552,0.14241912961006165,1e-06,0.939601719379425,0.9908909797668457,0.9909074306488037,0.9969651699066162,0.9894613027572632,0.8413417935371399,0.17061029374599457,0.9440673589706421,0.9891700744628906,0.9891920685768127,0.9963933825492859
122,0.9908993244171143,0.8591893315315247,0.14728206396102905,1e-06,0.939298689365387,0.9905675053596497,0.9905813932418823,0.9968585968017578,0.9895009398460388,0.8402027487754822,0.17189644277095795,0.946256160736084,0.9892123341560364,0.9892343878746033,0.9964064955711365
123,0.991288959980011,0.8604269027709961,0.1461062878370285,1e-06,0.9424080848693848,0.9909667372703552,0.9909813404083252,0.9969902038574219,0.9894823431968689,0.8415936231613159,0.17042472958564758,0.9444864988327026,0.9891917705535889,0.9892153739929199,0.9964006543159485
124,0.9911444783210754,0.8606976270675659,0.14622843265533447,1e-06,0.9407436847686768,0.9908182621002197,0.9908337593078613,0.9969418048858643,0.9895299673080444,0.8413904309272766,0.17060008645057678,0.9482680559158325,0.9892398715019226,0.9892625212669373,0.996415913105011
125,0.9911907315254211,0.8614954352378845,0.1452295333147049,1e-06,0.9444983005523682,0.9908648729324341,0.9908833503723145,0.9969570636749268,0.9894548654556274,0.8411389589309692,0.17131051421165466,0.9450289011001587,0.9891659617424011,0.9891887903213501,0.9963909983634949
126,0.9905205368995667,0.8488898873329163,0.15821926295757294,1e-06,0.9431162476539612,0.9902013540267944,0.99021977186203,0.9967352747917175,0.9894806742668152,0.8404564261436462,0.1718026101589203,0.9463644027709961,0.9891908168792725,0.9892131686210632,0.9963991045951843
127,0.9908665418624878,0.8571356534957886,0.1506650596857071,1e-06,0.9429398775100708,0.9905401468276978,0.9905571937561035,0.9968483448028564,0.9894593954086304,0.8415267467498779,0.1708238124847412,0.9448484778404236,0.9891660213470459,0.989189088344574,0.996390700340271
128,0.9910790324211121,0.8588968515396118,0.1485714465379715,1e-06,0.9420769214630127,0.9907547831535339,0.9907705187797546,0.9969203472137451,0.9895209670066833,0.8414114117622375,0.17078910768032074,0.9473181962966919,0.9892313480377197,0.9892539978027344,0.9964133501052856
129,0.9909507036209106,0.8606390953063965,0.145777627825737,1e-06,0.9418896436691284,0.9906220436096191,0.9906381964683533,0.9968761205673218,0.9894647002220154,0.84150630235672,0.17090533673763275,0.9479250311851501,0.9891754388809204,0.9891980290412903,0.9963942170143127
130,0.9909905195236206,0.8597980737686157,0.14764034748077393,1e-06,0.9435955882072449,0.9906626343727112,0.9906788468360901,0.9968898892402649,0.9895083904266357,0.8427931666374207,0.16942369937896729,0.9483912587165833,0.9892165064811707,0.9892407059669495,0.9964081645011902
131,0.9910892248153687,0.8601433038711548,0.1459127515554428,1e-06,0.9430136680603027,0.9907562136650085,0.9907763004302979,0.9969211220741272,0.9895328283309937,0.841044008731842,0.1711519956588745,0.9478675723075867,0.9892435669898987,0.9892652034759521,0.9964165687561035
132,0.991371750831604,0.8677904009819031,0.13880935311317444,1e-06,0.9437594413757324,0.9910326600074768,0.9910508990287781,0.9970119595527649,0.9895248413085938,0.841834545135498,0.1702888160943985,0.9463422298431396,0.989234209060669,0.9892563223838806,0.9964138865470886
133,0.9912131428718567,0.8617858290672302,0.14432291686534882,1e-06,0.9431215524673462,0.9908859133720398,0.9909048676490784,0.9969636797904968,0.989530622959137,0.8425148725509644,0.17018446326255798,0.946838915348053,0.9892397522926331,0.989262044429779,0.9964145421981812
134,0.9911386966705322,0.8632038831710815,0.14248207211494446,1e-06,0.9410345554351807,0.9908055067062378,0.9908222556114197,0.9969364404678345,0.9894769191741943,0.8419489860534668,0.17034034430980682,0.9451504945755005,0.9891830682754517,0.9892065525054932,0.996396541595459
135,0.9910323023796082,0.8564419746398926,0.1508648693561554,1e-06,0.941271185874939,0.9906986951828003,0.9907171130180359,0.99690181016922,0.989482581615448,0.8416444659233093,0.1710338592529297,0.9465586543083191,0.9891910552978516,0.9892136454582214,0.9963993430137634
136,0.991077184677124,0.8520958423614502,0.15333126485347748,1e-06,0.9434983730316162,0.9907543063163757,0.9907705783843994,0.9969196319580078,0.9895234107971191,0.8415096402168274,0.17091861367225647,0.9473121166229248,0.9892280101776123,0.989250659942627,0.9964122772216797
137,0.9907828569412231,0.8569165468215942,0.15043826401233673,1e-06,0.9427522420883179,0.9904559850692749,0.9904710650444031,0.9968203902244568,0.9895603060722351,0.8419569134712219,0.17035964131355286,0.9463626146316528,0.9892643690109253,0.9892877340316772,0.9964232444763184
138,0.9909574389457703,0.8560798168182373,0.15184009075164795,1e-06,0.9421038627624512,0.9906241297721863,0.9906423091888428,0.9968768358230591,0.9894967079162598,0.8403076529502869,0.17125944793224335,0.9463769793510437,0.9892048835754395,0.9892284274101257,0.9964038133621216
139,0.9908742904663086,0.8567755818367004,0.15007397532463074,1e-06,0.9422802925109863,0.9905459880828857,0.9905616044998169,0.9968500137329102,0.9895331263542175,0.8420873880386353,0.1702168732881546,0.945622980594635,0.9892401099205017,0.9892639517784119,0.9964161515235901
140,0.9913403391838074,0.8625354766845703,0.14499494433403015,1e-06,0.9418137073516846,0.9910032749176025,0.9910200834274292,0.9970038533210754,0.9895192980766296,0.8415824770927429,0.17024149000644684,0.9448056221008301,0.9892301559448242,0.9892529845237732,0.9964128732681274
141,0.9908934235572815,0.8584925532341003,0.15023428201675415,1e-06,0.9452154636383057,0.9905751943588257,0.990595817565918,0.9968599081039429,0.9895641803741455,0.8416003584861755,0.17078754305839539,0.9501850008964539,0.9892735481262207,0.989296555519104,0.9964276552200317
142,0.9912958145141602,0.8594592809677124,0.14780153334140778,1e-06,0.9446544647216797,0.9909716844558716,0.990989089012146,0.9969918131828308,0.9895216822624207,0.8420529961585999,0.17025764286518097,0.948830246925354,0.9892306923866272,0.9892541766166687,0.9964128732681274
143,0.9915294647216797,0.8661383390426636,0.14089035987854004,1e-06,0.9442774057388306,0.9911933541297913,0.9912073612213135,0.9970666170120239,0.9894758462905884,0.8408016562461853,0.17129860818386078,0.9489074349403381,0.9891864657402039,0.9892089366912842,0.9963979721069336
144,0.9909653663635254,0.8577830791473389,0.14918191730976105,1e-06,0.9446600675582886,0.9906324744224548,0.9906513094902039,0.9968788623809814,0.9895193576812744,0.8409164547920227,0.17103536427021027,0.947835385799408,0.9892274141311646,0.9892500042915344,0.9964113831520081
145,0.9911617040634155,0.8596702218055725,0.1484690010547638,1e-06,0.9437217116355896,0.9908333420753479,0.9908508062362671,0.996945321559906,0.989592969417572,0.8420730233192444,0.16984547674655914,0.9499717950820923,0.9893046021461487,0.9893274307250977,0.9964371919631958
146,0.9912086725234985,0.8616145253181458,0.14470712840557098,1e-06,0.9436191320419312,0.9908822178840637,0.9909036755561829,0.9969624876976013,0.9895944595336914,0.8409849405288696,0.17066121101379395,0.94987952709198,0.989305853843689,0.9893283843994141,0.9964371919631958
147,0.9913183450698853,0.8594343662261963,0.1476188749074936,1e-06,0.9477977752685547,0.9909944534301758,0.9910141825675964,0.9969998598098755,0.9896090626716614,0.8415398597717285,0.17019042372703552,0.951012372970581,0.9893171191215515,0.9893412590026855,0.9964411854743958
148,0.9913466572761536,0.8632155656814575,0.14433693885803223,1e-06,0.9451394081115723,0.9910223484039307,0.9910387396812439,0.99700927734375,0.9895794987678528,0.8409551978111267,0.17043185234069824,0.949939489364624,0.9892932772636414,0.9893164038658142,0.9964330792427063
149,0.9910735487937927,0.8583316206932068,0.1483205407857895,1e-06,0.946274995803833,0.9907496571540833,0.9907659292221069,0.996918261051178,0.9896084070205688,0.8411794304847717,0.17002403736114502,0.950681209564209,0.9893187880516052,0.9893426895141602,0.9964415431022644
150,0.9912832975387573,0.8615740537643433,0.14587749540805817,1e-06,0.9451168775558472,0.9909465909004211,0.9909648895263672,0.9969844222068787,0.9895836710929871,0.8409543633460999,0.17000968754291534,0.9482384324073792,0.9892916679382324,0.9893150925636292,0.9964315891265869
151,0.9910038709640503,0.8572971224784851,0.14890886843204498,1e-06,0.9442024827003479,0.9906689524650574,0.9906887412071228,0.9968926310539246,0.9895724058151245,0.8420899510383606,0.16936743259429932,0.9479057192802429,0.9892843961715698,0.989308774471283,0.9964305758476257
152,0.9910528063774109,0.8582483530044556,0.14840087294578552,1e-06,0.9442309141159058,0.9907246232032776,0.990745484828949,0.9969107508659363,0.9895364046096802,0.8412705063819885,0.17020483314990997,0.9462378025054932,0.98924320936203,0.9892669320106506,0.9964169859886169
153,0.9914765357971191,0.860899031162262,0.14693456888198853,1e-06,0.9454188346862793,0.9911444783210754,0.9911630153656006,0.9970504641532898,0.9895197153091431,0.8414984941482544,0.16997285187244415,0.9468445777893066,0.9892280697822571,0.9892505407333374,0.9964110255241394
154,0.9912592172622681,0.8597983121871948,0.148054301738739,1e-06,0.9445774555206299,0.9909332394599915,0.9909502267837524,0.9969795346260071,0.9895489811897278,0.8415377736091614,0.17024114727973938,0.946749210357666,0.9892585873603821,0.9892834424972534,0.9964231252670288
155,0.9910212755203247,0.857111394405365,0.1486818790435791,1e-06,0.9443808794021606,0.9906980991363525,0.9907153844833374,0.9969017505645752,0.9895440936088562,0.8412578701972961,0.17023761570453644,0.9464850425720215,0.9892539381980896,0.9892785549163818,0.9964205026626587
156,0.9911290407180786,0.8617671728134155,0.1443331241607666,1e-06,0.944827675819397,0.9908026456832886,0.990824818611145,0.9969366788864136,0.9895491003990173,0.8413516879081726,0.17023825645446777,0.9461318254470825,0.9892570972442627,0.9892805814743042,0.9964215755462646
157,0.9911438226699829,0.8596076369285583,0.14561015367507935,1e-06,0.9410793781280518,0.9908093214035034,0.9908244609832764,0.9969384670257568,0.9895684719085693,0.8413050770759583,0.17016443610191345,0.9486052989959717,0.9892745018005371,0.9892985820770264,0.9964269995689392
158,0.99131840467453,0.863573431968689,0.1427098661661148,1e-06,0.9413689374923706,0.9909864068031311,0.9910034537315369,0.996997058391571,0.9895108342170715,0.8416520357131958,0.16984757781028748,0.9456608891487122,0.9892168641090393,0.9892399311065674,0.9964086413383484
159,0.9913468956947327,0.8639745712280273,0.14316540956497192,1e-06,0.9445550441741943,0.9910195469856262,0.9910402297973633,0.997008740901947,0.9895524382591248,0.8429577946662903,0.1686413288116455,0.9466445446014404,0.9892593622207642,0.989282488822937,0.9964221715927124
160,0.9911879897117615,0.8587289452552795,0.14863744378089905,1e-06,0.9403194189071655,0.9908483028411865,0.9908639788627625,0.9969516396522522,0.989546000957489,0.8414588570594788,0.17048558592796326,0.9450348615646362,0.9892544746398926,0.9892770648002625,0.9964192509651184
161,0.991078794002533,0.8601378798484802,0.14706012606620789,1e-06,0.9437591433525085,0.9907456636428833,0.9907634258270264,0.9969179034233093,0.9896094799041748,0.8422027230262756,0.16930639743804932,0.9481323957443237,0.9893189072608948,0.9893426895141602,0.9964426755905151
162,0.9913273453712463,0.8582280874252319,0.1490088254213333,1e-06,0.9418240189552307,0.9909990429878235,0.9910142421722412,0.9970014691352844,0.9895785450935364,0.8426938056945801,0.16891057789325714,0.9461316466331482,0.9892902970314026,0.9893143177032471,0.9964321255683899
163,0.9912376999855042,0.8594899773597717,0.14866454899311066,1e-06,0.9447566270828247,0.9909073710441589,0.9909277558326721,0.996971070766449,0.9895866513252258,0.8428171277046204,0.16863802075386047,0.9488774538040161,0.9892956614494324,0.9893196821212769,0.9964343905448914
164,0.9913627505302429,0.8624804019927979,0.14366689324378967,1e-06,0.9440310001373291,0.9910236597061157,0.9910408854484558,0.9970095157623291,0.9895768761634827,0.8416902422904968,0.16942104697227478,0.9466716647148132,0.9892871379852295,0.9893109202384949,0.9964315295219421
165,0.9911095499992371,0.8632452487945557,0.14313580095767975,1e-06,0.9441123008728027,0.9907673001289368,0.9907873868942261,0.9969240427017212,0.9895600080490112,0.8415401577949524,0.169542133808136,0.9489747881889343,0.9892698526382446,0.989295482635498,0.996425449848175
166,0.9911644458770752,0.8582862019538879,0.14803333580493927,1e-06,0.9461693167686462,0.990829348564148,0.9908474683761597,0.9969444870948792,0.9895381331443787,0.842287540435791,0.16930627822875977,0.9469388127326965,0.9892492294311523,0.9892738461494446,0.9964182376861572
167,0.9910760521888733,0.8554107546806335,0.15231285989284515,1e-06,0.943394124507904,0.9907501339912415,0.9907674193382263,0.9969184398651123,0.9896152019500732,0.8432617783546448,0.1681949645280838,0.9474950432777405,0.9893285632133484,0.9893544912338257,0.996445894241333
168,0.9916439652442932,0.8627595901489258,0.14336071908473969,1e-06,0.9429274797439575,0.9913116693496704,0.9913309216499329,0.9971069097518921,0.9895948767662048,0.843346893787384,0.16797074675559998,0.9481122493743896,0.9893044829368591,0.9893296957015991,0.9964368939399719
169,0.9911801218986511,0.8614607453346252,0.14619199931621552,1e-06,0.9428790807723999,0.9908505082130432,0.9908691644668579,0.9969521760940552,0.9895767569541931,0.8429659008979797,0.168128103017807,0.9450725317001343,0.9892827272415161,0.9893074631690979,0.9964302182197571
170,0.9910312294960022,0.8577419519424438,0.14824257791042328,1e-06,0.9427975416183472,0.9907054305076599,0.9907242655754089,0.9969037175178528,0.9896106123924255,0.8427960872650146,0.16853226721286774,0.9477155208587646,0.9893192052841187,0.9893450736999512,0.9964415431022644
171,0.9915753602981567,0.8645353317260742,0.14132383465766907,1e-06,0.9477825164794922,0.9912495613098145,0.9912716150283813,0.9970858097076416,0.9896814823150635,0.8437556028366089,0.1680387556552887,0.9527987837791443,0.9893949627876282,0.989420473575592,0.9964666962623596
172,0.9912977814674377,0.8612951636314392,0.1463441252708435,1e-06,0.9484870433807373,0.9909748435020447,0.9909947514533997,0.9969937205314636,0.9896157383918762,0.8423305749893188,0.16882666945457458,0.9513580799102783,0.9893277883529663,0.9893521666526794,0.9964450597763062
173,0.991406261920929,0.8639047741889954,0.144014373421669,1e-06,0.9492137432098389,0.9910796880722046,0.991100013256073,0.9970273971557617,0.9896778464317322,0.8429237604141235,0.16842728853225708,0.953633189201355,0.9893934726715088,0.9894179105758667,0.9964659810066223
174,0.9914045929908752,0.8614631295204163,0.14449648559093475,1e-06,0.9479780197143555,0.9910731315612793,0.9910929203033447,0.9970255494117737,0.9896497130393982,0.8424277305603027,0.1691286712884903,0.9509587287902832,0.9893625378608704,0.9893866181373596,0.9964560270309448
175,0.991153359413147,0.863953173160553,0.14299556612968445,1e-06,0.9465885162353516,0.9908215999603271,0.9908398389816284,0.9969425201416016,0.9896528720855713,0.8429032564163208,0.16881631314754486,0.9513896107673645,0.9893655180931091,0.9893903732299805,0.9964582324028015
176,0.9913923740386963,0.8617520928382874,0.14447146654129028,1e-06,0.9487806558609009,0.991070568561554,0.9910880923271179,0.9970250129699707,0.9896848201751709,0.8437668681144714,0.1681889146566391,0.9503278732299805,0.9893946647644043,0.9894201159477234,0.9964669942855835
177,0.9913632869720459,0.8627035021781921,0.1447262167930603,1e-06,0.9458494186401367,0.9910366535186768,0.9910575151443481,0.9970153570175171,0.9895962476730347,0.8434063196182251,0.16806265711784363,0.9477741718292236,0.9893084764480591,0.9893341064453125,0.9964380860328674
178,0.9913437962532043,0.8624346256256104,0.14367365837097168,1e-06,0.9467828273773193,0.9910167455673218,0.991036057472229,0.9970071315765381,0.9896342158317566,0.842280387878418,0.16935092210769653,0.9504904747009277,0.9893500804901123,0.989374577999115,0.9964523315429688
179,0.9912329316139221,0.8604103326797485,0.14644025266170502,1e-06,0.9479491114616394,0.9909104704856873,0.9909316301345825,0.99697345495224,0.9896649718284607,0.8435099124908447,0.1680804193019867,0.9516003131866455,0.9893777966499329,0.9894025325775146,0.996461033821106
180,0.9914275407791138,0.866848349571228,0.13967616856098175,1e-06,0.9478625059127808,0.991097092628479,0.991118311882019,0.9970347285270691,0.989693284034729,0.8432362675666809,0.168371319770813,0.9514097571372986,0.9894107580184937,0.989435613155365,0.9964721202850342
181,0.9915000796318054,0.8669412136077881,0.13948078453540802,1e-06,0.9463490843772888,0.9911699295043945,0.991188108921051,0.9970576167106628,0.989689826965332,0.842946469783783,0.16857662796974182,0.9499877691268921,0.9894056916236877,0.9894315600395203,0.9964699745178223
182,0.9913990497589111,0.8681648969650269,0.1376999020576477,1e-06,0.9458441734313965,0.9910662174224854,0.9910885691642761,0.9970235824584961,0.9896658658981323,0.8435445427894592,0.1677338182926178,0.9485722780227661,0.9893792271614075,0.9894040822982788,0.9964607357978821
183,0.9915803670883179,0.8680956959724426,0.1377963423728943,1e-06,0.9454775452613831,0.9912558794021606,0.9912757873535156,0.9970867037773132,0.9896960854530334,0.8426550030708313,0.16829408705234528,0.947748064994812,0.9894108772277832,0.9894353151321411,0.9964723587036133
184,0.9915284514427185,0.8680885434150696,0.13823175430297852,1e-06,0.9446195960044861,0.9911956787109375,0.9912123084068298,0.9970672130584717,0.9896589517593384,0.8422682285308838,0.16937245428562164,0.9476560354232788,0.9893693923950195,0.9893952012062073,0.9964585900306702
185,0.9915263056755066,0.8669746518135071,0.13868257403373718,1e-06,0.9449934959411621,0.9911944270133972,0.9912146329879761,0.9970662593841553,0.9896798729896545,0.8424694538116455,0.1693093329668045,0.9506996273994446,0.9893949031829834,0.9894194602966309,0.996467113494873
186,0.9912848472595215,0.861127495765686,0.14501667022705078,1e-06,0.9455232620239258,0.9909594058990479,0.9909764528274536,0.9969879388809204,0.9896872639656067,0.8421913385391235,0.1694745421409607,0.9505528211593628,0.9894000291824341,0.989425778388977,0.9964693784713745
187,0.9916126728057861,0.8671953082084656,0.13975338637828827,1e-06,0.9447760581970215,0.9912735223770142,0.991294264793396,0.997093141078949,0.9896780848503113,0.8427425622940063,0.16965177655220032,0.9499027729034424,0.9893919825553894,0.9894161820411682,0.9964662194252014
188,0.9915565848350525,0.8608173727989197,0.1448410153388977,1e-06,0.9460116028785706,0.9912281632423401,0.99124675989151,0.9970775246620178,0.9896825551986694,0.8430289626121521,0.16835862398147583,0.9489028453826904,0.9893957376480103,0.9894209504127502,0.9964678883552551
189,0.9914334416389465,0.8642803430557251,0.14263410866260529,1e-06,0.9433132410049438,0.9910947680473328,0.9911140203475952,0.9970340132713318,0.9896420836448669,0.843437135219574,0.16849862039089203,0.9481791257858276,0.9893572330474854,0.9893818497657776,0.9964540004730225
190,0.9915039539337158,0.8689062595367432,0.1382807195186615,1e-06,0.9447820782661438,0.9911741614341736,0.9911913871765137,0.9970607161521912,0.9896595478057861,0.8437950611114502,0.1682460904121399,0.9495503306388855,0.9893718957901001,0.9893977642059326,0.9964591860771179
191,0.9915217161178589,0.8655722737312317,0.14143989980220795,1e-06,0.9458470344543457,0.9911925196647644,0.9912108778953552,0.9970653057098389,0.9896771311759949,0.843106210231781,0.16915221512317657,0.9513506889343262,0.9893898367881775,0.9894155263900757,0.996465802192688
192,0.9911708831787109,0.8586376905441284,0.14833931624889374,1e-06,0.9460997581481934,0.9908402562141418,0.9908607602119446,0.9969481229782104,0.9896960258483887,0.8442631363868713,0.1675717532634735,0.9510055780410767,0.9894137382507324,0.9894384741783142,0.9964730739593506
193,0.9915690422058105,0.8620019555091858,0.14392556250095367,1e-06,0.9489538073539734,0.9912434220314026,0.9912620782852173,0.9970831871032715,0.9896801710128784,0.8436009883880615,0.16832226514816284,0.9501729011535645,0.9893967509269714,0.9894218444824219,0.9964672923088074
194,0.9914323687553406,0.8615981340408325,0.14590708911418915,1e-06,0.9470667243003845,0.9911068677902222,0.9911279082298279,0.9970378279685974,0.989693820476532,0.8434298038482666,0.16787222027778625,0.9514034986495972,0.9894111752510071,0.9894366264343262,0.9964725971221924
195,0.9914926886558533,0.8699728846549988,0.1387874037027359,1e-06,0.9460196495056152,0.9911720752716064,0.991195023059845,0.997059166431427,0.9896233677864075,0.8431280255317688,0.1683437079191208,0.946772575378418,0.9893360137939453,0.9893612265586853,0.9964487552642822
196,0.9913855791091919,0.8636159896850586,0.14317847788333893,1e-06,0.9434670209884644,0.9910589456558228,0.9910794496536255,0.9970215559005737,0.9896613955497742,0.8434816598892212,0.16785408556461334,0.9496698379516602,0.9893749356269836,0.9894006252288818,0.9964592456817627
197,0.9914247989654541,0.8629679679870605,0.14415639638900757,1e-06,0.94584721326828,0.9910976886749268,0.9911192059516907,0.9970338344573975,0.989612877368927,0.8434575796127319,0.1683289110660553,0.9464162588119507,0.9893235564231873,0.9893480539321899,0.996442437171936
198,0.9915749430656433,0.8691315650939941,0.13671152293682098,1e-06,0.9447016716003418,0.9912390112876892,0.9912588000297546,0.9970821142196655,0.9896354079246521,0.8431952595710754,0.16865244507789612,0.947068989276886,0.9893463850021362,0.9893708825111389,0.9964513182640076
199,0.9913738369941711,0.8625666499137878,0.14335066080093384,1e-06,0.9456904530525208,0.9910398721694946,0.9910605549812317,0.9970152378082275,0.9896686673164368,0.8441779017448425,0.16738833487033844,0.9508350491523743,0.9893813133239746,0.9894072413444519,0.9964630007743835
