----------
model name: unet_v1
epochs: 200
steps_per_epoch: 948
dimension: 256
n_channels: 2
input layer: KerasTensor(type_spec=TensorSpec(shape=(None, 256, 256, 2), dtype=tf.float32, name='input_1'), name='input_1', description="created by layer 'input_1'")
kernel init: he_normal
kernel size: 1
dropout: 0.2
learning rate: 0.0001
loss function: <function focal_dice_loss at 0x7f42b8b88670>
train cases: 948
train slices: 8649
validation cases: 237
val slices: 1978
slice index: 40 ~ 116
tumor ratio: 0.15 ~ 0.2
test cases: 66
start training at: Apr-29_13-14-18
----------
