epoch,accuracy,dice_coef,loss,lr,mean_io_u,precision,sensitivity,specificity,val_accuracy,val_dice_coef,val_loss,val_mean_io_u,val_precision,val_sensitivity,val_specificity
0,0.8926898837089539,0.3632335960865021,0.6549977660179138,1e-04,0.6532108783721924,0.9244498014450073,0.8514330387115479,0.9825662970542908,0.9057086110115051,0.39653390645980835,0.6137771606445312,0.8357126712799072,0.9175260663032532,0.8976011872291565,0.9730518460273743
1,0.929059624671936,0.4722486734390259,0.5414779186248779,1e-04,0.6174556016921997,0.934637188911438,0.9257339239120483,0.9785116910934448,0.9331216216087341,0.5209503173828125,0.49383535981178284,0.7165154218673706,0.9346451759338379,0.9312005043029785,0.9783220887184143
2,0.9410679936408997,0.517957866191864,0.4980148375034332,1e-04,0.7099243998527527,0.9428589344024658,0.93937748670578,0.9810526967048645,0.9476673007011414,0.552072286605835,0.45575207471847534,0.38318514823913574,0.9496955871582031,0.945877194404602,0.9833229780197144
3,0.9476867318153381,0.5452014207839966,0.46907758712768555,1e-04,0.7026171684265137,0.9488677978515625,0.9463797211647034,0.9830174446105957,0.9527679681777954,0.5687301754951477,0.4463443458080292,0.7778162360191345,0.9531539678573608,0.9517715573310852,0.9844181537628174
4,0.9528248310089111,0.5688166618347168,0.4486532211303711,1e-04,0.7470415234565735,0.9533867835998535,0.9518280625343323,0.9844996929168701,0.9569746851921082,0.5848758816719055,0.42399224638938904,0.8121193647384644,0.9578476548194885,0.9557493925094604,0.9859917163848877
5,0.9555855393409729,0.5802735686302185,0.4348068833351135,1e-04,0.7746950387954712,0.956078827381134,0.9546447396278381,0.9853898882865906,0.9543299078941345,0.5898676514625549,0.43388885259628296,0.796203076839447,0.9543287754058838,0.9538171291351318,0.9847832322120667
6,0.9600775837898254,0.6041643023490906,0.4101235866546631,1e-04,0.7342169284820557,0.9604171514511108,0.9592607617378235,0.9868276119232178,0.9666557908058167,0.5969290137290955,0.4141829013824463,0.8135676980018616,0.9671642184257507,0.9657695293426514,0.9890643954277039
7,0.9594113230705261,0.6027671098709106,0.41112443804740906,1e-04,0.7476037740707397,0.9597044587135315,0.9586327075958252,0.9865868091583252,0.961178183555603,0.6056369543075562,0.40098094940185547,0.7937544584274292,0.9615257382392883,0.9603469967842102,0.9871930480003357
8,0.9626208543777466,0.6154482960700989,0.39975786209106445,1e-04,0.7607738971710205,0.9627973437309265,0.961950421333313,0.9876168966293335,0.9399155378341675,0.6011241674423218,0.4129711091518402,0.7510038614273071,0.9405372142791748,0.9391995668411255,0.9802348613739014
9,0.9641803503036499,0.6311262249946594,0.38564348220825195,1e-04,0.7668557167053223,0.964302122592926,0.9635695815086365,0.9881137013435364,0.9696514010429382,0.6386837959289551,0.3773074150085449,0.798760175704956,0.9695842266082764,0.9691048264503479,0.9898673295974731
10,0.964158833026886,0.6278483867645264,0.38857197761535645,1e-04,0.6782627105712891,0.9642638564109802,0.9635761976242065,0.988101065158844,0.9675976634025574,0.6404021382331848,0.36898890137672424,0.7457651495933533,0.9676552414894104,0.9670188426971436,0.989226222038269
11,0.9674367904663086,0.6419172883033752,0.3738786578178406,1e-04,0.713075578212738,0.9674564003944397,0.9669250845909119,0.9891611337661743,0.9612654447555542,0.6418962478637695,0.37263065576553345,0.8019647598266602,0.9614595174789429,0.9606574773788452,0.9871706962585449
12,0.9654439687728882,0.6313610672950745,0.3826047480106354,1e-04,0.6410448551177979,0.9655620455741882,0.964876651763916,0.9885338544845581,0.9553631544113159,0.6114851236343384,0.39601075649261475,0.42852553725242615,0.9555631875991821,0.954649031162262,0.9852033257484436
13,0.9728066921234131,0.6707867383956909,0.34336450695991516,2e-05,0.7200021743774414,0.972746729850769,0.9723067879676819,0.9909238815307617,0.9732899069786072,0.6738391518592834,0.3417872190475464,0.793541431427002,0.9731969237327576,0.9728370904922485,0.9910709261894226
14,0.9737924933433533,0.6805369257926941,0.33233699202537537,2e-05,0.7826662063598633,0.9737175703048706,0.9733191728591919,0.9912452101707458,0.9736310243606567,0.6742100119590759,0.3372804820537567,0.7922573089599609,0.9735631942749023,0.9731746315956116,0.9911922216415405
15,0.97369384765625,0.6809649467468262,0.33369576930999756,2e-05,0.7877094745635986,0.9736087918281555,0.9732281565666199,0.9912063479423523,0.9706990718841553,0.6717910766601562,0.3368688225746155,0.7789620161056519,0.9706911444664001,0.9701645374298096,0.9902379512786865
16,0.9741023778915405,0.681021511554718,0.33072352409362793,2e-05,0.7829111814498901,0.9740303754806519,0.9736121296882629,0.9913496971130371,0.975393533706665,0.6847154498100281,0.3297885060310364,0.8011369705200195,0.9753032922744751,0.9749209880828857,0.9917739033699036
17,0.973536491394043,0.678405225276947,0.3356143534183502,2e-05,0.7752313017845154,0.973442018032074,0.9730660319328308,0.991153359413147,0.9723278284072876,0.673961341381073,0.33490613102912903,0.7700164914131165,0.9722756743431091,0.9718155860900879,0.9907636046409607
18,0.9751991033554077,0.6907052993774414,0.32340511679649353,2e-05,0.7756400108337402,0.9751035571098328,0.9747589826583862,0.9917070865631104,0.9747347831726074,0.6813551187515259,0.33455002307891846,0.7713401913642883,0.9746118783950806,0.9742931723594666,0.9915417432785034
19,0.9756528735160828,0.6978954672813416,0.31515780091285706,4e-06,0.7493108510971069,0.9755364656448364,0.9751803278923035,0.9918498992919922,0.9752882122993469,0.6874935626983643,0.3249775767326355,0.7829069495201111,0.9751741886138916,0.9748232960700989,0.9917294979095459
20,0.974705696105957,0.6878688931465149,0.3261585533618927,4e-06,0.7781213521957397,0.9746204614639282,0.9742267727851868,0.9915457367897034,0.9750693440437317,0.6885761022567749,0.32460469007492065,0.7853389382362366,0.9749622344970703,0.9746069312095642,0.9916602373123169
21,0.975536048412323,0.6948707103729248,0.32207971811294556,4e-06,0.7817527055740356,0.9754317998886108,0.9750704765319824,0.9918163418769836,0.9749587774276733,0.6895046234130859,0.32427433133125305,0.7850975394248962,0.9748545289039612,0.9744967222213745,0.9916234016418457
22,0.975690484046936,0.693822979927063,0.31741878390312195,4e-06,0.7877408266067505,0.9755877256393433,0.9752286076545715,0.9918655753135681,0.974713921546936,0.6891043186187744,0.32380375266075134,0.7915645241737366,0.974614143371582,0.9742445349693298,0.9915434718132019
23,0.9758279323577881,0.6919207572937012,0.3253975510597229,4e-06,0.7856500148773193,0.9757152199745178,0.975368320941925,0.9919100999832153,0.9750421047210693,0.6897228956222534,0.3235633969306946,0.787552535533905,0.9749307632446289,0.9745849370956421,0.9916492700576782
24,0.9765698313713074,0.6962140202522278,0.3170172870159149,4e-06,0.7835332155227661,0.976433515548706,0.9761279225349426,0.9921470284461975,0.9751157760620117,0.691942572593689,0.3234463632106781,0.7861185073852539,0.9749736189842224,0.9746785163879395,0.9916632771492004
25,0.9764750599861145,0.6983004808425903,0.31475764513015747,4e-06,0.7811644673347473,0.9763347506523132,0.9760413765907288,0.9921152591705322,0.9757595062255859,0.6912964582443237,0.32343214750289917,0.7887736558914185,0.9756317734718323,0.9753106236457825,0.9918816685676575
26,0.9756549596786499,0.6943648457527161,0.3231757879257202,4e-06,0.7789431810379028,0.9755245447158813,0.9751768112182617,0.9918463826179504,0.9759902358055115,0.693208634853363,0.3223366141319275,0.7872769832611084,0.9758560657501221,0.9755480289459229,0.991955578327179
27,0.9765116572380066,0.6999601125717163,0.31358790397644043,4e-06,0.7811723947525024,0.9763802289962769,0.9760577082633972,0.9921293258666992,0.9762140512466431,0.6926050186157227,0.3220994770526886,0.7840351462364197,0.9760901927947998,0.9757702946662903,0.9920351505279541
28,0.9770134687423706,0.7081355452537537,0.3074822425842285,4e-06,0.7772352695465088,0.9768652319908142,0.9765614867210388,0.9922918677330017,0.9747836589813232,0.6912314891815186,0.3225230574607849,0.7840667366981506,0.9746749401092529,0.9743353724479675,0.9915639758110046
29,0.9768069982528687,0.6993112564086914,0.314527302980423,4e-06,0.7841488122940063,0.9766741394996643,0.9763430953025818,0.9922283291816711,0.9737254977226257,0.6881181597709656,0.3239036500453949,0.7834974527359009,0.9736090898513794,0.9732719659805298,0.9912068843841553
30,0.9768081903457642,0.700086772441864,0.3123457431793213,1e-06,0.7856888771057129,0.9766668081283569,0.9763526320457458,0.9922251105308533,0.9759997129440308,0.6938629150390625,0.32190412282943726,0.7919529676437378,0.9758564233779907,0.9755632281303406,0.9919562935829163
31,0.9770299196243286,0.6990541219711304,0.3150312006473541,1e-06,0.7871447205543518,0.9768776297569275,0.9765814542770386,0.9922962784767151,0.9754116535186768,0.692966639995575,0.32172080874443054,0.7880905866622925,0.9752745032310486,0.9749723076820374,0.9917631149291992
32,0.9770861864089966,0.7037996649742126,0.31078246235847473,1e-06,0.7869985103607178,0.9769442081451416,0.9766349792480469,0.9923182725906372,0.9754087328910828,0.6931869983673096,0.32096120715141296,0.7901802659034729,0.9752829670906067,0.9749636650085449,0.9917649030685425
33,0.9764943718910217,0.7023418545722961,0.310293972492218,1e-06,0.7903682589530945,0.9763674139976501,0.9760347008705139,0.9921268224716187,0.9755233526229858,0.6935985088348389,0.3209690749645233,0.7903190851211548,0.9753887057304382,0.9750866293907166,0.9918003678321838
34,0.9769072532653809,0.6933994889259338,0.32071638107299805,1e-06,0.7875452637672424,0.9767647981643677,0.9764549136161804,0.9922574162483215,0.9755122661590576,0.6928985714912415,0.32101356983184814,0.7879443764686584,0.9753790497779846,0.9750678539276123,0.9917969703674316
35,0.9772870540618896,0.7044042348861694,0.3088204860687256,1e-06,0.786669909954071,0.977130115032196,0.9768420457839966,0.992379903793335,0.9756395816802979,0.693557858467102,0.321183443069458,0.7904919385910034,0.9754989743232727,0.9752070307731628,0.9918381571769714
36,0.9769870638847351,0.7028571367263794,0.30925309658050537,1e-06,0.7875992059707642,0.9768399000167847,0.9765371084213257,0.9922834038734436,0.9759722948074341,0.693848729133606,0.32065272331237793,0.7901225090026855,0.9758388996124268,0.9755330085754395,0.9919506311416626
37,0.9779604077339172,0.7102211713790894,0.30237147212028503,1e-06,0.7883083820343018,0.9777966737747192,0.9775088429450989,0.992602527141571,0.9758929014205933,0.6943631172180176,0.32052117586135864,0.7914620637893677,0.9757528901100159,0.9754590392112732,0.9919210076332092
38,0.9772374629974365,0.7034927010536194,0.30973386764526367,1e-06,0.7882459163665771,0.9770991802215576,0.9767880439758301,0.992370069026947,0.9758215546607971,0.6935402750968933,0.32051700353622437,0.7899389266967773,0.9756886959075928,0.9753835797309875,0.9919013381004333
39,0.9779396057128906,0.7109098434448242,0.30148985981941223,1e-06,0.7841553688049316,0.9777897596359253,0.9774925112724304,0.9925994277000427,0.9752182960510254,0.6934341192245483,0.3202308714389801,0.7849380970001221,0.9750880002975464,0.9747781157493591,0.9916995167732239
40,0.9770982265472412,0.7120873928070068,0.303730845451355,1e-06,0.7839903831481934,0.9769507646560669,0.9766441583633423,0.9923198819160461,0.9754545092582703,0.69456547498703,0.32029908895492554,0.7885610461235046,0.9753190279006958,0.9750191569328308,0.9917782545089722
41,0.9767804741859436,0.7019814252853394,0.3138044476509094,1e-06,0.7854249477386475,0.9766289591789246,0.9763341546058655,0.9922135472297668,0.9758252501487732,0.69394850730896,0.3200080990791321,0.787884533405304,0.9757019877433777,0.9753787517547607,0.991905152797699
42,0.9773574471473694,0.706780731678009,0.3064829707145691,1e-06,0.7858200073242188,0.9772107601165771,0.9768959879875183,0.9924069046974182,0.97608482837677,0.6947422623634338,0.32023540139198303,0.7891492247581482,0.9759544134140015,0.9756453037261963,0.9919884204864502
43,0.9764264822006226,0.7026108503341675,0.310925155878067,1e-06,0.7838265299797058,0.9762819409370422,0.9759747982025146,0.9920974373817444,0.9755584001541138,0.6942933797836304,0.31991323828697205,0.7892045974731445,0.9754345417022705,0.9751144647598267,0.9918153285980225
44,0.9764474630355835,0.6978027820587158,0.3138464391231537,1e-06,0.786553144454956,0.9763092994689941,0.9759841561317444,0.9921067357063293,0.9756654500961304,0.6948329210281372,0.31993725895881653,0.7905992269515991,0.9755280017852783,0.9752309918403625,0.991847574710846
45,0.9761483669281006,0.7001335024833679,0.31398317217826843,1e-06,0.7857317328453064,0.9760150909423828,0.9756845831871033,0.9920101761817932,0.975653350353241,0.6951689720153809,0.3198966681957245,0.7896023392677307,0.9755127429962158,0.9752218127250671,0.9918420910835266
46,0.9765592813491821,0.6972280144691467,0.31674882769584656,1e-06,0.7884732484817505,0.97642582654953,0.9761021733283997,0.9921455979347229,0.9760321974754333,0.6954474449157715,0.3201949894428253,0.7912178635597229,0.9758893847465515,0.9755958914756775,0.9919663667678833
47,0.9766125082969666,0.6970651745796204,0.3171018660068512,1e-06,0.7865949869155884,0.9764783382415771,0.976151168346405,0.9921629428863525,0.975599467754364,0.6945433616638184,0.3198986053466797,0.7904804944992065,0.975466251373291,0.9751586318016052,0.9918271899223328
48,0.9766045808792114,0.6974279880523682,0.3173990249633789,1e-06,0.788060188293457,0.9764758944511414,0.9761555790901184,0.9921620488166809,0.9759774804115295,0.6952630281448364,0.3197624981403351,0.7902094125747681,0.9758334159851074,0.9755368828773499,0.9919474720954895
49,0.9775030016899109,0.7016738653182983,0.3139878511428833,1e-06,0.787688672542572,0.9773586392402649,0.9770556688308716,0.9924558401107788,0.9757729172706604,0.6945141553878784,0.31934723258018494,0.7885546088218689,0.9756364822387695,0.9753337502479553,0.9918820858001709
50,0.9772144556045532,0.7026664018630981,0.30951252579689026,1e-06,0.7851826548576355,0.9770554900169373,0.9767642021179199,0.9923564195632935,0.9758402109146118,0.6944771409034729,0.31951022148132324,0.7880226373672485,0.9757041335105896,0.9754018783569336,0.9919053316116333
51,0.9766477346420288,0.6963856220245361,0.3177316188812256,1e-06,0.7870891094207764,0.9765115976333618,0.9762121438980103,0.9921755194664001,0.9758849143981934,0.6953753232955933,0.31936851143836975,0.7883821129798889,0.9757458567619324,0.9754534959793091,0.9919208288192749
52,0.97649747133255,0.6998794078826904,0.31170403957366943,1e-06,0.7860661745071411,0.9763781428337097,0.9760411977767944,0.992128312587738,0.9759904146194458,0.6954478025436401,0.31969282031059265,0.7891090512275696,0.9758468270301819,0.9755606055259705,0.9919525384902954
53,0.9771140813827515,0.7016932368278503,0.31245410442352295,1e-06,0.7872109413146973,0.9769726991653442,0.9766668081283569,0.9923290610313416,0.9756729602813721,0.6946443915367126,0.31957918405532837,0.7890048027038574,0.9755376577377319,0.9752322435379028,0.991849958896637
54,0.9774364829063416,0.7031812071800232,0.3131133019924164,1e-06,0.7862467765808105,0.9772934317588806,0.9769735932350159,0.9924353957176208,0.9762795567512512,0.6959874629974365,0.3192870318889618,0.7910691499710083,0.9761344790458679,0.9758517742156982,0.9920493960380554
55,0.9762622117996216,0.6980538964271545,0.31641897559165955,1e-06,0.7857983708381653,0.976127564907074,0.9758195877075195,0.9920466542243958,0.9759687781333923,0.6953749656677246,0.31915172934532166,0.7870463132858276,0.9758324027061462,0.9755370616912842,0.9919477701187134
56,0.9776283502578735,0.7060326337814331,0.31047147512435913,1e-06,0.7834521532058716,0.9774735569953918,0.9771782159805298,0.9924948811531067,0.9748603105545044,0.6935646533966064,0.3197396993637085,0.7860007882118225,0.9747350215911865,0.974417507648468,0.9915833473205566
57,0.9768535494804382,0.7006240487098694,0.31177374720573425,1e-06,0.7843977212905884,0.9767066240310669,0.9764101505279541,0.9922386407852173,0.9756829738616943,0.6945302486419678,0.3191715180873871,0.7855455875396729,0.9755512475967407,0.9752393960952759,0.9918544292449951
58,0.9769920110702515,0.7050348520278931,0.30676764249801636,1e-06,0.7804672718048096,0.9768485426902771,0.9765337705612183,0.9922857284545898,0.9763633608818054,0.69554603099823,0.3193780481815338,0.7894294857978821,0.9762282967567444,0.975924015045166,0.9920805096626282
59,0.9772340059280396,0.7017061114311218,0.31026265025138855,1e-06,0.7856501340866089,0.9770805239677429,0.9767770767211914,0.9923646450042725,0.9765488505363464,0.695328950881958,0.3194333016872406,0.789035975933075,0.9764148592948914,0.9761086702346802,0.9921439290046692
60,0.9774335622787476,0.7033628225326538,0.30806997418403625,1e-06,0.7844219207763672,0.9772995710372925,0.9769702553749084,0.9924347400665283,0.9757882356643677,0.6950737237930298,0.31911700963974,0.7865114212036133,0.9756587147712708,0.975344717502594,0.9918899536132812
61,0.9779270887374878,0.7070094347000122,0.30994904041290283,1e-06,0.7870376110076904,0.9777920246124268,0.9774813652038574,0.9925997853279114,0.9759616255760193,0.6960219144821167,0.3188557028770447,0.7896554470062256,0.9758215546607971,0.9755300879478455,0.9919441342353821
62,0.9766036868095398,0.6977192759513855,0.31386783719062805,1e-06,0.7861008644104004,0.9764818549156189,0.9761337041854858,0.9921640157699585,0.9756932258605957,0.6939616203308105,0.3189031481742859,0.7893365621566772,0.9755700826644897,0.9752394556999207,0.9918619394302368
63,0.9772356748580933,0.7018246650695801,0.31409862637519836,1e-06,0.7865185737609863,0.9770886301994324,0.9767935872077942,0.9923655390739441,0.9763637781143188,0.6951221227645874,0.3192601799964905,0.7918367981910706,0.9762327075004578,0.9759237170219421,0.9920819401741028
64,0.9781249761581421,0.7057802677154541,0.306308388710022,1e-06,0.7876268625259399,0.9779797196388245,0.9776840806007385,0.992662787437439,0.9763100147247314,0.6962388157844543,0.31839972734451294,0.7900614142417908,0.9761724472045898,0.9758744239807129,0.9920600056648254
65,0.9771312475204468,0.707312822341919,0.3078274130821228,1e-06,0.7882135510444641,0.9769898653030396,0.9766775965690613,0.9923326373100281,0.9758507013320923,0.6954091787338257,0.31868696212768555,0.7885679006576538,0.9757188558578491,0.9754139184951782,0.9919105172157288
66,0.9772398471832275,0.7053225636482239,0.31069496273994446,1e-06,0.785905659198761,0.9770933985710144,0.9767864346504211,0.9923674464225769,0.9767755270004272,0.6966671943664551,0.3194372057914734,0.7920684814453125,0.976631760597229,0.9763511419296265,0.992214024066925
67,0.9772181510925293,0.7076687216758728,0.3050920069217682,1e-06,0.7849127054214478,0.9770739674568176,0.9767482280731201,0.992360532283783,0.9760780930519104,0.696149468421936,0.31838127970695496,0.7896182537078857,0.9759363532066345,0.9756459593772888,0.9919816255569458
68,0.9776831865310669,0.7098848223686218,0.30028778314590454,1e-06,0.7851340770721436,0.9775441288948059,0.9772176146507263,0.9925181865692139,0.9763674736022949,0.6957547664642334,0.31842055916786194,0.7887144684791565,0.9762318730354309,0.9759316444396973,0.9920808672904968
69,0.9775734543800354,0.707492470741272,0.30593976378440857,1e-06,0.7868746519088745,0.9774112701416016,0.9771254658699036,0.9924736618995667,0.9757283329963684,0.6964752078056335,0.31799161434173584,0.7887668609619141,0.9755892753601074,0.9752933979034424,0.9918664693832397
70,0.9766708016395569,0.7012833952903748,0.31251072883605957,1e-06,0.7867960333824158,0.9765303134918213,0.9762045741081238,0.9921807050704956,0.9759179353713989,0.6972806453704834,0.31815052032470703,0.7917519807815552,0.975776731967926,0.9754909873008728,0.9919296503067017
71,0.9777334928512573,0.7059512734413147,0.30959558486938477,1e-06,0.7904874682426453,0.9776002168655396,0.9772801399230957,0.9925375580787659,0.9757800102233887,0.6972458362579346,0.31805017590522766,0.7929514646530151,0.9756364226341248,0.9753546714782715,0.9918823838233948
72,0.9770804047584534,0.7065181732177734,0.3082117736339569,1e-06,0.790506899356842,0.9769264459609985,0.9766409993171692,0.9923121333122253,0.9760896563529968,0.6969778537750244,0.31834089756011963,0.7921258211135864,0.9759387373924255,0.9756664037704468,0.9919829964637756
73,0.9775509238243103,0.7101181149482727,0.3035299479961395,1e-06,0.7912559509277344,0.9774008989334106,0.9770914912223816,0.9924704432487488,0.9760769605636597,0.6970884799957275,0.3180471956729889,0.793241560459137,0.9759269952774048,0.9756491780281067,0.9919784069061279
74,0.977252721786499,0.7046648859977722,0.3092595040798187,1e-06,0.7931034564971924,0.9770956039428711,0.976811408996582,0.9923664331436157,0.9765690565109253,0.6965098977088928,0.3176402449607849,0.7934502363204956,0.9764286279678345,0.9761301875114441,0.9921458959579468
75,0.977308452129364,0.7003163695335388,0.3113681375980377,1e-06,0.7908642292022705,0.9771705269813538,0.9768547415733337,0.9923926591873169,0.9764084219932556,0.6973013281822205,0.3173341155052185,0.7945470809936523,0.9762656092643738,0.9759770035743713,0.992092490196228
76,0.9779124855995178,0.706198513507843,0.3051736354827881,1e-06,0.7920854687690735,0.9777593612670898,0.9774696826934814,0.9925896525382996,0.9759864211082458,0.6964638233184814,0.3174046576023102,0.7910070419311523,0.9758431911468506,0.9755541086196899,0.9919507503509521
77,0.977391242980957,0.7020668387413025,0.31196269392967224,1e-06,0.7874242067337036,0.9772430062294006,0.9769272208213806,0.9924183487892151,0.9763327836990356,0.696595311164856,0.3174613118171692,0.7904719114303589,0.9761956930160522,0.9758970141410828,0.9920690655708313
78,0.9776829481124878,0.7054895758628845,0.30802688002586365,1e-06,0.7882266044616699,0.9775152206420898,0.9772409200668335,0.992507815361023,0.976190447807312,0.6966320872306824,0.3173898160457611,0.7895899415016174,0.9760499596595764,0.9757534861564636,0.9920205473899841
79,0.9772909879684448,0.6969626545906067,0.31810325384140015,1e-06,0.7877368330955505,0.9771453142166138,0.9768385887145996,0.9923844933509827,0.9764767289161682,0.695650577545166,0.3181060552597046,0.7900766134262085,0.9763385057449341,0.9760410189628601,0.9921164512634277
80,0.977124035358429,0.7024451494216919,0.3103328049182892,1e-06,0.7892849445343018,0.9769772291183472,0.9766771793365479,0.9923298358917236,0.9763269424438477,0.6972740888595581,0.31772342324256897,0.7916600704193115,0.9761837124824524,0.9758962988853455,0.9920650720596313
81,0.9767802953720093,0.6969161629676819,0.31640511751174927,1e-06,0.7901464700698853,0.9766409397125244,0.9763199090957642,0.9922179579734802,0.9762969613075256,0.6969220042228699,0.31767457723617554,0.7892551422119141,0.9761550426483154,0.9758621454238892,0.9920545220375061
82,0.9778136014938354,0.711334228515625,0.3011202812194824,1e-06,0.7853265404701233,0.9776521921157837,0.9773497581481934,0.992554783821106,0.9763756990432739,0.6977881789207458,0.31774353981018066,0.7901676297187805,0.9762235879898071,0.9759464859962463,0.9920785427093506
83,0.9783975481987,0.7080865502357483,0.3059931695461273,1e-06,0.7847433686256409,0.9782435894012451,0.9779573082923889,0.9927518963813782,0.9759708046913147,0.6966203451156616,0.31763744354248047,0.7880154848098755,0.975832462310791,0.9755364060401917,0.9919473528862
84,0.9771134853363037,0.6982229351997375,0.31569206714630127,1e-06,0.7871733903884888,0.9769790172576904,0.976658284664154,0.9923269152641296,0.9760861992835999,0.6963227391242981,0.3180675506591797,0.7889420986175537,0.9759485125541687,0.9756561517715454,0.9919873476028442
85,0.977568507194519,0.7012633681297302,0.31593596935272217,1e-06,0.7853070497512817,0.9774174690246582,0.9771125912666321,0.9924752712249756,0.9765574336051941,0.6968675851821899,0.31739237904548645,0.7900362610816956,0.9764118790626526,0.9761220812797546,0.9921408891677856
86,0.9776835441589355,0.7060168981552124,0.30814453959465027,1e-06,0.7860699892044067,0.9775256514549255,0.9772321581840515,0.9925113916397095,0.9759038090705872,0.6962996125221252,0.3178030252456665,0.7881438732147217,0.9757591485977173,0.9754741787910461,0.9919247627258301
87,0.9774694442749023,0.7071610689163208,0.30862900614738464,1e-06,0.7876318693161011,0.9773132801055908,0.977021336555481,0.992440402507782,0.975775420665741,0.6953714489936829,0.3180747628211975,0.7881247997283936,0.9756413102149963,0.9753345251083374,0.9918855428695679
88,0.9774344563484192,0.7071040868759155,0.30534827709198,1e-06,0.7857156991958618,0.9772898554801941,0.9769861698150635,0.9924334287643433,0.9767877459526062,0.6970364451408386,0.318113774061203,0.7907309532165527,0.9766457676887512,0.9763638973236084,0.9922198057174683
89,0.97812819480896,0.708192765712738,0.30774620175361633,1e-06,0.7873921394348145,0.9779685735702515,0.977683961391449,0.9926603436470032,0.9763749241828918,0.6975504755973816,0.3187037408351898,0.7925481796264648,0.9762217402458191,0.9759575724601746,0.9920775294303894
90,0.9776057600975037,0.7057620286941528,0.3087724447250366,1e-06,0.7860502600669861,0.9774585962295532,0.9771649241447449,0.9924889802932739,0.9765257835388184,0.6973744630813599,0.3177880644798279,0.7903295755386353,0.9763813018798828,0.9761044979095459,0.9921305179595947
91,0.9782009124755859,0.7091543078422546,0.3046232759952545,1e-06,0.7862539291381836,0.978054404258728,0.9777566194534302,0.9926878213882446,0.9762817621231079,0.6964606046676636,0.3175405263900757,0.7882329225540161,0.9761469960212708,0.9758541584014893,0.9920525550842285
92,0.9778791069984436,0.7104270458221436,0.30425795912742615,1e-06,0.7873023748397827,0.9777271747589111,0.9774428606033325,0.9925771355628967,0.9764043688774109,0.6974309086799622,0.3170032799243927,0.7905610799789429,0.9762652516365051,0.9759805202484131,0.9920918345451355
93,0.9773615002632141,0.7024989128112793,0.30924955010414124,1e-06,0.7882971167564392,0.9772329330444336,0.9769036769866943,0.9924135208129883,0.9761651158332825,0.6968920826911926,0.3175870180130005,0.7898808717727661,0.976018488407135,0.9757429361343384,0.9920111894607544
94,0.9782021045684814,0.7062479257583618,0.3123927712440491,1e-06,0.7886373996734619,0.9780445098876953,0.9777749180793762,0.9926843643188477,0.97597336769104,0.6975283026695251,0.31727030873298645,0.7907505035400391,0.9758293032646179,0.9755542874336243,0.9919449687004089
95,0.9782006740570068,0.7166202664375305,0.29524311423301697,1e-06,0.7864793539047241,0.9780277013778687,0.9777682423591614,0.9926789402961731,0.9765645861625671,0.6987723112106323,0.3173777759075165,0.791398286819458,0.9764094948768616,0.976146936416626,0.9921396374702454
96,0.9775859713554382,0.7050920128822327,0.3085309863090515,1e-06,0.7864537239074707,0.9774356484413147,0.9771284461021423,0.9924817681312561,0.9760217666625977,0.6965897679328918,0.31730031967163086,0.7872828245162964,0.9758867025375366,0.9755938649177551,0.9919652938842773
97,0.9781695008277893,0.717678964138031,0.29431968927383423,1e-06,0.788087010383606,0.9780017137527466,0.9777183532714844,0.9926699995994568,0.9765560626983643,0.6984161734580994,0.3174578845500946,0.7923586964607239,0.9764061570167542,0.9761447310447693,0.9921391010284424
98,0.9778205156326294,0.7072511911392212,0.3070211410522461,1e-06,0.7886137962341309,0.9776626825332642,0.9773797392845154,0.9925580024719238,0.9764820337295532,0.6977881193161011,0.3168501853942871,0.7915247082710266,0.9763345122337341,0.9760522246360779,0.9921130537986755
99,0.9777013063430786,0.7071835994720459,0.30518004298210144,1e-06,0.7906503677368164,0.9775494337081909,0.977242112159729,0.9925194978713989,0.9765345454216003,0.6983415484428406,0.317186176776886,0.7930566072463989,0.9763838648796082,0.9761086702346802,0.9921322464942932
100,0.9776255488395691,0.7053486108779907,0.3063531219959259,1e-06,0.7868152856826782,0.9774682521820068,0.977196991443634,0.9924931526184082,0.9760723114013672,0.6971157789230347,0.31702154874801636,0.7892700433731079,0.9759312272071838,0.9756413102149963,0.9919804334640503
101,0.977035403251648,0.7034391164779663,0.31043729186058044,1e-06,0.7875030040740967,0.976887047290802,0.9765890836715698,0.9922997355461121,0.9761553406715393,0.6975842714309692,0.31724265217781067,0.7915267944335938,0.9760092496871948,0.9757339358329773,0.9920063614845276
102,0.9779027104377747,0.7095446586608887,0.30550307035446167,1e-06,0.7899433374404907,0.9777454137802124,0.9774746894836426,0.9925859570503235,0.9758151173591614,0.6972565650939941,0.31687241792678833,0.7905799150466919,0.9756718873977661,0.9753901362419128,0.9918941259384155
103,0.9772883057594299,0.6993184685707092,0.31378158926963806,1e-06,0.7888686060905457,0.977145791053772,0.9768373966217041,0.9923839569091797,0.9759560227394104,0.6970140933990479,0.316561222076416,0.7892311811447144,0.9758142828941345,0.9755206108093262,0.9919412732124329
104,0.9777172803878784,0.7041763663291931,0.30954709649086,1e-06,0.7876268625259399,0.9775658249855042,0.9772794246673584,0.9925236701965332,0.9761722683906555,0.6971247792243958,0.3173843026161194,0.7902178764343262,0.976034939289093,0.9757497310638428,0.99201500415802
105,0.9770749807357788,0.7018711566925049,0.3142881691455841,1e-06,0.7870917320251465,0.9769193530082703,0.9766314029693604,0.9923102259635925,0.9763612747192383,0.6973520517349243,0.3170442581176758,0.7884693741798401,0.9762192368507385,0.9759404063224792,0.9920762181282043
106,0.9769814014434814,0.7036476135253906,0.3102228045463562,1e-06,0.7860571146011353,0.9768363237380981,0.9765411615371704,0.9922820329666138,0.9765210151672363,0.6979554891586304,0.31686827540397644,0.7897993326187134,0.9763758182525635,0.976093053817749,0.9921290278434753
107,0.9774738550186157,0.7011755704879761,0.311463862657547,1e-06,0.7878212928771973,0.9773223996162415,0.9770304560661316,0.9924437403678894,0.976436197757721,0.6985996961593628,0.3164587616920471,0.7908680438995361,0.9762865900993347,0.9760124683380127,0.9920986294746399
108,0.9772800207138062,0.7022944092750549,0.312251478433609,1e-06,0.7867191433906555,0.9771392941474915,0.9768344163894653,0.9923829436302185,0.9762170314788818,0.6977331638336182,0.3163653016090393,0.7904165983200073,0.9760769605636597,0.9757865071296692,0.992030143737793
109,0.9784330725669861,0.7082710862159729,0.3068411648273468,1e-06,0.7865272760391235,0.9782617092132568,0.977992057800293,0.9927570819854736,0.9763777256011963,0.6986225247383118,0.3163428008556366,0.7896360158920288,0.976229190826416,0.9759564399719238,0.9920814633369446
110,0.97784823179245,0.6960795521736145,0.316365122795105,1e-06,0.7877262830734253,0.9776996970176697,0.9774218797683716,0.9925694465637207,0.9764350056648254,0.6984411478042603,0.3160124123096466,0.7890390753746033,0.9762898087501526,0.9760164618492126,0.9920998811721802
111,0.9778972268104553,0.7015343308448792,0.3091031312942505,1e-06,0.7876838445663452,0.9777364134788513,0.9774624705314636,0.9925828576087952,0.9769725799560547,0.699123740196228,0.31633463501930237,0.7909033298492432,0.9768224954605103,0.9765497446060181,0.9922775626182556
112,0.9773335456848145,0.7054643630981445,0.3076273500919342,1e-06,0.7863166332244873,0.9771789312362671,0.9768924713134766,0.9923977255821228,0.9765522480010986,0.6988885998725891,0.31602805852890015,0.7901582717895508,0.9763997197151184,0.9761347770690918,0.9921371340751648
113,0.9784643054008484,0.7100462317466736,0.3038242757320404,1e-06,0.7858856916427612,0.9782928824424744,0.9780248403549194,0.9927674531936646,0.9768861532211304,0.6989954113960266,0.31659603118896484,0.7908619046211243,0.9767340421676636,0.9764710068702698,0.9922478199005127
114,0.9784958958625793,0.7116299271583557,0.3037909269332886,1e-06,0.7844637632369995,0.9783318042755127,0.9780464172363281,0.9927818179130554,0.9762603640556335,0.6977623105049133,0.3165746331214905,0.7876930832862854,0.9761159420013428,0.9758352637290955,0.9920428991317749
115,0.9778148531913757,0.7051342129707336,0.30829718708992004,1e-06,0.7853966951370239,0.9776656031608582,0.9773781299591064,0.992559015750885,0.9759836792945862,0.6981652975082397,0.31661760807037354,0.7878790497779846,0.9758392572402954,0.9755577445030212,0.9919488430023193
116,0.9778725504875183,0.7105215787887573,0.30272239446640015,1e-06,0.7864211797714233,0.977720320224762,0.9774337410926819,0.992576003074646,0.9767924547195435,0.69877690076828,0.3162858784198761,0.7903504371643066,0.9766502976417542,0.9763671159744263,0.9922192692756653
117,0.9783159494400024,0.7158682346343994,0.2964201271533966,1e-06,0.7850030660629272,0.9781472086906433,0.97788006067276,0.9927182197570801,0.9764090776443481,0.699637770652771,0.3157602846622467,0.7897834777832031,0.9762586951255798,0.9759905338287354,0.992089033126831
118,0.9774664640426636,0.6983948945999146,0.3170427680015564,1e-06,0.7873635292053223,0.977312445640564,0.9770218729972839,0.9924418330192566,0.976389467716217,0.6984167098999023,0.31629154086112976,0.7898060083389282,0.9762431979179382,0.9759644269943237,0.9920856952667236
119,0.9776763319969177,0.7070373892784119,0.3053165078163147,1e-06,0.7871412634849548,0.9775218367576599,0.9772389531135559,0.9925100207328796,0.976573646068573,0.6991285681724548,0.31563812494277954,0.7911567687988281,0.9764242768287659,0.9761476516723633,0.9921445846557617
120,0.9778235554695129,0.7064551115036011,0.30668455362319946,1e-06,0.7899671792984009,0.9776723384857178,0.977371335029602,0.9925591945648193,0.9770453572273254,0.6998214721679688,0.3156197965145111,0.7945423126220703,0.9768967628479004,0.976622462272644,0.992301881313324
121,0.9781191945075989,0.7095746397972107,0.3037857413291931,1e-06,0.7906390428543091,0.9779505729675293,0.9776750802993774,0.9926537871360779,0.9767152070999146,0.6990326642990112,0.3156936764717102,0.7935096025466919,0.976567804813385,0.9762939214706421,0.992192268371582
122,0.9780858159065247,0.7075595259666443,0.3050592243671417,1e-06,0.7901037931442261,0.9779189229011536,0.9776539206504822,0.9926414489746094,0.976123034954071,0.6979393362998962,0.3157202899456024,0.7922604084014893,0.9759786128997803,0.9756952524185181,0.9919959306716919
123,0.978268563747406,0.7127239108085632,0.30162736773490906,1e-06,0.7896074056625366,0.9781162738800049,0.9778368473052979,0.9927064776420593,0.9763714075088501,0.6996372938156128,0.31543585658073425,0.7923389077186584,0.9762236475944519,0.975954532623291,0.9920787811279297
124,0.9776461124420166,0.6984912753105164,0.3138957917690277,1e-06,0.7893205285072327,0.977497935295105,0.9772223830223083,0.9925029277801514,0.9767696261405945,0.6991636753082275,0.31538671255111694,0.7917064428329468,0.9766253232955933,0.9763432741165161,0.9922118782997131
125,0.9778710603713989,0.7077441811561584,0.3047851622104645,1e-06,0.78889000415802,0.9777042269706726,0.9774332642555237,0.9925702810287476,0.9770441055297852,0.7001334428787231,0.3155256509780884,0.7924529314041138,0.9768932461738586,0.9766278266906738,0.9923005700111389
126,0.9782882332801819,0.713828444480896,0.30043888092041016,1e-06,0.7877464294433594,0.9781298637390137,0.9778496026992798,0.992713212966919,0.976685643196106,0.7001211643218994,0.3156924545764923,0.7924591898918152,0.9765320420265198,0.9762776494026184,0.9921801090240479
127,0.9781167507171631,0.7095504403114319,0.29914167523384094,1e-06,0.7878717184066772,0.9779555797576904,0.9776699542999268,0.9926546812057495,0.9764105677604675,0.698461651802063,0.3156673312187195,0.7899727821350098,0.9762669801712036,0.9759910106658936,0.9920921325683594
128,0.9780880212783813,0.7119579911231995,0.3004812002182007,1e-06,0.7849690914154053,0.977916419506073,0.9776515364646912,0.9926403760910034,0.9762415885925293,0.6988524198532104,0.3151710331439972,0.7877998352050781,0.9760990142822266,0.9758134484291077,0.9920364022254944
129,0.9781103134155273,0.7124199867248535,0.3023461103439331,1e-06,0.7850725054740906,0.9779542684555054,0.9776687026023865,0.992653489112854,0.9768009781837463,0.6998373866081238,0.3149929642677307,0.7904250621795654,0.9766531586647034,0.9763816595077515,0.9922205805778503
130,0.9782648682594299,0.7170389294624329,0.29877111315727234,1e-06,0.7876993417739868,0.9781039357185364,0.9778211712837219,0.9927030205726624,0.9767690300941467,0.7000309824943542,0.31560659408569336,0.7917273044586182,0.9766175150871277,0.9763572216033936,0.9922100901603699
131,0.9781952500343323,0.7144446969032288,0.2993674874305725,1e-06,0.7907689809799194,0.9780284762382507,0.9777542352676392,0.9926804900169373,0.9765104055404663,0.6988198161125183,0.3150416612625122,0.7900506258010864,0.9763661026954651,0.9760869145393372,0.9921252727508545
132,0.978667140007019,0.7075127363204956,0.30639439821243286,1e-06,0.7894763946533203,0.9785017371177673,0.9782416820526123,0.992836058139801,0.9765183329582214,0.6995605826377869,0.3151684105396271,0.7915184497833252,0.9763668179512024,0.9760998487472534,0.9921264052391052
133,0.9777035117149353,0.7083981037139893,0.3060274124145508,1e-06,0.7888918519020081,0.9775440096855164,0.977253794670105,0.992519199848175,0.9770653247833252,0.6992253065109253,0.31524917483329773,0.7920136451721191,0.9769271612167358,0.9766467213630676,0.9923115372657776
134,0.9775280356407166,0.710792601108551,0.3031582534313202,1e-06,0.7886877059936523,0.9773674607276917,0.9770886898040771,0.9924601912498474,0.9772656559944153,0.7001103758811951,0.3157086670398712,0.7926127910614014,0.9771210551261902,0.9768580198287964,0.9923758506774902
135,0.9773826003074646,0.7044114470481873,0.30935269594192505,1e-06,0.7877100110054016,0.9772253632545471,0.9769569635391235,0.9924123287200928,0.9769210815429688,0.6998788714408875,0.3149041533470154,0.7897484302520752,0.9767683744430542,0.9765022993087769,0.99225914478302
136,0.977806568145752,0.7064869403839111,0.30375155806541443,1e-06,0.786065936088562,0.9776450991630554,0.9773698449134827,0.9925513863563538,0.9766747355461121,0.6994494199752808,0.3148253560066223,0.7886523008346558,0.9765280485153198,0.9762551784515381,0.992178738117218
137,0.9780043363571167,0.7145339846611023,0.2996924817562103,1e-06,0.7853357791900635,0.9778380393981934,0.9775605201721191,0.992616593837738,0.9769977331161499,0.6992637515068054,0.31470027565956116,0.790456235408783,0.9768511652946472,0.9765738844871521,0.9922876358032227
138,0.9787457585334778,0.7127960920333862,0.3033469617366791,1e-06,0.7871261835098267,0.9785822033882141,0.9783246517181396,0.9928638339042664,0.9760160446166992,0.6988480687141418,0.3153705596923828,0.7890198230743408,0.9758704900741577,0.9755998253822327,0.991960883140564
139,0.9776415824890137,0.7105751633644104,0.3003508150577545,1e-06,0.7883725166320801,0.9774836897850037,0.9771888256072998,0.9924976229667664,0.977165162563324,0.6999086737632751,0.31449195742607117,0.7922632694244385,0.9770179390907288,0.9767513275146484,0.9923431277275085
140,0.978053092956543,0.7093915343284607,0.307135671377182,1e-06,0.7883330583572388,0.9778825640678406,0.9776214361190796,0.9926313161849976,0.976881206035614,0.7001513838768005,0.3149265646934509,0.7894273996353149,0.9767307043075562,0.9764685034751892,0.9922463893890381
141,0.9775263071060181,0.6992079615592957,0.3138927221298218,1e-06,0.7870498895645142,0.9773592948913574,0.9770938158035278,0.992456316947937,0.9771196246147156,0.7006393074989319,0.3142733573913574,0.7891802787780762,0.9769667983055115,0.9767014980316162,0.9923258423805237
142,0.977688193321228,0.7041875720024109,0.31087926030158997,1e-06,0.784417986869812,0.9775336384773254,0.9772602319717407,0.9925132393836975,0.9766978621482849,0.7001523971557617,0.31414467096328735,0.7873146533966064,0.976547122001648,0.9762764573097229,0.9921860694885254
143,0.9774724245071411,0.7119014263153076,0.29963818192481995,1e-06,0.7845827341079712,0.9773119688034058,0.9770165085792542,0.9924427270889282,0.9772698879241943,0.7007774710655212,0.31455686688423157,0.7905919551849365,0.9771219491958618,0.9768486618995667,0.9923763871192932
144,0.9778637886047363,0.7065412402153015,0.3077698349952698,1e-06,0.7860506176948547,0.9777075052261353,0.9774268865585327,0.9925722479820251,0.9766628742218018,0.6998101472854614,0.31448888778686523,0.7876294255256653,0.9765198230743408,0.9762377738952637,0.992175281047821
145,0.9772292375564575,0.7058489918708801,0.3071572482585907,1e-06,0.7836058139801025,0.9770784378051758,0.9767919778823853,0.9923640489578247,0.9769803285598755,0.6994516253471375,0.3140537738800049,0.7868250012397766,0.9768415093421936,0.9765490293502808,0.9922844767570496
146,0.9783599376678467,0.7112324237823486,0.300868421792984,1e-06,0.7854948043823242,0.9782041311264038,0.9779239892959595,0.9927401542663574,0.9768198132514954,0.7008957862854004,0.31404995918273926,0.7875263094902039,0.9766729474067688,0.9764004349708557,0.992228090763092
147,0.9782881140708923,0.7108592987060547,0.3021678626537323,1e-06,0.7849075794219971,0.9781269431114197,0.977847695350647,0.9927127957344055,0.9763429164886475,0.6990526914596558,0.31469982862472534,0.7864250540733337,0.976203441619873,0.9759215712547302,0.9920704960823059
148,0.9777260422706604,0.7082440257072449,0.3086062967777252,1e-06,0.7849085927009583,0.9775599837303162,0.9772942662239075,0.9925222396850586,0.9772518277168274,0.7008451223373413,0.3142559230327606,0.7906472682952881,0.9770989418029785,0.9768363833427429,0.9923684597015381
149,0.9788756370544434,0.7194275259971619,0.29468339681625366,1e-06,0.7869890928268433,0.9787043929100037,0.9784430265426636,0.9929049015045166,0.9769135117530823,0.7004949450492859,0.3143538534641266,0.7903336882591248,0.9767648577690125,0.9764997363090515,0.9922585487365723
150,0.9783468246459961,0.7110611200332642,0.3022408187389374,1e-06,0.7865689992904663,0.9781751036643982,0.9779049158096313,0.9927273392677307,0.9768341779708862,0.7005566358566284,0.3143567442893982,0.7912102937698364,0.9766801595687866,0.9764201045036316,0.9922295808792114
151,0.977936327457428,0.7062070965766907,0.3092283010482788,1e-06,0.7880797982215881,0.9777802228927612,0.9775069952011108,0.9925960302352905,0.9768258929252625,0.7008442878723145,0.3148166835308075,0.7920553684234619,0.9766745567321777,0.9764224886894226,0.9922278523445129
152,0.9780371189117432,0.7109653353691101,0.3019288182258606,1e-06,0.7882195711135864,0.9778784513473511,0.9776042103767395,0.9926298260688782,0.9771241545677185,0.7007174491882324,0.3147072494029999,0.791751503944397,0.9769729375839233,0.9767113327980042,0.9923295378684998
153,0.9776248335838318,0.6983811855316162,0.31420427560806274,1e-06,0.7888466715812683,0.9774821996688843,0.9772031903266907,0.9924970269203186,0.9774143099784851,0.701984703540802,0.3144221007823944,0.7931685447692871,0.977258026599884,0.9770076274871826,0.9924208521842957
154,0.9788001775741577,0.7128963470458984,0.30221912264823914,1e-06,0.788672924041748,0.978629469871521,0.9783695936203003,0.992879331111908,0.9768866300582886,0.7014615535736084,0.3144787549972534,0.7918510437011719,0.9767319560050964,0.9764785170555115,0.9922470450401306
155,0.9774019122123718,0.7044758200645447,0.31024882197380066,1e-06,0.7876588106155396,0.9772499799728394,0.976969301700592,0.9924204349517822,0.9770039916038513,0.7002589106559753,0.3144476115703583,0.7901673316955566,0.9768558144569397,0.9765909314155579,0.9922880530357361
156,0.9782254099845886,0.7102549076080322,0.3046536147594452,1e-06,0.7849123477935791,0.9780520796775818,0.9777987003326416,0.9926887154579163,0.976896345615387,0.7003990411758423,0.31472790241241455,0.7870752215385437,0.9767459034919739,0.9764864444732666,0.99225252866745
157,0.9778538346290588,0.7050496935844421,0.3083136975765228,1e-06,0.7828685641288757,0.9777023196220398,0.9774178862571716,0.9925714135169983,0.9764341711997986,0.6986587047576904,0.31506359577178955,0.7865619659423828,0.9762954115867615,0.9760119318962097,0.992101788520813
158,0.9791308045387268,0.7161368727684021,0.29771339893341064,1e-06,0.7845031023025513,0.9789515733718872,0.9787060618400574,0.9929876923561096,0.9764005541801453,0.7002576589584351,0.31442663073539734,0.7902366518974304,0.976250171661377,0.9759885668754578,0.9920865893363953
159,0.9784797430038452,0.7155722975730896,0.2960875928401947,1e-06,0.7890632748603821,0.9783297777175903,0.9780370593070984,0.9927802085876465,0.9766026735305786,0.7008413672447205,0.3140946924686432,0.7892860770225525,0.9764549136161804,0.9761899709701538,0.9921547174453735
160,0.9784136414527893,0.714985728263855,0.2986229956150055,1e-06,0.7889429926872253,0.9782482385635376,0.9779998660087585,0.9927517771720886,0.9768509864807129,0.701690137386322,0.3137248158454895,0.792140543460846,0.9766968488693237,0.9764453768730164,0.9922354221343994
161,0.9782599806785583,0.7084148526191711,0.3053319454193115,1e-06,0.7887191772460938,0.9780925512313843,0.9778409004211426,0.9927009344100952,0.9766455292701721,0.7009323239326477,0.3139638900756836,0.7909553647041321,0.9764992594718933,0.9762380123138428,0.9921698570251465
162,0.9773030877113342,0.7073550820350647,0.305237352848053,1e-06,0.7898926734924316,0.9771645665168762,0.9768653512001038,0.9923912286758423,0.9768936634063721,0.7008762359619141,0.3139081597328186,0.7924917936325073,0.9767467975616455,0.9764842987060547,0.9922518730163574
163,0.9782580733299255,0.7181064486503601,0.2953367829322815,1e-06,0.7881186008453369,0.9780864715576172,0.9778187274932861,0.9926987290382385,0.9772621393203735,0.7018193006515503,0.31403833627700806,0.7931211590766907,0.9771076440811157,0.9768553972244263,0.9923725128173828
164,0.9789911508560181,0.7218918204307556,0.2910440266132355,1e-06,0.790533185005188,0.9788064956665039,0.9785550236701965,0.9929383993148804,0.9773272275924683,0.7022140622138977,0.31336653232574463,0.7940101623535156,0.977173388004303,0.9769177436828613,0.9923943281173706
165,0.9783400893211365,0.715143620967865,0.29799142479896545,1e-06,0.7888073921203613,0.9781780242919922,0.9779160022735596,0.9927271604537964,0.9770316481590271,0.7021251320838928,0.3139810562133789,0.7913057804107666,0.9768750667572021,0.9766289591789246,0.9922943711280823
166,0.9786943793296814,0.7082645297050476,0.30339574813842773,1e-06,0.7871347069740295,0.9785318970680237,0.9782559871673584,0.992845356464386,0.977260947227478,0.7014986276626587,0.3138934373855591,0.7926214933395386,0.9771139621734619,0.976851224899292,0.992374837398529
167,0.978023886680603,0.7094782590866089,0.30218520760536194,1e-06,0.788994550704956,0.9778674244880676,0.9775936007499695,0.9926247000694275,0.9764513969421387,0.7007976770401001,0.3138478696346283,0.7912282943725586,0.9762982726097107,0.9760422706604004,0.9921035766601562
168,0.9782918691635132,0.7053694128990173,0.30961522459983826,1e-06,0.7889406085014343,0.9781204462051392,0.9778642058372498,0.9927098155021667,0.9767869710922241,0.7011571526527405,0.313704252243042,0.791903018951416,0.9766371846199036,0.9763746857643127,0.9922147393226624
169,0.978182852268219,0.7104952931404114,0.2999188005924225,1e-06,0.792959451675415,0.9780161380767822,0.9777491688728333,0.9926751852035522,0.9773814678192139,0.7018496990203857,0.31369903683662415,0.7936495542526245,0.9772247672080994,0.9769718050956726,0.9924110174179077
170,0.9779520034790039,0.7103732228279114,0.3022628128528595,1e-06,0.7893140316009521,0.9777898192405701,0.9775125980377197,0.9925997853279114,0.9768774509429932,0.7011373043060303,0.31331148743629456,0.7920954823493958,0.9767224788665771,0.9764629006385803,0.992243766784668
171,0.978040874004364,0.7149270176887512,0.2983552813529968,1e-06,0.7907053232192993,0.9778716564178467,0.9775960445404053,0.9926280975341797,0.9770711660385132,0.7015888690948486,0.31311842799186707,0.795646607875824,0.9769192337989807,0.9766613841056824,0.992309033870697
172,0.9784331321716309,0.7120761871337891,0.30221185088157654,1e-06,0.7917073369026184,0.9782590866088867,0.9780064821243286,0.9927563667297363,0.9772055149078369,0.7021182775497437,0.3137543797492981,0.7948287725448608,0.9770455360412598,0.9767971634864807,0.9923512935638428
173,0.978361189365387,0.7058159112930298,0.30737587809562683,1e-06,0.7913062572479248,0.9781901836395264,0.9779326915740967,0.9927329421043396,0.9771134257316589,0.7020748853683472,0.31347209215164185,0.7925317287445068,0.9769564270973206,0.9767051935195923,0.9923205971717834
174,0.9786087274551392,0.7124639749526978,0.3014577031135559,1e-06,0.7905260920524597,0.9784364104270935,0.978183925151825,0.9928159713745117,0.9771077036857605,0.7010018825531006,0.3130849301815033,0.7922118306159973,0.9769620299339294,0.9766849279403687,0.9923232197761536
175,0.9786437749862671,0.7159678339958191,0.29973044991493225,1e-06,0.7883153557777405,0.9784721732139587,0.9782207608222961,0.9928273558616638,0.9772029519081116,0.7028453946113586,0.31308093667030334,0.7935664653778076,0.9770436882972717,0.9767954349517822,0.9923498034477234
176,0.9784249663352966,0.7079368829727173,0.30448952317237854,1e-06,0.7902325391769409,0.9782506227493286,0.978009819984436,0.9927524328231812,0.9770731925964355,0.7025598287582397,0.3125461935997009,0.7923359274864197,0.9769160747528076,0.9766637086868286,0.9923082590103149
177,0.9787322282791138,0.7167652249336243,0.2968834936618805,1e-06,0.7880768775939941,0.9785546660423279,0.9782997965812683,0.992855429649353,0.9766271114349365,0.701697826385498,0.3131209909915924,0.7921658754348755,0.9764748215675354,0.9762184619903564,0.9921610951423645
178,0.97816002368927,0.7087975740432739,0.30623555183410645,1e-06,0.7898825407028198,0.977990984916687,0.9777460098266602,0.9926670789718628,0.9769861698150635,0.7006736993789673,0.313534677028656,0.7892390489578247,0.9768337607383728,0.9765680432319641,0.9922813177108765
179,0.978600025177002,0.7114724516868591,0.30263522267341614,1e-06,0.7883892059326172,0.9784245491027832,0.9781833291053772,0.9928123950958252,0.9766867756843567,0.7015510201454163,0.3133555054664612,0.7915620803833008,0.9765366315841675,0.9762799143791199,0.9921820759773254
180,0.9788395762443542,0.718133270740509,0.2938597500324249,1e-06,0.7886013388633728,0.9786628484725952,0.9784076809883118,0.9928907155990601,0.977052628993988,0.7022132873535156,0.31291788816452026,0.7914732098579407,0.9769035577774048,0.976645827293396,0.9923049211502075
181,0.9781156182289124,0.7152765989303589,0.29852503538131714,1e-06,0.7878957390785217,0.9779461622238159,0.9776778221130371,0.9926511645317078,0.9771695733070374,0.7030712962150574,0.31293511390686035,0.7921905517578125,0.9770135283470154,0.9767674803733826,0.9923411011695862
182,0.9778735041618347,0.7080545425415039,0.30432358384132385,1e-06,0.7902571558952332,0.9777141809463501,0.977436363697052,0.9925752878189087,0.9776337146759033,0.7036078572273254,0.3132716119289398,0.7938899397850037,0.9774665832519531,0.977229118347168,0.9924922585487366
183,0.9784682393074036,0.7112357020378113,0.30365148186683655,1e-06,0.7891297340393066,0.9783026576042175,0.9780487418174744,0.992769718170166,0.9771556854248047,0.7028631567955017,0.31246283650398254,0.7914727926254272,0.9770016670227051,0.9767447710037231,0.9923362135887146
184,0.9784899950027466,0.7169079184532166,0.29742592573165894,1e-06,0.7874462604522705,0.9783219695091248,0.9780538082122803,0.9927771091461182,0.9765815734863281,0.7017697691917419,0.3130868971347809,0.7910867929458618,0.9764356017112732,0.9761635661125183,0.9921490550041199
185,0.9790951609611511,0.7166814804077148,0.2998333275318146,1e-06,0.7891709804534912,0.9789145588874817,0.9786775708198547,0.992973804473877,0.9771421551704407,0.7022251486778259,0.31272655725479126,0.7933049201965332,0.9769919514656067,0.9767310619354248,0.9923328161239624
186,0.9785691499710083,0.7153379321098328,0.2990066409111023,1e-06,0.7930616140365601,0.9784076809883118,0.9781392216682434,0.992805540561676,0.9771170020103455,0.7028409242630005,0.3126935660839081,0.7936529517173767,0.9769617915153503,0.97670578956604,0.9923233985900879
187,0.9786480665206909,0.714491069316864,0.30058732628822327,1e-06,0.7909543514251709,0.9784768223762512,0.978234052658081,0.9928285479545593,0.9771419167518616,0.7031823396682739,0.3123490810394287,0.7928518056869507,0.9769887924194336,0.9767366051673889,0.9923332333564758
188,0.9794609546661377,0.7175061702728271,0.294552206993103,1e-06,0.7919485569000244,0.9792883396148682,0.979043185710907,0.9930984973907471,0.976378321647644,0.7016369700431824,0.31274259090423584,0.7907561659812927,0.9762234687805176,0.975968599319458,0.9920780658721924
189,0.9790595173835754,0.7142719626426697,0.2987787425518036,1e-06,0.7871619462966919,0.9788813591003418,0.978641152381897,0.9929619431495667,0.9770116209983826,0.7020240426063538,0.3129669725894928,0.7902368903160095,0.9768626689910889,0.9766027331352234,0.992290198802948
190,0.9784145951271057,0.7118257880210876,0.30148595571517944,1e-06,0.7867211103439331,0.978249192237854,0.9779598712921143,0.9927526712417603,0.9773852229118347,0.7027121782302856,0.312666654586792,0.7930474877357483,0.9772368669509888,0.9769752621650696,0.9924153685569763
191,0.9784718155860901,0.718955934047699,0.2960769534111023,1e-06,0.7900418043136597,0.978298544883728,0.9780377745628357,0.9927703738212585,0.9773651361465454,0.703639805316925,0.3129322826862335,0.7930257320404053,0.977204442024231,0.9769636988639832,0.9924041628837585
192,0.9786977767944336,0.7180771827697754,0.29494091868400574,1e-06,0.7905310392379761,0.9785196185112,0.9782808423042297,0.9928433895111084,0.9774554371833801,0.7032052278518677,0.31228896975517273,0.7931444048881531,0.9772959351539612,0.9770508408546448,0.9924356937408447
193,0.9784901738166809,0.7129594683647156,0.2985437512397766,1e-06,0.7892473340034485,0.978317141532898,0.9780697226524353,0.9927746057510376,0.9770776629447937,0.7025148272514343,0.3125848174095154,0.7905083894729614,0.9769214987754822,0.9766668677330017,0.9923102855682373
194,0.9787291288375854,0.7120009660720825,0.3020046353340149,1e-06,0.7867543697357178,0.9785488247871399,0.978305995464325,0.9928516149520874,0.9770985841751099,0.7029111981391907,0.31236204504966736,0.7894392013549805,0.9769479632377625,0.9766920804977417,0.9923194050788879
195,0.9787565469741821,0.7173965573310852,0.297683984041214,1e-06,0.7871628999710083,0.9785844087600708,0.978340208530426,0.9928637742996216,0.9772437810897827,0.702682614326477,0.3124253749847412,0.7909951210021973,0.977088987827301,0.9768334627151489,0.9923661947250366
196,0.978980541229248,0.7147079110145569,0.2990034818649292,1e-06,0.7882884740829468,0.9787998795509338,0.9785600900650024,0.9929361939430237,0.9775430560112,0.703804075717926,0.3123306334018707,0.7914571166038513,0.9773825407028198,0.9771360158920288,0.9924625754356384
197,0.9788720607757568,0.7190120816230774,0.2964862585067749,1e-06,0.7879644632339478,0.9786863327026367,0.9784424901008606,0.9928987622261047,0.9769766330718994,0.7034217119216919,0.3115048408508301,0.7888597249984741,0.9768198728561401,0.9765728116035461,0.9922770857810974
198,0.9786034822463989,0.7156806588172913,0.2983679175376892,1e-06,0.7884985208511353,0.9784268140792847,0.9781930446624756,0.9928117394447327,0.9766857028007507,0.7025254368782043,0.3120761215686798,0.7898132801055908,0.9765305519104004,0.9762796759605408,0.9921799898147583
199,0.9778887033462524,0.7073444724082947,0.3078536093235016,1e-06,0.7894179821014404,0.9777238965034485,0.977475643157959,0.9925769567489624,0.9770277142524719,0.7027454376220703,0.3119106590747833,0.7900078892707825,0.9768733978271484,0.9766197204589844,0.9922940135002136
