epoch,accuracy,dice_coef,loss,lr,mean_io_u,precision,sensitivity,specificity,val_accuracy,val_dice_coef,val_loss,val_mean_io_u,val_precision,val_sensitivity,val_specificity
0,0.954839289188385,0.40542352199554443,0.6072427034378052,1e-04,0.7879421710968018,0.9628415107727051,0.9409003853797913,0.9883325695991516,0.9785628914833069,0.5827763676643372,0.4475208520889282,0.8526908755302429,0.978509247303009,0.9779754877090454,0.9928398132324219
1,0.9771870374679565,0.6224370002746582,0.39847227931022644,1e-04,0.8405543565750122,0.9771773219108582,0.9766814112663269,0.9923936724662781,0.9825349450111389,0.6630234718322754,0.3762722611427307,0.8419091701507568,0.9823290109634399,0.9821942448616028,0.9941133260726929
2,0.9814833998680115,0.6621596217155457,0.36199498176574707,1e-04,0.8647561073303223,0.9813476800918579,0.9810965657234192,0.9937843084335327,0.9862112402915955,0.6848176121711731,0.34500759840011597,0.9204142689704895,0.9860597848892212,0.9858821034431458,0.9953545928001404
3,0.9852979779243469,0.7069612741470337,0.325560599565506,1e-04,0.8859561085700989,0.985099196434021,0.9849739074707031,0.99503493309021,0.9868317246437073,0.7214521169662476,0.31505832076072693,0.8971961736679077,0.9865999817848206,0.9865413308143616,0.9955362677574158
4,0.9823665618896484,0.7059063911437988,0.337754487991333,1e-04,0.8798643350601196,0.9821701645851135,0.9820814728736877,0.9940590262413025,0.9789909720420837,0.6359599828720093,0.4807945191860199,0.9743716716766357,0.9789308905601501,0.9789363145828247,0.9929808378219604
5,0.978981614112854,0.6449772119522095,0.4047675132751465,1e-04,0.8602392077445984,0.9787610173225403,0.9787127375602722,0.9929226636886597,0.9726616144180298,0.7075648307800293,0.3272309899330139,0.8492944240570068,0.9724595546722412,0.9724715352058411,0.990821123123169
6,0.98583984375,0.7514042854309082,0.27613210678100586,2e-05,0.892891526222229,0.9856022000312805,0.9855963587760925,0.995201826095581,0.9875988364219666,0.7774993777275085,0.23966754972934723,0.9164899587631226,0.987351655960083,0.9873539805412292,0.9957878589630127
7,0.9874317646026611,0.7753072381019592,0.2391541749238968,2e-05,0.8919855356216431,0.9871729016304016,0.9871686697006226,0.9957265257835388,0.9873570203781128,0.7741374373435974,0.24063217639923096,0.8965691924095154,0.9871071577072144,0.9871029853820801,0.9957038760185242
8,0.9878715872764587,0.7844731211662292,0.22719526290893555,2e-05,0.8956145644187927,0.9876178503036499,0.987613320350647,0.995874285697937,0.9881120324134827,0.7914862036705017,0.22107838094234467,0.8990088105201721,0.9878791570663452,0.9878905415534973,0.9959602952003479
9,0.9877729415893555,0.7857611179351807,0.22785170376300812,2e-05,0.9035125970840454,0.9875196814537048,0.9875190258026123,0.9958416819572449,0.9858733415603638,0.7834575772285461,0.23443293571472168,0.9063987731933594,0.9856702089309692,0.9856866002082825,0.9952250719070435
10,0.9882709383964539,0.784395158290863,0.22953815758228302,2e-05,0.9045430421829224,0.988028347492218,0.9880329966545105,0.9960123896598816,0.9867993593215942,0.7909565567970276,0.22418293356895447,0.8794381618499756,0.9865512847900391,0.9865662455558777,0.9955174922943115
11,0.9896272420883179,0.8046272993087769,0.20654137432575226,4e-06,0.9083034992218018,0.9893659353256226,0.9893696904182434,0.9964568018913269,0.9891072511672974,0.8047508001327515,0.2085874229669571,0.9263935089111328,0.9888637065887451,0.9888794422149658,0.9962895512580872
12,0.989488422870636,0.8082894086837769,0.20535820722579956,4e-06,0.9153671860694885,0.9892362356185913,0.989237904548645,0.9964131712913513,0.9896079301834106,0.8105499148368835,0.2018178552389145,0.9257951974868774,0.989357054233551,0.9893707036972046,0.9964536428451538
13,0.9894482493400574,0.8090473413467407,0.20075152814388275,4e-06,0.9141006469726562,0.9891901016235352,0.9891942739486694,0.9963980913162231,0.9894856810569763,0.8117946982383728,0.20116069912910461,0.9178924560546875,0.9892287254333496,0.9892401099205017,0.9964113831520081
14,0.9895086288452148,0.8120877146720886,0.19873975217342377,4e-06,0.913092851638794,0.9892370700836182,0.9892382621765137,0.9964147806167603,0.9897211790084839,0.8110410571098328,0.20063899457454681,0.9334595203399658,0.9894779324531555,0.9894945025444031,0.9964948892593384
15,0.9896630644798279,0.8087673187255859,0.2008386254310608,4e-06,0.9160295128822327,0.9894015789031982,0.9894057512283325,0.9964683055877686,0.9896158576011658,0.8129016160964966,0.19983521103858948,0.9236403703689575,0.9893665313720703,0.9893826246261597,0.996457040309906
16,0.9892958998680115,0.8043636083602905,0.20448970794677734,4e-06,0.920985758304596,0.9890387058258057,0.9890473484992981,0.9963473081588745,0.9898017644882202,0.8135474324226379,0.19788581132888794,0.9263507723808289,0.9895533919334412,0.9895695447921753,0.9965189099311829
17,0.9898659586906433,0.8106666207313538,0.19943353533744812,4e-06,0.9228729009628296,0.9896066188812256,0.9896146059036255,0.9965375661849976,0.9894949197769165,0.8100172281265259,0.20121558010578156,0.9298436641693115,0.9892564415931702,0.989274799823761,0.996421217918396
18,0.990079939365387,0.8183093070983887,0.1901332288980484,4e-06,0.9244288206100464,0.9898228645324707,0.9898321628570557,0.9966087341308594,0.9898623824119568,0.8145180940628052,0.19708037376403809,0.9367326498031616,0.9896242618560791,0.9896414875984192,0.9965424537658691
19,0.9900262355804443,0.81651771068573,0.19369342923164368,4e-06,0.9273152351379395,0.9897658228874207,0.9897744655609131,0.9965906739234924,0.9896459579467773,0.8143203854560852,0.1967317759990692,0.9293279051780701,0.9894052147865295,0.9894240498542786,0.9964705109596252
20,0.9901185035705566,0.8119097352027893,0.19713011384010315,4e-06,0.9275093674659729,0.9898639917373657,0.989871621131897,0.9966228008270264,0.9897254109382629,0.8143718242645264,0.19793836772441864,0.9286658763885498,0.9894778728485107,0.9894925355911255,0.9964938759803772
21,0.9901272058486938,0.813976526260376,0.19589589536190033,4e-06,0.9246506690979004,0.9898727536201477,0.9898821115493774,0.9966260194778442,0.9896649718284607,0.8138979077339172,0.1976936161518097,0.9199733734130859,0.9894189834594727,0.9894363284111023,0.9964736700057983
22,0.9901226758956909,0.8161686658859253,0.1946258842945099,1e-06,0.9203914403915405,0.9898620843887329,0.9898663759231567,0.9966223239898682,0.9900243878364563,0.8146153688430786,0.1970679610967636,0.9295187592506409,0.9897789359092712,0.989797055721283,0.9965931177139282
23,0.9899082183837891,0.8216660022735596,0.18857519328594208,1e-06,0.9214725494384766,0.9896478652954102,0.9896539449691772,0.9965500831604004,0.9899498224258423,0.816071093082428,0.19508428871631622,0.925217866897583,0.9897019863128662,0.989719033241272,0.9965700507164001
24,0.9904931783676147,0.8207855224609375,0.18898165225982666,1e-06,0.9243098497390747,0.9902245998382568,0.9902322888374329,0.9967437386512756,0.9900040626525879,0.8167587518692017,0.19407965242862701,0.9295559525489807,0.9897545576095581,0.9897722005844116,0.9965864419937134
25,0.989814281463623,0.8147537708282471,0.19558165967464447,1e-06,0.9267160892486572,0.9895576238632202,0.9895660281181335,0.9965202808380127,0.9899500608444214,0.8154482245445251,0.1959799826145172,0.9309817552566528,0.9897043704986572,0.9897242188453674,0.9965707659721375
26,0.9905897974967957,0.82273930311203,0.18441426753997803,1e-06,0.9240254163742065,0.9903233647346497,0.9903306365013123,0.9967759251594543,0.9901695847511292,0.8171862363815308,0.19402280449867249,0.9354085922241211,0.9899247288703918,0.9899418950080872,0.9966453313827515
27,0.9907135367393494,0.8318275809288025,0.1768188178539276,1e-06,0.9293426871299744,0.9904489517211914,0.9904608726501465,0.9968181252479553,0.990068793296814,0.818078339099884,0.19292111694812775,0.9325679540634155,0.9898212552070618,0.9898388385772705,0.9966082572937012
28,0.9902768135070801,0.8187055587768555,0.19319047033786774,1e-06,0.9287939667701721,0.9900215268135071,0.9900302886962891,0.9966759085655212,0.990164577960968,0.8180506229400635,0.19296777248382568,0.9343849420547485,0.9899150133132935,0.9899328947067261,0.9966407418251038
29,0.990339457988739,0.8180105090141296,0.1922055035829544,1e-06,0.927967369556427,0.9900804162025452,0.9900890588760376,0.9966955780982971,0.990169882774353,0.8182171583175659,0.19287855923175812,0.9353721141815186,0.9899197220802307,0.9899383783340454,0.9966416358947754
30,0.9904807209968567,0.816473662853241,0.1918320506811142,1e-06,0.9287897944450378,0.9902210831642151,0.9902312755584717,0.996741533279419,0.9901173114776611,0.8181934952735901,0.1926647573709488,0.9352772235870361,0.9898723363876343,0.9898908138275146,0.9966263175010681
31,0.9903146028518677,0.8193352222442627,0.18954582512378693,1e-06,0.9281754493713379,0.9900534749031067,0.9900635480880737,0.9966859221458435,0.9902086853981018,0.818484902381897,0.1925749033689499,0.9346102476119995,0.9899594187736511,0.989977240562439,0.9966555237770081
32,0.9904707074165344,0.8214403986930847,0.18777517974376678,1e-06,0.9266385436058044,0.9902088046073914,0.990215539932251,0.9967371821403503,0.9901676177978516,0.8182817697525024,0.19294100999832153,0.9361448287963867,0.989922046661377,0.9899410605430603,0.9966409206390381
33,0.9901898503303528,0.818635106086731,0.19109433889389038,1e-06,0.9275637865066528,0.9899194240570068,0.9899280667304993,0.9966415166854858,0.9901739358901978,0.8181632161140442,0.19275876879692078,0.9370259046554565,0.9899286031723022,0.9899477958679199,0.9966439604759216
34,0.9905845522880554,0.820369303226471,0.187333881855011,1e-06,0.9325066208839417,0.9903208613395691,0.9903313517570496,0.9967752695083618,0.9902059435844421,0.8185452818870544,0.19248612225055695,0.9360685348510742,0.9899599552154541,0.9899775981903076,0.9966553449630737
35,0.9904491305351257,0.8241768479347229,0.18463513255119324,1e-06,0.9298896789550781,0.9901828169822693,0.9901911616325378,0.9967285394668579,0.9901393055915833,0.8182471990585327,0.1926775574684143,0.9340000152587891,0.9898911118507385,0.9899093508720398,0.9966316819190979
36,0.9905492663383484,0.825743556022644,0.18164251744747162,1e-06,0.9286136627197266,0.9902864694595337,0.9902938604354858,0.9967637658119202,0.9901639223098755,0.8179385662078857,0.1928354799747467,0.9348150491714478,0.9899147152900696,0.9899338483810425,0.9966415762901306
37,0.9903106093406677,0.8204938173294067,0.18870693445205688,1e-06,0.9319347739219666,0.9900481700897217,0.9900579452514648,0.9966846704483032,0.9900748133659363,0.8184199333190918,0.19216802716255188,0.9359972476959229,0.9898320436477661,0.9898514747619629,0.9966121315956116
38,0.9900324940681458,0.8125981688499451,0.1949119120836258,1e-06,0.9289166927337646,0.9897698760032654,0.9897817969322205,0.9965917468070984,0.9901737570762634,0.8177667856216431,0.1929401159286499,0.9371094703674316,0.9899249076843262,0.9899439811706543,0.9966437816619873
39,0.9904015064239502,0.8193339705467224,0.18881650269031525,1e-06,0.9311285614967346,0.9901290535926819,0.9901390075683594,0.9967107176780701,0.9901022911071777,0.8178224563598633,0.1930713951587677,0.9356924891471863,0.9898561835289001,0.9898721575737,0.9966210126876831
40,0.9910334944725037,0.8308369517326355,0.17754687368869781,1e-06,0.9339096546173096,0.990766167640686,0.990774393081665,0.9969241619110107,0.990302324295044,0.8186482191085815,0.19193923473358154,0.9405022859573364,0.990056037902832,0.9900738596916199,0.9966866970062256
41,0.9903717637062073,0.8192684650421143,0.1889047771692276,1e-06,0.9301327466964722,0.9901126623153687,0.9901201725006104,0.9967056512832642,0.9901381134986877,0.8188315033912659,0.19221916794776917,0.9349582195281982,0.989891767501831,0.9899107813835144,0.9966323375701904
42,0.9906023144721985,0.8206551671028137,0.18709680438041687,1e-06,0.9328829050064087,0.9903370141983032,0.9903479218482971,0.9967814087867737,0.990310788154602,0.8194979429244995,0.19144369661808014,0.940862774848938,0.9900657534599304,0.990086019039154,0.9966902732849121
43,0.990356981754303,0.8194653391838074,0.18887759745121002,1e-06,0.9333868026733398,0.9900991916656494,0.9901078343391418,0.9967014789581299,0.9902219772338867,0.8193703889846802,0.1921016424894333,0.9405049085617065,0.9899787902832031,0.9899981617927551,0.9966614246368408
44,0.9900243282318115,0.8108901381492615,0.1996086835861206,1e-06,0.9334976077079773,0.9897652864456177,0.9897775053977966,0.9965906739234924,0.9903579950332642,0.8194589018821716,0.19134126603603363,0.9410416483879089,0.9901117086410522,0.9901292324066162,0.9967056512832642
45,0.99080890417099,0.8262424468994141,0.18030193448066711,1e-06,0.9338377714157104,0.9905508160591125,0.9905614852905273,0.9968518614768982,0.9903519749641418,0.8197527527809143,0.1909225881099701,0.9398847222328186,0.9901041388511658,0.9901216626167297,0.9967016577720642
46,0.9905609488487244,0.8214084506034851,0.18686631321907043,1e-06,0.9332988858222961,0.9902991652488708,0.9903081655502319,0.996767520904541,0.9904335737228394,0.8191178441047668,0.19145305454730988,0.9412837028503418,0.9901835918426514,0.9902015328407288,0.9967294335365295
47,0.9905104637145996,0.8211717009544373,0.18614111840724945,1e-06,0.935973048210144,0.9902438521385193,0.9902554154396057,0.9967495203018188,0.9903351664543152,0.8191008567810059,0.1913144290447235,0.9401955008506775,0.9900892972946167,0.9901081919670105,0.9966973066329956
48,0.9908356666564941,0.8206689357757568,0.18783295154571533,1e-06,0.9352798461914062,0.9905681610107422,0.9905787110328674,0.9968580007553101,0.9902843832969666,0.8199574947357178,0.19077958166599274,0.9388885498046875,0.9900364875793457,0.9900551438331604,0.9966802597045898
49,0.9909254908561707,0.8262556195259094,0.18121455609798431,1e-06,0.9346418380737305,0.9906651377677917,0.990674614906311,0.9968901872634888,0.9902811646461487,0.8201401829719543,0.19061297178268433,0.9384943246841431,0.9900336265563965,0.9900532960891724,0.9966803193092346
50,0.9910395741462708,0.8304016590118408,0.17659272253513336,1e-06,0.9348208904266357,0.9907817840576172,0.9907878041267395,0.9969273805618286,0.9902646541595459,0.8200727701187134,0.19044941663742065,0.940528392791748,0.9900214076042175,0.9900391697883606,0.9966753721237183
51,0.9909816980361938,0.8272414207458496,0.18004707992076874,1e-06,0.9357084035873413,0.9907196164131165,0.9907296299934387,0.9969078898429871,0.9903345108032227,0.8211807012557983,0.1900346875190735,0.9398536086082458,0.9900869727134705,0.9901049733161926,0.9966976642608643
52,0.9906685948371887,0.8240168690681458,0.1852337121963501,1e-06,0.9355615377426147,0.9904112219810486,0.9904184341430664,0.9968053102493286,0.9903892874717712,0.8207555413246155,0.1898198276758194,0.9415276050567627,0.9901430010795593,0.9901628494262695,0.9967156052589417
53,0.9905950427055359,0.8241003751754761,0.18515874445438385,1e-06,0.9336999654769897,0.9903367161750793,0.9903475046157837,0.9967803359031677,0.9903002977371216,0.8208156228065491,0.1898033171892166,0.9380924701690674,0.9900526404380798,0.9900720119476318,0.9966871738433838
54,0.9907615184783936,0.8210551142692566,0.18671450018882751,1e-06,0.9354131817817688,0.9905068278312683,0.990517258644104,0.9968373775482178,0.9903171062469482,0.8205035924911499,0.19017131626605988,0.9388372898101807,0.9900712966918945,0.9900912046432495,0.9966930747032166
55,0.9909359812736511,0.8244507312774658,0.1850273460149765,1e-06,0.9345382452011108,0.9906728267669678,0.9906818270683289,0.9968931078910828,0.9905078411102295,0.8209969401359558,0.18914087116718292,0.9431211948394775,0.9902594089508057,0.9902788400650024,0.9967555403709412
56,0.9908214211463928,0.8334551453590393,0.1743950992822647,1e-06,0.9356198310852051,0.9905551075935364,0.9905617237091064,0.996852457523346,0.9903873205184937,0.8206127882003784,0.19037599861621857,0.9435935020446777,0.9901437163352966,0.990164041519165,0.9967172741889954
57,0.9907146096229553,0.8280243277549744,0.18120117485523224,1e-06,0.9362026453018188,0.9904512166976929,0.9904610514640808,0.9968187212944031,0.9904896020889282,0.8207157850265503,0.1893310844898224,0.9433889389038086,0.9902422428131104,0.9902631044387817,0.9967498183250427
58,0.9908120036125183,0.8245726227760315,0.18254388868808746,1e-06,0.9372221231460571,0.9905414581298828,0.9905521869659424,0.9968476891517639,0.9904277324676514,0.8217631578445435,0.18940702080726624,0.9422734975814819,0.9901815056800842,0.9901997447013855,0.9967291355133057
59,0.9905756115913391,0.8175022602081299,0.19256645441055298,1e-06,0.9368791580200195,0.9903148412704468,0.9903252720832825,0.9967731833457947,0.9905014038085938,0.822110116481781,0.18940745294094086,0.9393818974494934,0.9902501702308655,0.9902675151824951,0.9967528581619263
60,0.9906526207923889,0.821124792098999,0.18689218163490295,1e-06,0.933722972869873,0.9903805255889893,0.9903841018676758,0.996794581413269,0.9904921054840088,0.8220261931419373,0.1889842450618744,0.9418636560440063,0.9902446866035461,0.9902634620666504,0.9967511296272278
61,0.9908313155174255,0.8280046582221985,0.17936033010482788,1e-06,0.9378392696380615,0.9905739426612854,0.9905823469161987,0.9968603849411011,0.9904847145080566,0.8212658762931824,0.18945685029029846,0.9414838552474976,0.9902352094650269,0.990252673625946,0.9967470765113831
62,0.990981936454773,0.8295087218284607,0.17998212575912476,1e-06,0.9373456239700317,0.990719199180603,0.9907272458076477,0.9969080090522766,0.9903469085693359,0.821549654006958,0.18913589417934418,0.9403946399688721,0.9901007413864136,0.9901193380355835,0.9967017769813538
63,0.9908844232559204,0.8255612850189209,0.18214598298072815,1e-06,0.9375897645950317,0.9906154870986938,0.9906279444694519,0.9968733787536621,0.9904398322105408,0.8213842511177063,0.18896301090717316,0.9424071311950684,0.9901913404464722,0.990210771560669,0.9967319965362549
64,0.9907494783401489,0.8198394775390625,0.18786180019378662,1e-06,0.9369634389877319,0.9904881119728088,0.9904983639717102,0.9968313574790955,0.990460991859436,0.8212177157402039,0.18927821516990662,0.9437013864517212,0.9902136921882629,0.9902318120002747,0.9967412352561951
65,0.9909775257110596,0.8270311951637268,0.1813427358865738,1e-06,0.9395133256912231,0.9907146692276001,0.9907218813896179,0.9969075918197632,0.9904460310935974,0.8212946653366089,0.18910397589206696,0.9419682025909424,0.9902000427246094,0.9902191162109375,0.9967346787452698
66,0.9908226728439331,0.8247658014297485,0.18321549892425537,1e-06,0.9369443655014038,0.9905596375465393,0.9905709624290466,0.9968557357788086,0.9905162453651428,0.8217480182647705,0.1882193684577942,0.9431930780410767,0.9902706742286682,0.9902886748313904,0.9967578053474426
67,0.9906238317489624,0.8258203268051147,0.18105605244636536,1e-06,0.937171459197998,0.990353524684906,0.9903636574745178,0.9967867732048035,0.9904538989067078,0.8218285441398621,0.18878187239170074,0.9416404962539673,0.9902056455612183,0.9902244806289673,0.9967371821403503
68,0.9909874200820923,0.8257710933685303,0.18198667466640472,1e-06,0.9363815188407898,0.9907153248786926,0.9907258152961731,0.9969086050987244,0.9905303716659546,0.822189450263977,0.1884835958480835,0.943997859954834,0.9902829527854919,0.9902998805046082,0.9967623949050903
69,0.9908131957054138,0.8210111260414124,0.18855518102645874,1e-06,0.9385907649993896,0.9905439019203186,0.9905539751052856,0.9968494176864624,0.9906391501426697,0.8228139877319336,0.18711324036121368,0.9446017742156982,0.9903913140296936,0.9904110431671143,0.9967979192733765
70,0.9909693598747253,0.8300048112869263,0.17786139249801636,1e-06,0.9381870031356812,0.9906983375549316,0.990709662437439,0.9969006776809692,0.9905948042869568,0.8216459155082703,0.18811078369617462,0.9443663358688354,0.9903517961502075,0.9903702735900879,0.9967873096466064
71,0.9908430576324463,0.8210969567298889,0.18605968356132507,1e-06,0.9360803365707397,0.9905794262886047,0.9905887246131897,0.9968616366386414,0.9905347228050232,0.8223877549171448,0.1877068430185318,0.9407933950424194,0.9902852177619934,0.9903042316436768,0.9967628717422485
72,0.9908304214477539,0.8312671780586243,0.17655658721923828,1e-06,0.9368573427200317,0.9905635118484497,0.9905745387077332,0.9968558549880981,0.9905709028244019,0.823025643825531,0.18779610097408295,0.9424264430999756,0.9903231859207153,0.9903420805931091,0.9967758655548096
73,0.991230309009552,0.8317476511001587,0.17651551961898804,1e-06,0.9375011920928955,0.9909626245498657,0.9909693002700806,0.9969886541366577,0.9903669357299805,0.8228240609169006,0.1876947283744812,0.9392691850662231,0.9901216626167297,0.9901416301727295,0.9967095255851746
74,0.9909234046936035,0.8267253041267395,0.18111969530582428,1e-06,0.9362599849700928,0.990663468837738,0.990672767162323,0.996889054775238,0.9905794858932495,0.8229465484619141,0.18727554380893707,0.9425915479660034,0.9903333187103271,0.9903536438941956,0.9967795610427856
75,0.9911202788352966,0.8324956297874451,0.17516562342643738,1e-06,0.93650883436203,0.9908561110496521,0.9908621311187744,0.9969529509544373,0.9906084537506104,0.8231230974197388,0.18784935772418976,0.9436986446380615,0.9903624653816223,0.9903815984725952,0.9967907071113586
76,0.9907932281494141,0.8234884142875671,0.18523672223091125,1e-06,0.9399736523628235,0.9905313849449158,0.9905439019203186,0.9968448281288147,0.9905311465263367,0.8235384821891785,0.1872299164533615,0.9431015253067017,0.9902843832969666,0.9903048872947693,0.9967629313468933
77,0.9910780787467957,0.8302863836288452,0.17807194590568542,1e-06,0.9406800866127014,0.9908196330070496,0.9908308386802673,0.9969421029090881,0.990524411201477,0.8233123421669006,0.18660561740398407,0.9430056810379028,0.9902782440185547,0.9902980923652649,0.9967614412307739
78,0.9906699657440186,0.8244047164916992,0.18321847915649414,1e-06,0.9374512434005737,0.9904040694236755,0.9904129505157471,0.9968031048774719,0.9905881881713867,0.8233922719955444,0.1864674985408783,0.9439147114753723,0.99034184217453,0.990361750125885,0.9967823028564453
79,0.9910187721252441,0.8291214108467102,0.17914004623889923,1e-06,0.9393482804298401,0.9907575249671936,0.9907644987106323,0.9969213008880615,0.9905375838279724,0.8239482045173645,0.18631672859191895,0.9425883293151855,0.9902923703193665,0.9903109073638916,0.9967648983001709
80,0.9910455942153931,0.8265374302864075,0.18209382891654968,1e-06,0.9397043585777283,0.9907858967781067,0.9907973408699036,0.9969304800033569,0.9905266165733337,0.8239552974700928,0.18620596826076508,0.9402309656143188,0.9902792572975159,0.9902984499931335,0.9967618584632874
81,0.9910346269607544,0.8301653265953064,0.17843827605247498,1e-06,0.938469409942627,0.9907708168029785,0.9907823801040649,0.9969251751899719,0.9906325936317444,0.8240445852279663,0.18622641265392303,0.941619873046875,0.9903841614723206,0.990404486656189,0.996798038482666
82,0.9910802245140076,0.831865668296814,0.17600849270820618,1e-06,0.9383456707000732,0.9908129572868347,0.9908260703086853,0.9969382882118225,0.990654468536377,0.8230754733085632,0.18697594106197357,0.9459080696105957,0.9904096722602844,0.9904287457466125,0.9968050122261047
83,0.9907602667808533,0.8217517137527466,0.18766288459300995,1e-06,0.9360812902450562,0.9904940128326416,0.9905003309249878,0.9968335628509521,0.9906492829322815,0.8238431811332703,0.18640020489692688,0.9427022933959961,0.9904029965400696,0.9904219508171082,0.9968007802963257
84,0.9910561442375183,0.8251614570617676,0.18180301785469055,1e-06,0.938979983329773,0.9907994270324707,0.9908092021942139,0.9969353675842285,0.9906573295593262,0.8238076567649841,0.18625380098819733,0.9413387775421143,0.9904103875160217,0.9904286861419678,0.99680495262146
85,0.9908968210220337,0.8260872960090637,0.1819116622209549,1e-06,0.9366326332092285,0.9906259775161743,0.9906354546546936,0.9968766570091248,0.9906459450721741,0.8234057426452637,0.1873144656419754,0.9418548345565796,0.9903979301452637,0.9904149174690247,0.9968023300170898
86,0.9908981919288635,0.8276481628417969,0.18243327736854553,1e-06,0.937458872795105,0.9906324148178101,0.9906430840492249,0.996879518032074,0.9906057715415955,0.8236255049705505,0.18678902089595795,0.9441006183624268,0.9903591871261597,0.9903795719146729,0.9967876672744751
87,0.9911541938781738,0.8316155672073364,0.17427381873130798,1e-06,0.9401426315307617,0.9908859133720398,0.9908958077430725,0.9969644546508789,0.9905093312263489,0.8237637877464294,0.1866627335548401,0.9430636167526245,0.9902637004852295,0.9902836680412292,0.9967550039291382
88,0.9910199642181396,0.8281059861183167,0.17885708808898926,1e-06,0.9381892681121826,0.9907572269439697,0.9907675981521606,0.9969205856323242,0.9906115531921387,0.8234915137290955,0.186883807182312,0.9451186656951904,0.9903654456138611,0.9903844594955444,0.9967904686927795
89,0.9912387728691101,0.8333821892738342,0.17429786920547485,1e-06,0.9386182427406311,0.9909664988517761,0.9909803867340088,0.9969906210899353,0.9906321167945862,0.8240529894828796,0.18625223636627197,0.9427255392074585,0.9903834462165833,0.9904041886329651,0.9967955946922302
90,0.9907907843589783,0.8204519748687744,0.18697524070739746,1e-06,0.9368974566459656,0.9905179142951965,0.9905298948287964,0.9968417286872864,0.9906107187271118,0.823307454586029,0.1877507120370865,0.9416099190711975,0.9903590083122253,0.9903788566589355,0.9967888593673706
91,0.9911195635795593,0.8229925632476807,0.1836213320493698,1e-06,0.9410125017166138,0.9908589124679565,0.9908701777458191,0.9969545006752014,0.9906479120254517,0.8236794471740723,0.18632842600345612,0.9467726349830627,0.9904027581214905,0.9904221296310425,0.99680095911026
92,0.9910910725593567,0.8223707675933838,0.1851430982351303,1e-06,0.9404473304748535,0.9908421039581299,0.9908492565155029,0.9969488382339478,0.9905266165733337,0.8230687379837036,0.18758857250213623,0.9398477077484131,0.9902769923210144,0.9902961254119873,0.9967615604400635
93,0.9912846088409424,0.832508385181427,0.17519548535346985,1e-06,0.9395981431007385,0.9910200238227844,0.9910302758216858,0.9970080256462097,0.9906917214393616,0.8243526816368103,0.18638789653778076,0.9466487169265747,0.9904440641403198,0.9904621839523315,0.9968162775039673
94,0.9911280274391174,0.8318653702735901,0.17331336438655853,1e-06,0.9419742226600647,0.9908592700958252,0.9908685684204102,0.9969547390937805,0.990706205368042,0.8239211440086365,0.18649940192699432,0.9481066465377808,0.9904573559761047,0.9904773831367493,0.9968212842941284
95,0.9910598397254944,0.8269339799880981,0.18039441108703613,1e-06,0.9442805051803589,0.9907955527305603,0.9908080101013184,0.9969337582588196,0.9906090497970581,0.8238264918327332,0.18625867366790771,0.94548499584198,0.9903679490089417,0.990389347076416,0.9967911839485168
96,0.9911321997642517,0.8291410803794861,0.1772797703742981,1e-06,0.9382100105285645,0.9908710718154907,0.990882158279419,0.9969585537910461,0.9906877875328064,0.8250287175178528,0.18553116917610168,0.9417570233345032,0.9904404878616333,0.990458607673645,0.9968163967132568
97,0.9911170601844788,0.8286008834838867,0.17829369008541107,1e-06,0.9368404746055603,0.9908456206321716,0.9908562302589417,0.9969490170478821,0.9906945824623108,0.8242490291595459,0.18553079664707184,0.9443931579589844,0.9904510974884033,0.9904706478118896,0.9968184232711792
98,0.9910712838172913,0.8330632448196411,0.17426909506320953,1e-06,0.937437891960144,0.9907991886138916,0.9908123016357422,0.9969344735145569,0.990659773349762,0.8234457969665527,0.18624454736709595,0.9432998895645142,0.9904147386550903,0.9904356002807617,0.9968069791793823
99,0.9910078644752502,0.8329992890357971,0.17325110733509064,1e-06,0.9373946189880371,0.9907400608062744,0.9907518029212952,0.996915340423584,0.9906242489814758,0.8237408995628357,0.18611960113048553,0.9420075416564941,0.9903752207756042,0.9903950095176697,0.9967928528785706
100,0.9910696148872375,0.8313237428665161,0.1776953488588333,1e-06,0.9380260705947876,0.9908139705657959,0.9908252954483032,0.9969397187232971,0.9906336665153503,0.8228811621665955,0.18676520884037018,0.9465379118919373,0.9903886914253235,0.9904091954231262,0.9967968463897705
101,0.9913700819015503,0.8348473906517029,0.17042340338230133,1e-06,0.9409514665603638,0.9911057353019714,0.9911174178123474,0.9970365166664124,0.9906330108642578,0.8240854740142822,0.18588924407958984,0.9451292753219604,0.9903859496116638,0.9904060363769531,0.9967975616455078
102,0.9911220073699951,0.8314647078514099,0.1764194816350937,1e-06,0.9405446648597717,0.9908555150032043,0.9908679127693176,0.9969528913497925,0.9906777143478394,0.8255978226661682,0.18438845872879028,0.9423242807388306,0.9904268980026245,0.9904478788375854,0.9968113303184509
103,0.9910008907318115,0.8318585157394409,0.175583153963089,1e-06,0.9374393224716187,0.9907325506210327,0.990740954875946,0.9969122409820557,0.9907767176628113,0.8259280920028687,0.18397186696529388,0.9446913003921509,0.9905315041542053,0.9905489683151245,0.996845006942749
104,0.9911553263664246,0.829681396484375,0.1783122718334198,1e-06,0.9393249750137329,0.990883469581604,0.9908924698829651,0.9969619512557983,0.9907681345939636,0.8257497549057007,0.1844598799943924,0.9468973875045776,0.9905192852020264,0.9905387163162231,0.996842622756958
105,0.9912547469139099,0.8357242345809937,0.17050033807754517,1e-06,0.9404306411743164,0.9909826517105103,0.9909953474998474,0.9969949722290039,0.9907433986663818,0.8251252770423889,0.18465647101402283,0.9479166865348816,0.9904965162277222,0.9905165433883667,0.9968327879905701
106,0.9912649393081665,0.8337777853012085,0.17407655715942383,1e-06,0.943681001663208,0.9909979701042175,0.9910115003585815,0.9970011711120605,0.9907361268997192,0.8245875239372253,0.1859019547700882,0.9468939304351807,0.9904868006706238,0.9905057549476624,0.9968323707580566
107,0.991231381893158,0.8301587104797363,0.17783157527446747,1e-06,0.9419132471084595,0.9909566044807434,0.9909687042236328,0.99698805809021,0.9907669425010681,0.8247819542884827,0.18554356694221497,0.9505196213722229,0.9905233979225159,0.9905416369438171,0.9968441724777222
108,0.9911432266235352,0.8275363445281982,0.17917156219482422,1e-06,0.9428924322128296,0.9908789396286011,0.9908897876739502,0.9969607591629028,0.9906815886497498,0.825215220451355,0.185372993350029,0.9474563598632812,0.9904341101646423,0.9904544949531555,0.9968144297599792
109,0.9911705255508423,0.8349851965904236,0.172049880027771,1e-06,0.9429069757461548,0.9909085035324097,0.9909142851829529,0.9969711899757385,0.9907799959182739,0.8254278302192688,0.18485364317893982,0.9504634141921997,0.9905335307121277,0.990552544593811,0.9968477487564087
110,0.991341233253479,0.8302798271179199,0.17749883234500885,1e-06,0.9449760913848877,0.9910704493522644,0.9910845756530762,0.9970250725746155,0.9907475709915161,0.8258355259895325,0.18467232584953308,0.9500828981399536,0.9905030727386475,0.990521252155304,0.996836245059967
111,0.9914515018463135,0.8295910954475403,0.17708022892475128,1e-06,0.9469476342201233,0.9911869168281555,0.9911990165710449,0.9970640540122986,0.9907206892967224,0.8251423239707947,0.18544445931911469,0.9482922554016113,0.9904739260673523,0.99049311876297,0.9968259930610657
112,0.9914993643760681,0.8321420550346375,0.17441906034946442,1e-06,0.9471639394760132,0.9912374019622803,0.9912510514259338,0.9970793724060059,0.9908592700958252,0.8251076936721802,0.18514828383922577,0.9513518810272217,0.9906131029129028,0.9906328320503235,0.996873140335083
113,0.9915826916694641,0.8385153412818909,0.1691943109035492,1e-06,0.9467980861663818,0.9913171529769897,0.9913273453712463,0.9971065521240234,0.9908260107040405,0.8255757093429565,0.18509694933891296,0.9543223977088928,0.9905826449394226,0.9906021952629089,0.9968637228012085
114,0.9913632869720459,0.8328267931938171,0.17379066348075867,1e-06,0.9495617151260376,0.9911017417907715,0.9911121129989624,0.9970343112945557,0.99085932970047,0.8252897262573242,0.1847640872001648,0.9531068801879883,0.9906117916107178,0.990630567073822,0.9968719482421875
115,0.991472065448761,0.8362677693367004,0.16888205707073212,1e-06,0.947166919708252,0.991193950176239,0.9912058115005493,0.9970667362213135,0.9908793568611145,0.8258920311927795,0.18466147780418396,0.9526989459991455,0.9906339645385742,0.9906532168388367,0.9968807101249695
116,0.9914912581443787,0.8338802456855774,0.17258593440055847,1e-06,0.9481915235519409,0.9912278056144714,0.991237461566925,0.9970772862434387,0.9907463788986206,0.8256798982620239,0.18444354832172394,0.9509075880050659,0.9905000329017639,0.9905205368995667,0.996836245059967
117,0.9911774396896362,0.8308342695236206,0.17560313642024994,1e-06,0.9486639499664307,0.9909112453460693,0.9909225106239319,0.9969720840454102,0.9908326864242554,0.8257582783699036,0.1842297464609146,0.9511014819145203,0.9905834794044495,0.9906031489372253,0.996863067150116
118,0.9913787245750427,0.8330489993095398,0.17364253103733063,1e-06,0.9459526538848877,0.9911112785339355,0.991121232509613,0.9970395565032959,0.9908256530761719,0.8254067897796631,0.18450194597244263,0.9520390629768372,0.9905796051025391,0.9906013011932373,0.9968613386154175
119,0.9910895228385925,0.8346678614616394,0.17172804474830627,1e-06,0.9439938068389893,0.9908268451690674,0.9908344149589539,0.9969438910484314,0.9907528162002563,0.825864851474762,0.18449659645557404,0.9477183818817139,0.99050372838974,0.9905242323875427,0.9968371391296387
120,0.9912723302841187,0.8293246030807495,0.17603997886180878,1e-06,0.9432498216629028,0.9910002946853638,0.9910091757774353,0.9970014691352844,0.9907786846160889,0.8257507085800171,0.1844884753227234,0.9493607878684998,0.9905323386192322,0.9905515313148499,0.9968441724777222
121,0.9915814995765686,0.8401551246643066,0.16583487391471863,1e-06,0.9448833465576172,0.9913060665130615,0.9913150072097778,0.9971035122871399,0.9907668828964233,0.8259194493293762,0.18417665362358093,0.9505436420440674,0.9905210733413696,0.9905397295951843,0.9968409538269043
122,0.9913066625595093,0.8288336992263794,0.17935533821582794,1e-06,0.9456925392150879,0.9910447001457214,0.9910529851913452,0.997016191482544,0.9907309412956238,0.8250905275344849,0.18454493582248688,0.9520899057388306,0.9904894828796387,0.9905109405517578,0.9968307018280029
123,0.9913924336433411,0.8279392123222351,0.17960157990455627,1e-06,0.9501287937164307,0.9911301136016846,0.9911428093910217,0.997044563293457,0.9907352328300476,0.8241191506385803,0.18582512438297272,0.9509972333908081,0.9904916882514954,0.9905113577842712,0.9968311786651611
124,0.9916161894798279,0.8320881128311157,0.1747090071439743,1e-06,0.9479041695594788,0.9913415908813477,0.9913567304611206,0.9971166253089905,0.9908599853515625,0.8234790563583374,0.18595053255558014,0.9547727108001709,0.9906156063079834,0.9906366467475891,0.996874988079071
125,0.991466224193573,0.8353809714317322,0.1705763041973114,1e-06,0.9478180408477783,0.9911963939666748,0.9912093877792358,0.9970660209655762,0.9908633232116699,0.8244916796684265,0.18516983091831207,0.9523561000823975,0.9906184673309326,0.9906387329101562,0.9968739151954651
126,0.9914477467536926,0.8304592370986938,0.17664405703544617,1e-06,0.9477971792221069,0.9911757707595825,0.9911858439445496,0.9970598816871643,0.9908705353736877,0.825388491153717,0.1846642941236496,0.9518872499465942,0.9906250238418579,0.9906452894210815,0.9968763589859009
127,0.9915975332260132,0.8324945569038391,0.17499738931655884,1e-06,0.947878360748291,0.9913318753242493,0.9913461804389954,0.9971123933792114,0.9908215999603271,0.825851321220398,0.1839943826198578,0.9502727389335632,0.9905737638473511,0.9905927777290344,0.9968589544296265
128,0.9912810325622559,0.8336617946624756,0.17383050918579102,1e-06,0.944756269454956,0.99101322889328,0.9910221099853516,0.99700528383255,0.9908437728881836,0.8264976739883423,0.18337813019752502,0.9500672817230225,0.990595817565918,0.9906176328659058,0.9968675971031189
129,0.9914461970329285,0.8356090784072876,0.17099836468696594,1e-06,0.9467356204986572,0.99117112159729,0.991184413433075,0.9970591068267822,0.9909130930900574,0.8269615173339844,0.18282157182693481,0.9520948529243469,0.9906685948371887,0.990687370300293,0.9968920946121216
130,0.9915356636047363,0.8366680145263672,0.1692034900188446,1e-06,0.9464744329452515,0.9912539720535278,0.991265058517456,0.9970867037773132,0.9908865094184875,0.8273195028305054,0.18276581168174744,0.9500373005867004,0.9906376600265503,0.9906591773033142,0.996881902217865
131,0.9914070963859558,0.8274072408676147,0.18027062714099884,1e-06,0.9465063810348511,0.9911423325538635,0.9911552667617798,0.9970484375953674,0.9908689856529236,0.8260791897773743,0.18428468704223633,0.9500786662101746,0.9906237125396729,0.9906443953514099,0.9968763589859009
132,0.9914414286613464,0.8318088054656982,0.17420955002307892,1e-06,0.9474631547927856,0.9911695122718811,0.9911788105964661,0.9970583319664001,0.9908928871154785,0.8272818326950073,0.1828632652759552,0.95207679271698,0.9906489253044128,0.990667998790741,0.9968851804733276
133,0.991298496723175,0.8321865797042847,0.17471161484718323,1e-06,0.9486079812049866,0.9910286068916321,0.9910421371459961,0.9970108270645142,0.9908737540245056,0.8267143368721008,0.18334463238716125,0.9505648612976074,0.9906284809112549,0.9906496405601501,0.9968782067298889
134,0.991264820098877,0.8293855786323547,0.17732885479927063,1e-06,0.9465962648391724,0.9909908175468445,0.991001546382904,0.9969974756240845,0.9908934235572815,0.8271936774253845,0.18352508544921875,0.9507902264595032,0.9906474351882935,0.9906653165817261,0.9968843460083008
135,0.991487443447113,0.8399651050567627,0.16798366606235504,1e-06,0.9468079805374146,0.9912208318710327,0.9912309646606445,0.9970740079879761,0.9908971190452576,0.8270182013511658,0.18331369757652283,0.953687846660614,0.9906548261642456,0.9906764030456543,0.9968865513801575
136,0.9914216995239258,0.8319857716560364,0.17438450455665588,1e-06,0.9481168985366821,0.9911513328552246,0.9911627769470215,0.9970519542694092,0.9909341335296631,0.8267114758491516,0.18345893919467926,0.9533590078353882,0.9906900525093079,0.9907105565071106,0.9968978762626648
137,0.9914347529411316,0.8390255570411682,0.16689658164978027,1e-06,0.9479237794876099,0.9911580085754395,0.9911682605743408,0.9970545172691345,0.9908980131149292,0.8270833492279053,0.18266646564006805,0.9524462223052979,0.99065101146698,0.9906735420227051,0.9968839287757874
138,0.9914240837097168,0.8325982689857483,0.1729286015033722,1e-06,0.9499479532241821,0.991158664226532,0.9911726117134094,0.9970536828041077,0.9909521341323853,0.8271932005882263,0.18233633041381836,0.9521849155426025,0.9907051920890808,0.9907246232032776,0.9969037175178528
139,0.9913718700408936,0.8380122184753418,0.1686347872018814,1e-06,0.9475834965705872,0.9911022186279297,0.9911139011383057,0.9970352053642273,0.9909376502037048,0.8268129825592041,0.18278978765010834,0.9520854949951172,0.9906899929046631,0.9907098412513733,0.9968990087509155
140,0.991744339466095,0.8360576629638672,0.17065514624118805,1e-06,0.9493635892868042,0.9914646148681641,0.9914795160293579,0.9971567988395691,0.9910088181495667,0.8264601230621338,0.18422049283981323,0.9538263082504272,0.9907602071762085,0.9907795786857605,0.9969207048416138
141,0.9913087487220764,0.8335835933685303,0.17349886894226074,1e-06,0.9487597942352295,0.9910441040992737,0.9910565614700317,0.9970159530639648,0.9908984303474426,0.8270471692085266,0.182960644364357,0.9531372785568237,0.9906543493270874,0.9906757473945618,0.9968864321708679
142,0.9918642044067383,0.8415753841400146,0.16486434638500214,1e-06,0.951468825340271,0.9915952682495117,0.9916074275970459,0.9971998929977417,0.9909418821334839,0.826826274394989,0.18321609497070312,0.9553321599960327,0.9907017946243286,0.9907221794128418,0.9969028830528259
143,0.991594672203064,0.8356347680091858,0.1721159815788269,1e-06,0.9513431191444397,0.9913316965103149,0.9913427233695984,0.9971116185188293,0.9910566806793213,0.8268605470657349,0.1828266680240631,0.95619797706604,0.9908155202865601,0.9908350110054016,0.9969414472579956
144,0.9914069175720215,0.8327746987342834,0.1748669445514679,1e-06,0.9482594728469849,0.9911412000656128,0.9911513328552246,0.9970472455024719,0.9908947348594666,0.826254665851593,0.1833813339471817,0.9522389769554138,0.9906484484672546,0.9906683564186096,0.9968848824501038
145,0.9917007684707642,0.8407126069068909,0.16743341088294983,1e-06,0.9495943784713745,0.9914302229881287,0.9914398789405823,0.9971446990966797,0.9908443093299866,0.8265189528465271,0.18344439566135406,0.953982412815094,0.9906045794487,0.9906257390975952,0.9968699216842651
146,0.9914993643760681,0.8343443274497986,0.17196674644947052,1e-06,0.9486844539642334,0.9912276864051819,0.9912400245666504,0.9970769882202148,0.9909517765045166,0.8270020484924316,0.18296289443969727,0.9537217617034912,0.9907085299491882,0.9907296895980835,0.9969052672386169
147,0.9915302991867065,0.8325074315071106,0.17358097434043884,1e-06,0.9475611448287964,0.9912595748901367,0.9912713766098022,0.997088611125946,0.9909900426864624,0.8272413611412048,0.18261581659317017,0.9528523683547974,0.9907495379447937,0.9907695651054382,0.996917724609375
148,0.9916216135025024,0.8369045257568359,0.16967469453811646,1e-06,0.9489531517028809,0.9913516640663147,0.9913641214370728,0.9971194267272949,0.9909834861755371,0.8279775977134705,0.18168823421001434,0.951545000076294,0.9907376170158386,0.99075847864151,0.9969139695167542
149,0.9916982054710388,0.8332479000091553,0.17353561520576477,1e-06,0.9458834528923035,0.9914283156394958,0.9914419054985046,0.9971432685852051,0.9910252094268799,0.8266843557357788,0.183476522564888,0.9515798091888428,0.9907786846160889,0.9908000826835632,0.9969291687011719
150,0.9914751648902893,0.8403085470199585,0.1649356186389923,1e-06,0.9471743702888489,0.9912024140357971,0.9912140369415283,0.997069239616394,0.9909633994102478,0.8274349570274353,0.1825229525566101,0.9533822536468506,0.9907209873199463,0.990741491317749,0.9969087839126587
151,0.9913337826728821,0.8303714394569397,0.17705032229423523,1e-06,0.9481064677238464,0.9910684823989868,0.9910809397697449,0.9970236420631409,0.9910578727722168,0.8276476263999939,0.18241718411445618,0.954418420791626,0.9908143281936646,0.9908351898193359,0.9969417452812195
152,0.9911757111549377,0.8372360467910767,0.17071877419948578,1e-06,0.9490713477134705,0.9909124970436096,0.9909252524375916,0.9969719648361206,0.9909365177154541,0.8276758790016174,0.1822444051504135,0.9499332904815674,0.9906916618347168,0.9907124042510986,0.9968991875648499
153,0.9918052554130554,0.8380472660064697,0.16851887106895447,1e-06,0.9485733509063721,0.9915286302566528,0.9915404319763184,0.9971768260002136,0.9910756349563599,0.8275347352027893,0.1823018193244934,0.9543033838272095,0.9908318519592285,0.9908515810966492,0.9969451427459717
154,0.991515576839447,0.839089035987854,0.16773439943790436,1e-06,0.9464001059532166,0.9912407994270325,0.9912516474723816,0.9970821142196655,0.99094158411026,0.8277630805969238,0.1820654422044754,0.9505795240402222,0.9906937479972839,0.9907150864601135,0.9969005584716797
155,0.9918500781059265,0.8409366011619568,0.165097177028656,1e-06,0.9492471814155579,0.9915791153907776,0.991590142250061,0.9971950054168701,0.9910441637039185,0.8278142213821411,0.18240277469158173,0.9534109830856323,0.9907990097999573,0.990821123123169,0.9969351887702942
156,0.9917901158332825,0.833638072013855,0.1719909906387329,1e-06,0.9500205516815186,0.9915205836296082,0.9915319085121155,0.9971745014190674,0.9910288453102112,0.8271939158439636,0.18252389132976532,0.9531807899475098,0.9907825589179993,0.9908024072647095,0.9969279766082764
157,0.9915891885757446,0.8340872526168823,0.17240025103092194,1e-06,0.9511580467224121,0.991322934627533,0.9913374781608582,0.9971083998680115,0.9910068511962891,0.828345775604248,0.18142694234848022,0.9523362517356873,0.9907627105712891,0.9907844066619873,0.9969211220741272
158,0.9917464852333069,0.8385024070739746,0.16870421171188354,1e-06,0.9499953389167786,0.9914771318435669,0.9914886951446533,0.9971603751182556,0.9910334348678589,0.8282515406608582,0.18147273361682892,0.9532660841941833,0.9907891154289246,0.9908097982406616,0.9969305396080017
159,0.9915246367454529,0.8332396149635315,0.17401786148548126,1e-06,0.9472479820251465,0.9912537932395935,0.9912663698196411,0.9970867037773132,0.9910707473754883,0.8285350203514099,0.1817878931760788,0.9544615745544434,0.9908280372619629,0.9908497333526611,0.9969451427459717
160,0.9914411902427673,0.8329366445541382,0.17276990413665771,1e-06,0.9488615989685059,0.991169810295105,0.9911828637123108,0.9970577955245972,0.9910280108451843,0.828434407711029,0.18117474019527435,0.9532963037490845,0.9907825589179993,0.9908035397529602,0.9969300031661987
161,0.9915005564689636,0.8310047388076782,0.17627020180225372,1e-06,0.949103593826294,0.9912316203117371,0.9912402033805847,0.9970774054527283,0.9910083413124084,0.8278562426567078,0.18193937838077545,0.9517278671264648,0.9907645583152771,0.9907858967781067,0.9969227910041809
162,0.9914069771766663,0.8325003385543823,0.17405159771442413,1e-06,0.9461690187454224,0.991132378578186,0.9911451935768127,0.9970455169677734,0.9909701943397522,0.8285978436470032,0.18116331100463867,0.9478886127471924,0.9907237887382507,0.9907448291778564,0.9969094395637512
163,0.9916998744010925,0.8410520553588867,0.16563494503498077,1e-06,0.9473780393600464,0.9914292693138123,0.9914423227310181,0.9971450567245483,0.9910546541213989,0.8275503516197205,0.18228863179683685,0.9536203145980835,0.990809440612793,0.9908311367034912,0.9969373941421509
164,0.9916768074035645,0.8371305465698242,0.1689981371164322,1e-06,0.9478323459625244,0.991402268409729,0.9914107918739319,0.9971351623535156,0.9910973310470581,0.8279028534889221,0.18150632083415985,0.953423261642456,0.9908515810966492,0.9908710718154907,0.9969514012336731
165,0.9914951920509338,0.8332342505455017,0.1736859232187271,1e-06,0.9486373662948608,0.9912251234054565,0.9912366271018982,0.9970773458480835,0.9910604953765869,0.8283682465553284,0.18123774230480194,0.9532027840614319,0.9908152222633362,0.9908365607261658,0.9969397187232971
166,0.9916694760322571,0.8354578018188477,0.17153967916965485,1e-06,0.9498550891876221,0.9913989901542664,0.9914133548736572,0.9971343278884888,0.9910982251167297,0.828596830368042,0.18124637007713318,0.9536111354827881,0.9908517003059387,0.990871012210846,0.9969523549079895
167,0.9917746782302856,0.8394097685813904,0.16785696148872375,1e-06,0.9496631622314453,0.9915050864219666,0.9915165901184082,0.9971698522567749,0.9910699725151062,0.8281763195991516,0.18176230788230896,0.9552232027053833,0.9908251762390137,0.9908469915390015,0.9969456195831299
168,0.9917274117469788,0.8422618508338928,0.1641632318496704,1e-06,0.9502266645431519,0.991456925868988,0.9914666414260864,0.9971537590026855,0.9910971522331238,0.8277492523193359,0.18256771564483643,0.9552429914474487,0.9908538460731506,0.990874707698822,0.9969536662101746
169,0.9914190769195557,0.8321598172187805,0.1744113266468048,1e-06,0.948654294013977,0.9911507368087769,0.9911613464355469,0.9970517158508301,0.9909906387329102,0.8281381726264954,0.18169820308685303,0.9519349336624146,0.9907448887825012,0.9907662868499756,0.9969162344932556
170,0.991690456867218,0.8373328447341919,0.16949450969696045,1e-06,0.9501768946647644,0.9914227724075317,0.9914345145225525,0.997143030166626,0.9911560416221619,0.8283523321151733,0.18130511045455933,0.9552427530288696,0.9909141659736633,0.9909343719482422,0.9969720244407654
171,0.9917412400245667,0.8413600325584412,0.16535548865795135,1e-06,0.9499393701553345,0.9914752840995789,0.9914870262145996,0.9971610307693481,0.9911546111106873,0.8282254934310913,0.18131130933761597,0.9557921290397644,0.9909130930900574,0.9909332990646362,0.9969722032546997
172,0.9914580583572388,0.8369189500808716,0.16979195177555084,1e-06,0.9462336897850037,0.9911843538284302,0.9911978840827942,0.9970635175704956,0.9910516142845154,0.8281371593475342,0.1819663792848587,0.9514292478561401,0.9908047914505005,0.9908258318901062,0.996936023235321
173,0.9916595220565796,0.836560845375061,0.1703672707080841,1e-06,0.9501439332962036,0.99139404296875,0.9914035797119141,0.9971337914466858,0.9910305738449097,0.828667163848877,0.1813363879919052,0.9536231756210327,0.9907867908477783,0.9908087849617004,0.9969304800033569
174,0.9914637207984924,0.8261366486549377,0.18084508180618286,1e-06,0.9519227743148804,0.9911972284317017,0.9912126660346985,0.9970681667327881,0.9911608099937439,0.8279716968536377,0.18205325305461884,0.9569499492645264,0.9909207224845886,0.9909421801567078,0.9969757199287415
175,0.9915575981140137,0.8375856280326843,0.1686827689409256,1e-06,0.9508223533630371,0.9912875294685364,0.991297721862793,0.9970966577529907,0.991191029548645,0.8285397291183472,0.1812608391046524,0.9568812847137451,0.990947425365448,0.9909684658050537,0.9969841241836548
176,0.9919366836547852,0.8405689597129822,0.16640232503414154,1e-06,0.9513878226280212,0.9916645884513855,0.9916790723800659,0.9972217679023743,0.9911596179008484,0.8292887806892395,0.1806500107049942,0.9546788334846497,0.9909141063690186,0.9909358620643616,0.9969730377197266
177,0.9918882846832275,0.8414397239685059,0.1633566915988922,1e-06,0.9505263566970825,0.9916231036186218,0.9916352033615112,0.9972085952758789,0.9911485314369202,0.8299534320831299,0.180011585354805,0.9536045789718628,0.9909035563468933,0.9909248948097229,0.9969690442085266
178,0.9919144511222839,0.835905134677887,0.1705089509487152,1e-06,0.9506245851516724,0.9916463494300842,0.9916581511497498,0.9972171187400818,0.9911798238754272,0.8300966024398804,0.17963920533657074,0.9554561376571655,0.9909385442733765,0.9909587502479553,0.996981143951416
179,0.9916134476661682,0.8299269676208496,0.1757936179637909,1e-06,0.9502816200256348,0.9913451075553894,0.9913579821586609,0.9971151351928711,0.9912371635437012,0.8302687406539917,0.17947092652320862,0.9533290863037109,0.9909929037094116,0.9910144209861755,0.9969990253448486
180,0.9915587902069092,0.8375051021575928,0.16837678849697113,1e-06,0.9486315250396729,0.9912911057472229,0.9913062453269958,0.997097909450531,0.9911436438560486,0.8303678631782532,0.17912763357162476,0.9523376226425171,0.990900993347168,0.9909229278564453,0.9969677925109863
181,0.9919674396514893,0.8395714163780212,0.16631312668323517,1e-06,0.948611319065094,0.9916906952857971,0.9917025566101074,0.9972319602966309,0.9911888837814331,0.8305906653404236,0.17899563908576965,0.9533892869949341,0.9909443855285645,0.990967333316803,0.9969837069511414
182,0.9919421076774597,0.8395190834999084,0.16665992140769958,1e-06,0.9491101503372192,0.9916697144508362,0.9916824698448181,0.9972240328788757,0.9911916255950928,0.8304797410964966,0.17945855855941772,0.9525316953659058,0.9909465909004211,0.9909679293632507,0.9969837069511414
183,0.99192214012146,0.8395739793777466,0.16602906584739685,1e-06,0.9472191333770752,0.9916412234306335,0.9916525483131409,0.9972155094146729,0.9911670088768005,0.8294423222541809,0.18079891800880432,0.9540471434593201,0.9909219145774841,0.9909433722496033,0.9969774484634399
184,0.9918615221977234,0.8410859704017639,0.16418103873729706,1e-06,0.948801577091217,0.991585373878479,0.991595983505249,0.9971966743469238,0.9912105798721313,0.83002108335495,0.1801227331161499,0.9557821750640869,0.990969181060791,0.9909895658493042,0.9969909191131592
185,0.9917333126068115,0.8362681865692139,0.17051444947719574,1e-06,0.950930118560791,0.991470992565155,0.991486132144928,0.9971581101417542,0.9909453988075256,0.8302199840545654,0.179762065410614,0.9513814449310303,0.9907031655311584,0.9907263517379761,0.9969037771224976
186,0.9916219711303711,0.8317533135414124,0.17515598237514496,1e-06,0.9507931470870972,0.9913583397865295,0.9913718700408936,0.997119665145874,0.9911292791366577,0.8303597569465637,0.17953933775424957,0.9543741941452026,0.9908862113952637,0.9909071922302246,0.9969635009765625
187,0.9918334484100342,0.8446686863899231,0.16186371445655823,1e-06,0.9520271420478821,0.9915593266487122,0.9915700554847717,0.9971873164176941,0.991230845451355,0.8304876089096069,0.17953892052173615,0.9582135677337646,0.9909903407096863,0.9910118579864502,0.9969993233680725
188,0.9920664429664612,0.83946293592453,0.16638880968093872,1e-06,0.953988790512085,0.9917911291122437,0.991804301738739,0.9972648024559021,0.9912168383598328,0.8304098844528198,0.17918333411216736,0.956519603729248,0.9909741878509521,0.9909951090812683,0.9969928860664368
189,0.9919120669364929,0.8474001288414001,0.1580011248588562,1e-06,0.9512518048286438,0.9916419982910156,0.9916540384292603,0.9972153902053833,0.9911986589431763,0.8295863270759583,0.18021956086158752,0.956059992313385,0.9909545183181763,0.9909763336181641,0.9969878792762756
190,0.9914482831954956,0.8364351391792297,0.17088092863559723,1e-06,0.9496861100196838,0.9911754727363586,0.991186797618866,0.997059166431427,0.9912373423576355,0.8300279974937439,0.17940250039100647,0.9567774534225464,0.9909950494766235,0.9910169839859009,0.9969996213912964
191,0.9918717741966248,0.8448063135147095,0.1606953740119934,1e-06,0.952925443649292,0.9915990829467773,0.9916111826896667,0.9972018003463745,0.9912233352661133,0.8298917412757874,0.17989373207092285,0.9561669826507568,0.9909788966178894,0.991000771522522,0.9969945549964905
192,0.99154132604599,0.8324383497238159,0.1743987649679184,1e-06,0.9513280391693115,0.9912696480751038,0.991280198097229,0.9970914721488953,0.99118572473526,0.8299071788787842,0.17927788197994232,0.9551733732223511,0.9909425973892212,0.9909664392471313,0.9969824552536011
193,0.9919636249542236,0.8407045006752014,0.16552729904651642,1e-06,0.9515717029571533,0.9916919469833374,0.9917064905166626,0.9972320795059204,0.9912173748016357,0.8301790356636047,0.17929695546627045,0.9551989436149597,0.9909712076187134,0.9909933805465698,0.9969933032989502
194,0.9918467402458191,0.8379189968109131,0.16910932958126068,1e-06,0.9517664909362793,0.9915750026702881,0.991588294506073,0.9971930980682373,0.9912973046302795,0.8300772905349731,0.17958354949951172,0.9576090574264526,0.9910532832145691,0.9910738468170166,0.9970207214355469
195,0.9918612837791443,0.8375738859176636,0.16880349814891815,1e-06,0.9533766508102417,0.9916008710861206,0.9916150569915771,0.9972010254859924,0.9912070631980896,0.83014976978302,0.1797039806842804,0.9552632570266724,0.9909642934799194,0.9909858107566833,0.996990442276001
196,0.9918342232704163,0.8449339866638184,0.16122129559516907,1e-06,0.9507790803909302,0.9915615916252136,0.9915745258331299,0.9971894025802612,0.9911367297172546,0.829841673374176,0.17994168400764465,0.953995406627655,0.9908925890922546,0.9909136295318604,0.9969644546508789
197,0.9919255375862122,0.8451251983642578,0.1613883376121521,1e-06,0.9504687786102295,0.9916597604751587,0.9916713833808899,0.9972204566001892,0.9912126064300537,0.829347550868988,0.1807076632976532,0.9545990228652954,0.9909684658050537,0.9909908771514893,0.9969912767410278
198,0.9917014241218567,0.8411141037940979,0.16592590510845184,1e-06,0.9510084390640259,0.9914274215698242,0.9914398193359375,0.9971436262130737,0.9911787509918213,0.8289583325386047,0.18102030456066132,0.9537246227264404,0.9909336566925049,0.99095618724823,0.9969776272773743
199,0.9920300841331482,0.8441377282142639,0.16300462186336517,1e-06,0.9538331031799316,0.9917587041854858,0.9917704463005066,0.9972543716430664,0.9912684559822083,0.8301676511764526,0.17942748963832855,0.9593578577041626,0.9910288453102112,0.9910511374473572,0.9970117211341858
